Archive member included to satisfy reference by file (symbol)

c:/ti/msp430-gcc/bin/../lib/gcc/msp430-elf/9.3.1/../../../../msp430-elf/lib/large\libc.a(lib_a-impure.o)
                              ./alpaca.o (_impure_ptr)
c:/ti/msp430-gcc/bin/../lib/gcc/msp430-elf/9.3.1/../../../../msp430-elf/lib/large\libc.a(lib_a-malloc.o)
                              ./AESoperations.o (malloc)
c:/ti/msp430-gcc/bin/../lib/gcc/msp430-elf/9.3.1/../../../../msp430-elf/lib/large\libc.a(lib_a-memcpy.o)
                              ./AESoperations.o (memcpy)
c:/ti/msp430-gcc/bin/../lib/gcc/msp430-elf/9.3.1/../../../../msp430-elf/lib/large\libc.a(lib_a-memset.o)
                              ./main_secureML_alpaca.o (memset)
c:/ti/msp430-gcc/bin/../lib/gcc/msp430-elf/9.3.1/../../../../msp430-elf/lib/large\libc.a(lib_a-nano-freer.o)
                              c:/ti/msp430-gcc/bin/../lib/gcc/msp430-elf/9.3.1/../../../../msp430-elf/lib/large\libc.a(lib_a-malloc.o) (_free_r)
c:/ti/msp430-gcc/bin/../lib/gcc/msp430-elf/9.3.1/../../../../msp430-elf/lib/large\libc.a(lib_a-nano-mallocr.o)
                              c:/ti/msp430-gcc/bin/../lib/gcc/msp430-elf/9.3.1/../../../../msp430-elf/lib/large\libc.a(lib_a-malloc.o) (_malloc_r)
c:/ti/msp430-gcc/bin/../lib/gcc/msp430-elf/9.3.1/../../../../msp430-elf/lib/large\libc.a(lib_a-printf.o)
                              ./AESoperations.o (printf)
c:/ti/msp430-gcc/bin/../lib/gcc/msp430-elf/9.3.1/../../../../msp430-elf/lib/large\libc.a(lib_a-putchar.o)
                              ./AESoperations.o (putchar)
c:/ti/msp430-gcc/bin/../lib/gcc/msp430-elf/9.3.1/../../../../msp430-elf/lib/large\libc.a(lib_a-putc.o)
                              c:/ti/msp430-gcc/bin/../lib/gcc/msp430-elf/9.3.1/../../../../msp430-elf/lib/large\libc.a(lib_a-putchar.o) (_putc_r)
c:/ti/msp430-gcc/bin/../lib/gcc/msp430-elf/9.3.1/../../../../msp430-elf/lib/large\libc.a(lib_a-puts.o)
                              ./AESoperations.o (puts)
c:/ti/msp430-gcc/bin/../lib/gcc/msp430-elf/9.3.1/../../../../msp430-elf/lib/large\libc.a(lib_a-sbrkr.o)
                              c:/ti/msp430-gcc/bin/../lib/gcc/msp430-elf/9.3.1/../../../../msp430-elf/lib/large\libc.a(lib_a-nano-mallocr.o) (_sbrk_r)
c:/ti/msp430-gcc/bin/../lib/gcc/msp430-elf/9.3.1/../../../../msp430-elf/lib/large\libc.a(lib_a-setvbuf.o)
                              ./alpaca.o (setvbuf)
c:/ti/msp430-gcc/bin/../lib/gcc/msp430-elf/9.3.1/../../../../msp430-elf/lib/large\libc.a(lib_a-strlen.o)
                              c:/ti/msp430-gcc/bin/../lib/gcc/msp430-elf/9.3.1/../../../../msp430-elf/lib/large\libc.a(lib_a-puts.o) (strlen)
c:/ti/msp430-gcc/bin/../lib/gcc/msp430-elf/9.3.1/../../../../msp430-elf/lib/large\libc.a(lib_a-wbuf.o)
                              c:/ti/msp430-gcc/bin/../lib/gcc/msp430-elf/9.3.1/../../../../msp430-elf/lib/large\libc.a(lib_a-putc.o) (__swbuf_r)
c:/ti/msp430-gcc/bin/../lib/gcc/msp430-elf/9.3.1/../../../../msp430-elf/lib/large\libc.a(lib_a-wsetup.o)
                              c:/ti/msp430-gcc/bin/../lib/gcc/msp430-elf/9.3.1/../../../../msp430-elf/lib/large\libc.a(lib_a-wbuf.o) (__swsetup_r)
c:/ti/msp430-gcc/bin/../lib/gcc/msp430-elf/9.3.1/../../../../msp430-elf/lib/large\libc.a(lib_a-fflush.o)
                              c:/ti/msp430-gcc/bin/../lib/gcc/msp430-elf/9.3.1/../../../../msp430-elf/lib/large\libc.a(lib_a-setvbuf.o) (_fflush_r)
c:/ti/msp430-gcc/bin/../lib/gcc/msp430-elf/9.3.1/../../../../msp430-elf/lib/large\libc.a(lib_a-findfp.o)
                              c:/ti/msp430-gcc/bin/../lib/gcc/msp430-elf/9.3.1/../../../../msp430-elf/lib/large\libc.a(lib_a-printf.o) (__sinit)
c:/ti/msp430-gcc/bin/../lib/gcc/msp430-elf/9.3.1/../../../../msp430-elf/lib/large\libc.a(lib_a-fvwrite.o)
                              c:/ti/msp430-gcc/bin/../lib/gcc/msp430-elf/9.3.1/../../../../msp430-elf/lib/large\libc.a(lib_a-puts.o) (__sfvwrite_r)
c:/ti/msp430-gcc/bin/../lib/gcc/msp430-elf/9.3.1/../../../../msp430-elf/lib/large\libc.a(lib_a-fwalk.o)
                              c:/ti/msp430-gcc/bin/../lib/gcc/msp430-elf/9.3.1/../../../../msp430-elf/lib/large\libc.a(lib_a-findfp.o) (_fwalk)
c:/ti/msp430-gcc/bin/../lib/gcc/msp430-elf/9.3.1/../../../../msp430-elf/lib/large\libc.a(lib_a-makebuf.o)
                              c:/ti/msp430-gcc/bin/../lib/gcc/msp430-elf/9.3.1/../../../../msp430-elf/lib/large\libc.a(lib_a-setvbuf.o) (__swhatbuf_r)
c:/ti/msp430-gcc/bin/../lib/gcc/msp430-elf/9.3.1/../../../../msp430-elf/lib/large\libc.a(lib_a-memchr.o)
                              c:/ti/msp430-gcc/bin/../lib/gcc/msp430-elf/9.3.1/../../../../msp430-elf/lib/large\libc.a(lib_a-fvwrite.o) (memchr)
c:/ti/msp430-gcc/bin/../lib/gcc/msp430-elf/9.3.1/../../../../msp430-elf/lib/large\libc.a(lib_a-memmove.o)
                              c:/ti/msp430-gcc/bin/../lib/gcc/msp430-elf/9.3.1/../../../../msp430-elf/lib/large\libc.a(lib_a-fvwrite.o) (memmove)
c:/ti/msp430-gcc/bin/../lib/gcc/msp430-elf/9.3.1/../../../../msp430-elf/lib/large\libc.a(lib_a-nano-reallocr.o)
[...]
Memory Configuration

Name             Origin             Length             Attributes
TINYRAM          0x0000000a         0x00000016
BSL              0x00001000         0x00000800
RAM              0x00001c00         0x00001000
LEARAM           0x00002c00         0x00000ec8
LEASTACK         0x00003ac8         0x00000138
INFOMEM          0x00001800         0x00000200
INFOD            0x00001800         0x00000080
INFOC            0x00001880         0x00000080
INFOB            0x00001900         0x00000080
INFOA            0x00001980         0x00000080
FRAM             0x00004000         0x0000bf80         xr
HIFRAM           0x00010000         0x00033ff7         xrw
JTAGSIGNATURE    0x0000ff80         0x00000004
BSLSIGNATURE     0x0000ff84         0x00000004
IPESIGNATURE     0x0000ff88         0x00000008
VECT0            0x0000ff90         0x00000002
VECT1            0x0000ff92         0x00000002
VECT2            0x0000ff94         0x00000002
VECT3            0x0000ff96         0x00000002
VECT4            0x0000ff98         0x00000002
VECT5            0x0000ff9a         0x00000002
VECT6            0x0000ff9c         0x00000002
VECT7            0x0000ff9e         0x00000002
VECT8            0x0000ffa0         0x00000002
VECT9            0x0000ffa2         0x00000002
VECT10           0x0000ffa4         0x00000002
VECT11           0x0000ffa6         0x00000002
VECT12           0x0000ffa8         0x00000002
VECT13           0x0000ffaa         0x00000002
VECT14           0x0000ffac         0x00000002
VECT15           0x0000ffae         0x00000002
VECT16           0x0000ffb0         0x00000002
VECT17           0x0000ffb2         0x00000002
VECT18           0x0000ffb4         0x00000002
VECT19           0x0000ffb6         0x00000002
VECT20           0x0000ffb8         0x00000002
VECT21           0x0000ffba         0x00000002
VECT22           0x0000ffbc         0x00000002
VECT23           0x0000ffbe         0x00000002
VECT24           0x0000ffc0         0x00000002
VECT25           0x0000ffc2         0x00000002
VECT26           0x0000ffc4         0x00000002
VECT27           0x0000ffc6         0x00000002
VECT28           0x0000ffc8         0x00000002
VECT29           0x0000ffca         0x00000002
VECT30           0x0000ffcc         0x00000002
VECT31           0x0000ffce         0x00000002
VECT32           0x0000ffd0         0x00000002
VECT33           0x0000ffd2         0x00000002
VECT34           0x0000ffd4         0x00000002
VECT35           0x0000ffd6         0x00000002
VECT36           0x0000ffd8         0x00000002
VECT37           0x0000ffda         0x00000002
VECT38           0x0000ffdc         0x00000002
VECT39           0x0000ffde         0x00000002
VECT40           0x0000ffe0         0x00000002
VECT41           0x0000ffe2         0x00000002
VECT42           0x0000ffe4         0x00000002
VECT43           0x0000ffe6         0x00000002
VECT44           0x0000ffe8         0x00000002
VECT45           0x0000ffea         0x00000002
VECT46           0x0000ffec         0x00000002
VECT47           0x0000ffee         0x00000002
VECT48           0x0000fff0         0x00000002
VECT49           0x0000fff2         0x00000002
VECT50           0x0000fff4         0x00000002
VECT51           0x0000fff6         0x00000002
VECT52           0x0000fff8         0x00000002
VECT53           0x0000fffa         0x00000002
VECT54           0x0000fffc         0x00000002
RESETVEC         0x0000fffe         0x00000002
*default*        0x00000000         0xffffffff

Linker script and memory map

LOAD c:/ti/msp430-gcc/bin/../lib/gcc/msp430-elf/9.3.1/../../../../msp430-elf/lib/large/crt0.o
LOAD c:/ti/msp430-gcc/bin/../lib/gcc/msp430-elf/9.3.1/large/crtbegin_no_eh.o
LOAD ./AESoperations.o
LOAD ./alpaca.o
LOAD ./main_secureML_alpaca.o
LOAD ./matrix_multiplication.o
LOAD ./rng.o
LOAD ./watchdog.o
LOAD ../driverlib_objs/aes256.o
LOAD ../driverlib_objs/wdt_a.o
LOAD ./libPF/PF_sim.o
START GROUP
LOAD c:/ti/msp430-gcc/bin/../lib/gcc/msp430-elf/9.3.1/large\libgcc.a
LOAD c:/ti/msp430-gcc/bin/../lib/gcc/msp430-elf/9.3.1/../../../../msp430-elf/lib/large\libc.a
END GROUP
LOAD c:/ti/msp430-gcc/bin/../lib/gcc/msp430-elf/9.3.1/large\libgcc.a
START GROUP
LOAD c:/ti/msp430-gcc/bin/../lib/gcc/msp430-elf/9.3.1/large\libmul_f5.a
LOAD c:/ti/msp430-gcc/bin/../lib/gcc/msp430-elf/9.3.1/../../../../msp430-elf/lib/large\libc.a
LOAD c:/ti/msp430-gcc/bin/../lib/gcc/msp430-elf/9.3.1/large\libgcc.a
LOAD c:/ti/msp430-gcc/bin/../lib/gcc/msp430-elf/9.3.1/../../../../msp430-elf/lib/large\libcrt.a
LOAD c:/ti/msp430-gcc/bin/../lib/gcc/msp430-elf/9.3.1/../../../../msp430-elf/lib/large\libnosys.a
END GROUP
LOAD c:/ti/msp430-gcc/bin/../lib/gcc/msp430-elf/9.3.1/large\libgcc.a
LOAD c:/ti/msp430-gcc/bin/../lib/gcc/msp430-elf/9.3.1/large/crtend_no_eh.o
LOAD c:/ti/msp430-gcc/bin/../lib/gcc/msp430-elf/9.3.1/large\libgcc.a

.leaRAM

.jtagsignature

.bslsignature

.ipe
 *(.ipesignature)
 *(.jtagpassword)

__interrupt_vector_0
 *(__interrupt_vector_0)

__interrupt_vector_1
 *(__interrupt_vector_1)

__interrupt_vector_2
 *(__interrupt_vector_2)

__interrupt_vector_3
 *(__interrupt_vector_3)

__interrupt_vector_4
 *(__interrupt_vector_4)

__interrupt_vector_5
 *(__interrupt_vector_5)

__interrupt_vector_6
 *(__interrupt_vector_6)

__interrupt_vector_7
 *(__interrupt_vector_7)

__interrupt_vector_8
 *(__interrupt_vector_8)

__interrupt_vector_9
 *(__interrupt_vector_9)

__interrupt_vector_10
 *(__interrupt_vector_10)

__interrupt_vector_11
 *(__interrupt_vector_11)

__interrupt_vector_12
 *(__interrupt_vector_12)

__interrupt_vector_13
 *(__interrupt_vector_13)

__interrupt_vector_14
 *(__interrupt_vector_14)

__interrupt_vector_15
 *(__interrupt_vector_15)

__interrupt_vector_16
 *(__interrupt_vector_16)

__interrupt_vector_17
 *(__interrupt_vector_17)

__interrupt_vector_18
 *(__interrupt_vector_18)
 *(__interrupt_vector_lea)

__interrupt_vector_19
 *(__interrupt_vector_19)
 *(__interrupt_vector_port8)

__interrupt_vector_20
 *(__interrupt_vector_20)
 *(__interrupt_vector_port7)

__interrupt_vector_21
 *(__interrupt_vector_21)
 *(__interrupt_vector_eusci_b3)

__interrupt_vector_22
 *(__interrupt_vector_22)
 *(__interrupt_vector_eusci_b2)

__interrupt_vector_23
 *(__interrupt_vector_23)
 *(__interrupt_vector_eusci_b1)

__interrupt_vector_24
 *(__interrupt_vector_24)
 *(__interrupt_vector_eusci_a3)

__interrupt_vector_25
 *(__interrupt_vector_25)
 *(__interrupt_vector_eusci_a2)

__interrupt_vector_26
 *(__interrupt_vector_26)
 *(__interrupt_vector_port6)

__interrupt_vector_27
 *(__interrupt_vector_27)
 *(__interrupt_vector_port5)

__interrupt_vector_28
 *(__interrupt_vector_28)
 *(__interrupt_vector_timer4_a1)

__interrupt_vector_29
 *(__interrupt_vector_29)
 *(__interrupt_vector_timer4_a0)

__interrupt_vector_30
 *(__interrupt_vector_30)
 *(__interrupt_vector_aes256)

__interrupt_vector_31
 *(__interrupt_vector_31)
 *(__interrupt_vector_rtc_c)

__interrupt_vector_32
 *(__interrupt_vector_32)
 *(__interrupt_vector_port4)

__interrupt_vector_33
 *(__interrupt_vector_33)
 *(__interrupt_vector_port3)

__interrupt_vector_34
 *(__interrupt_vector_34)
 *(__interrupt_vector_timer3_a1)

__interrupt_vector_35
 *(__interrupt_vector_35)
 *(__interrupt_vector_timer3_a0)

__interrupt_vector_36
 *(__interrupt_vector_36)
 *(__interrupt_vector_port2)

__interrupt_vector_37
 *(__interrupt_vector_37)
 *(__interrupt_vector_timer2_a1)

__interrupt_vector_38
 *(__interrupt_vector_38)
 *(__interrupt_vector_timer2_a0)

__interrupt_vector_39
 *(__interrupt_vector_39)
 *(__interrupt_vector_port1)

__interrupt_vector_40
 *(__interrupt_vector_40)
 *(__interrupt_vector_timer1_a1)

__interrupt_vector_41
 *(__interrupt_vector_41)
 *(__interrupt_vector_timer1_a0)

__interrupt_vector_42
 *(__interrupt_vector_42)
 *(__interrupt_vector_dma)

__interrupt_vector_43
 *(__interrupt_vector_43)
 *(__interrupt_vector_eusci_a1)

__interrupt_vector_44
 *(__interrupt_vector_44)
 *(__interrupt_vector_timer0_a1)

__interrupt_vector_45
                0x0000ffea        0x2
 *(__interrupt_vector_45)
 __interrupt_vector_45
                0x0000ffea        0x2 ./libPF/PF_sim.o
 *(__interrupt_vector_timer0_a0)

__interrupt_vector_46
 *(__interrupt_vector_46)
 *(__interrupt_vector_adc12_b)

__interrupt_vector_47
 *(__interrupt_vector_47)
 *(__interrupt_vector_eusci_b0)

__interrupt_vector_48
 *(__interrupt_vector_48)
 *(__interrupt_vector_eusci_a0)

__interrupt_vector_49
 *(__interrupt_vector_49)
 *(__interrupt_vector_wdt)

__interrupt_vector_50
 *(__interrupt_vector_50)
 *(__interrupt_vector_timer0_b1)

__interrupt_vector_51
 *(__interrupt_vector_51)
 *(__interrupt_vector_timer0_b0)

__interrupt_vector_52
 *(__interrupt_vector_52)
 *(__interrupt_vector_comp_e)

__interrupt_vector_53
 *(__interrupt_vector_53)
 *(__interrupt_vector_unmi)

__interrupt_vector_54
 *(__interrupt_vector_54)
 *(__interrupt_vector_sysnmi)

__reset_vector  0x0000fffe        0x2
 *(__interrupt_vector_55)
 *(__interrupt_vector_reset)
 *(.resetvec)
 .resetvec      0x0000fffe        0x2 c:/ti/msp430-gcc/bin/../lib/gcc/msp430-elf/9.3.1/../../../../msp430-elf/lib/large/crt0.o

.lower.rodata   0x00004000        0x0
                0x00004000                . = ALIGN (0x2)
 *(.lower.rodata.* .lower.rodata)

.rodata         0x00004000      0x33d
                0x00004000                . = ALIGN (0x2)
 *(.plt)
 *(.rodata .rodata.* .gnu.linkonce.r.* .const .const:*)
 .rodata.str1.1
                0x00004000       0x46 ./AESoperations.o
 .rodata.str1.1
                0x00004046      0x11f ./main_secureML_alpaca.o
 .rodata.str1.1
                0x00004165       0x26 ./matrix_multiplication.o
 .rodata.str1.1
                0x0000418b        0xe ./libPF/PF_sim.o
 *fill*         0x00004199        0x1 
 .rodata._global_impure_ptr
                0x0000419a        0x4 c:/ti/msp430-gcc/bin/../lib/gcc/msp430-elf/9.3.1/../../../../msp430-elf/lib/large\libc.a(lib_a-impure.o)
                0x0000419a                _global_impure_ptr
 .rodata.str1.1
                0x0000419e        0x2 c:/ti/msp430-gcc/bin/../lib/gcc/msp430-elf/9.3.1/../../../../msp430-elf/lib/large\libc.a(lib_a-impure.o)
 .rodata._puts_r.str1.1
                0x000041a0        0x2 c:/ti/msp430-gcc/bin/../lib/gcc/msp430-elf/9.3.1/../../../../msp430-elf/lib/large\libc.a(lib_a-puts.o)
 .rodata.__sf_fake_stderr
                0x000041a0       0x18 c:/ti/msp430-gcc/bin/../lib/gcc/msp430-elf/9.3.1/../../../../msp430-elf/lib/large\libc.a(lib_a-findfp.o)
                0x000041a0                __sf_fake_stderr
 .rodata.__sf_fake_stdout
                0x000041b8       0x18 c:/ti/msp430-gcc/bin/../lib/gcc/msp430-elf/9.3.1/../../../../msp430-elf/lib/large\libc.a(lib_a-findfp.o)
                0x000041b8                __sf_fake_stdout
 .rodata.__sf_fake_stdin
                0x000041d0       0x18 c:/ti/msp430-gcc/bin/../lib/gcc/msp430-elf/9.3.1/../../../../msp430-elf/lib/large\libc.a(lib_a-findfp.o)
                0x000041d0                __sf_fake_stdin
 .rodata._vfprintf_r.str1.1
                0x000041e8       0x11 c:/ti/msp430-gcc/bin/../lib/gcc/msp430-elf/9.3.1/../../../../msp430-elf/lib/large\libc.a(lib_a-nano-vfprintf.o)
 .rodata._setlocale_r.str1.1
                0x000041f9        0x6 c:/ti/msp430-gcc/bin/../lib/gcc/msp430-elf/9.3.1/../../../../msp430-elf/lib/large\libc.a(lib_a-locale.o)
                                  0x9 (size before relaxing)
 .rodata.str1.1
                0x000041ff        0x2 c:/ti/msp430-gcc/bin/../lib/gcc/msp430-elf/9.3.1/../../../../msp430-elf/lib/large\libc.a(lib_a-locale.o)
 .rodata._printf_i.str1.1
                0x00004201       0x22 c:/ti/msp430-gcc/bin/../lib/gcc/msp430-elf/9.3.1/../../../../msp430-elf/lib/large\libc.a(lib_a-nano-vfprintf_i.o)
 .rodata.__clz_tab
                0x00004223      0x100 c:/ti/msp430-gcc/bin/../lib/gcc/msp430-elf/9.3.1/large\libgcc.a(_clz.o)
                0x00004223                __clz_tab
 .rodata._sbrk.str1.1
                0x00004323       0x1a c:/ti/msp430-gcc/bin/../lib/gcc/msp430-elf/9.3.1/../../../../msp430-elf/lib/large\libnosys.a(sbrk.o)
 *(.rodata1)
 *(.gcc_except_table)
 *(.gcc_except_table.*)

.rodata2        0x00004340       0x64
                0x00004340                . = ALIGN (0x2)
                [!provide]                PROVIDE (__preinit_array_start = .)
 *(.preinit_array)
                [!provide]                PROVIDE (__preinit_array_end = .)
                0x00004340                . = ALIGN (0x2)
                [!provide]                PROVIDE (__init_array_start = .)
 *(SORT_BY_NAME(.init_array.*))
 *(.init_array)
                [!provide]                PROVIDE (__init_array_end = .)
                0x00004340                . = ALIGN (0x2)
                [!provide]                PROVIDE (__fini_array_start = .)
 *(.fini_array)
 *(SORT_BY_NAME(.fini_array.*))
                [!provide]                PROVIDE (__fini_array_end = .)
                0x00004340                . = ALIGN (0x2)
 *(.eh_frame_hdr)
 *(.eh_frame)
 .eh_frame      0x00004340       0x64 c:/ti/msp430-gcc/bin/../lib/gcc/msp430-elf/9.3.1/large\libgcc.a(_udivdi3.o)
 *crtbegin*.o(.ctors)
 *(EXCLUDE_FILE(*crtend*.o) .ctors)
 *(SORT_BY_NAME(.ctors.*))
 *(.ctors)
 *crtbegin*.o(.dtors)
 *(EXCLUDE_FILE(*crtend*.o) .dtors)
 *(SORT_BY_NAME(.dtors.*))
 *(.dtors)

.persistent     0x000043a4      0x3d2
                0x000043a4                . = ALIGN (0x2)
                0x000043a4                PROVIDE (__persistent_start = .)
 *(.persistent)
 .persistent    0x000043a4       0x42 ./alpaca.o
                0x000043a4                _numBoots
                0x000043a6                curctx
                0x000043aa                context_0
                0x000043b0                context_1
                0x000043b6                num_dirty_gv
                0x000043b8                gv_index
                0x000043ba                data_size_base
                0x000043be                data_dest_base
                0x000043c2                data_src_base
                0x000043c6                scratch_bak
 .persistent    0x000043e6      0x38c ./main_secureML_alpaca.o
                0x000043e6                _task__entry_task
                0x00004410                _task_task_end
                0x0000443a                _task_task_encryptOutput
                0x00004464                _task_task_getOuputRow
                0x0000448e                _task_task_accumulate_result
                0x000044b8                _task_task_multiplicate_tile
                0x000044e2                _task_task_decrypt_W_tile
                0x0000450c                _task_task_decrypt_I_tile
                0x00004536                _task_task_getTileW
                0x00004560                _task_task_getTileI
                0x0000458a                _task_task_encrypt_W
                0x000045b4                _task_task_encrypt_I
                0x000045de                _task_task_init
                0x00004608                exacution_counter
                0x0000460a                data_size
                0x00004612                data_dest
                0x00004622                data_src
                0x00004632                execution_counter
                0x00004634                cipherKey
                0x00004674                _global_index
                0x00004675                _global_output_row
                0x0000467d                _global_w_col
                0x0000467e                _global_w_row
                0x0000467f                _global_blockColW
                0x00004680                _global_blockRowW
                0x00004681                _global_blockColI
                0x00004682                _global_blockRowI
                0x00004683                _global_col
                0x00004684                _global_row
                0x00004685                _global_OTile
                0x00004695                _global_W_decrypted_tile
                0x000046a5                _global_W_encrypted_tile
                0x000046b5                _global_I_decrypted_tile
                0x000046c5                _global_I_encrypted_tile
                0x000046d6                _global_O_encrypted_ECB
                0x000046e6                _global_W_encrypted_ECB
                0x000046f6                _global_I_encrypted_ECB
                0x00004706                _global_O
                0x00004746                _global_W
                0x0000475e                _global_I
 .persistent    0x00004772        0x4 ./libPF/PF_sim.o
                0x00004772                count
                0x00004774                timer_count
                0x00004776                . = ALIGN (0x2)
                0x00004776                PROVIDE (__persistent_end = .)

.persistent_hifram
                0x00010000        0x0
                0x00010000                . = ALIGN (0x2)
                [!provide]                PROVIDE (__fram_vars_start = .)
                0x00010000                . = ALIGN (0x2)
 *(.persistent_hifram)
                [!provide]                PROVIDE (__fram_vars_end = .)

.upper.rodata
 *(.upper.rodata.* .upper.rodata)

.tinyram

.lower.data     0x00001c00        0x0 load address 0x00004776
                0x00001c00                . = ALIGN (0x2)
                0x00001c00                PROVIDE (__datastart = .)
 *(.lower.data.* .lower.data)

.data           0x00001c00      0x1b0 load address 0x00004776
                0x00001c00                . = ALIGN (0x2)
                [!provide]                PROVIDE (__datastart = .)
 *(.jcr)
 *(.data.rel.ro.local)
 *(.data.rel.ro*)
 *(.dynamic)
 *(.data .data.* .gnu.linkonce.d.*)
 .data          0x00001c00        0x0 c:/ti/msp430-gcc/bin/../lib/gcc/msp430-elf/9.3.1/../../../../msp430-elf/lib/large/crt0.o
 .data          0x00001c00        0x0 c:/ti/msp430-gcc/bin/../lib/gcc/msp430-elf/9.3.1/large/crtbegin_no_eh.o
 .data          0x00001c00        0x0 ./AESoperations.o
 .data          0x00001c00        0x0 ./alpaca.o
 .data          0x00001c00        0x0 ./main_secureML_alpaca.o
 .data          0x00001c00        0x0 ./matrix_multiplication.o
 .data          0x00001c00        0x0 ./rng.o
 .data          0x00001c00        0x0 ./watchdog.o
 .data          0x00001c00        0x0 ../driverlib_objs/aes256.o
 .data          0x00001c00        0x0 ../driverlib_objs/wdt_a.o
 .data          0x00001c00        0x0 ./libPF/PF_sim.o
 .data          0x00001c00        0x0 c:/ti/msp430-gcc/bin/../lib/gcc/msp430-elf/9.3.1/../../../../msp430-elf/lib/large\libc.a(lib_a-impure.o)
 .data._impure_ptr
                0x00001c00        0x4 c:/ti/msp430-gcc/bin/../lib/gcc/msp430-elf/9.3.1/../../../../msp430-elf/lib/large\libc.a(lib_a-impure.o)
                0x00001c00                _impure_ptr
 .data.impure_data
                0x00001c04       0xe0 c:/ti/msp430-gcc/bin/../lib/gcc/msp430-elf/9.3.1/../../../../msp430-elf/lib/large\libc.a(lib_a-impure.o)
 .data          0x00001ce4        0x0 c:/ti/msp430-gcc/bin/../lib/gcc/msp430-elf/9.3.1/../../../../msp430-elf/lib/large\libc.a(lib_a-malloc.o)
 .data          0x00001ce4        0x0 c:/ti/msp430-gcc/bin/../lib/gcc/msp430-elf/9.3.1/../../../../msp430-elf/lib/large\libc.a(lib_a-memcpy.o)
 .data          0x00001ce4        0x0 c:/ti/msp430-gcc/bin/../lib/gcc/msp430-elf/9.3.1/../../../../msp430-elf/lib/large\libc.a(lib_a-memset.o)
 .data          0x00001ce4        0x0 c:/ti/msp430-gcc/bin/../lib/gcc/msp430-elf/9.3.1/../../../../msp430-elf/lib/large\libc.a(lib_a-nano-freer.o)
 .data          0x00001ce4        0x0 c:/ti/msp430-gcc/bin/../lib/gcc/msp430-elf/9.3.1/../../../../msp430-elf/lib/large\libc.a(lib_a-nano-mallocr.o)
 .data          0x00001ce4        0x0 c:/ti/msp430-gcc/bin/../lib/gcc/msp430-elf/9.3.1/../../../../msp430-elf/lib/large\libc.a(lib_a-printf.o)
 .data          0x00001ce4        0x0 c:/ti/msp430-gcc/bin/../lib/gcc/msp430-elf/9.3.1/../../../../msp430-elf/lib/large\libc.a(lib_a-putchar.o)
 .data          0x00001ce4        0x0 c:/ti/msp430-gcc/bin/../lib/gcc/msp430-elf/9.3.1/../../../../msp430-elf/lib/large\libc.a(lib_a-putc.o)
 .data          0x00001ce4        0x0 c:/ti/msp430-gcc/bin/../lib/gcc/msp430-elf/9.3.1/../../../../msp430-elf/lib/large\libc.a(lib_a-puts.o)
 .data          0x00001ce4        0x0 c:/ti/msp430-gcc/bin/../lib/gcc/msp430-elf/9.3.1/../../../../msp430-elf/lib/large\libc.a(lib_a-sbrkr.o)
 .data          0x00001ce4        0x0 c:/ti/msp430-gcc/bin/../lib/gcc/msp430-elf/9.3.1/../../../../msp430-elf/lib/large\libc.a(lib_a-setvbuf.o)
 .data          0x00001ce4        0x0 c:/ti/msp430-gcc/bin/../lib/gcc/msp430-elf/9.3.1/../../../../msp430-elf/lib/large\libc.a(lib_a-strlen.o)
 .data          0x00001ce4        0x0 c:/ti/msp430-gcc/bin/../lib/gcc/msp430-elf/9.3.1/../../../../msp430-elf/lib/large\libc.a(lib_a-wbuf.o)
 .data          0x00001ce4        0x0 c:/ti/msp430-gcc/bin/../lib/gcc/msp430-elf/9.3.1/../../../../msp430-elf/lib/large\libc.a(lib_a-wsetup.o)
 .data          0x00001ce4        0x0 c:/ti/msp430-gcc/bin/../lib/gcc/msp430-elf/9.3.1/../../../../msp430-elf/lib/large\libc.a(lib_a-fflush.o)
 .data          0x00001ce4        0x0 c:/ti/msp430-gcc/bin/../lib/gcc/msp430-elf/9.3.1/../../../../msp430-elf/lib/large\libc.a(lib_a-findfp.o)
 .data          0x00001ce4        0x0 c:/ti/msp430-gcc/bin/../lib/gcc/msp430-elf/9.3.1/../../../../msp430-elf/lib/large\libc.a(lib_a-fvwrite.o)
 .data          0x00001ce4        0x0 c:/ti/msp430-gcc/bin/../lib/gcc/msp430-elf/9.3.1/../../../../msp430-elf/lib/large\libc.a(lib_a-fwalk.o)
 .data          0x00001ce4        0x0 c:/ti/msp430-gcc/bin/../lib/gcc/msp430-elf/9.3.1/../../../../msp430-elf/lib/large\libc.a(lib_a-makebuf.o)
 .data          0x00001ce4        0x0 c:/ti/msp430-gcc/bin/../lib/gcc/msp430-elf/9.3.1/../../../../msp430-elf/lib/large\libc.a(lib_a-memchr.o)
 .data          0x00001ce4        0x0 c:/ti/msp430-gcc/bin/../lib/gcc/msp430-elf/9.3.1/../../../../msp430-elf/lib/large\libc.a(lib_a-memmove.o)
 .data          0x00001ce4        0x0 c:/ti/msp430-gcc/bin/../lib/gcc/msp430-elf/9.3.1/../../../../msp430-elf/lib/large\libc.a(lib_a-nano-reallocr.o)
 .data          0x00001ce4        0x0 c:/ti/msp430-gcc/bin/../lib/gcc/msp430-elf/9.3.1/../../../../msp430-elf/lib/large\libc.a(lib_a-nano-vfprintf.o)
 .data          0x00001ce4        0x0 c:/ti/msp430-gcc/bin/../lib/gcc/msp430-elf/9.3.1/../../../../msp430-elf/lib/large\libc.a(lib_a-reent.o)
 .data          0x00001ce4        0x0 c:/ti/msp430-gcc/bin/../lib/gcc/msp430-elf/9.3.1/../../../../msp430-elf/lib/large\libc.a(lib_a-stdio.o)
 .data          0x00001ce4        0x0 c:/ti/msp430-gcc/bin/../lib/gcc/msp430-elf/9.3.1/../../../../msp430-elf/lib/large\libc.a(lib_a-writer.o)
 .data          0x00001ce4        0x0 c:/ti/msp430-gcc/bin/../lib/gcc/msp430-elf/9.3.1/../../../../msp430-elf/lib/large\libc.a(lib_a-closer.o)
 .data          0x00001ce4        0x0 c:/ti/msp430-gcc/bin/../lib/gcc/msp430-elf/9.3.1/../../../../msp430-elf/lib/large\libc.a(lib_a-fclose.o)
 .data          0x00001ce4        0x0 c:/ti/msp430-gcc/bin/../lib/gcc/msp430-elf/9.3.1/../../../../msp430-elf/lib/large\libc.a(lib_a-fputwc.o)
 .data          0x00001ce4        0x0 c:/ti/msp430-gcc/bin/../lib/gcc/msp430-elf/9.3.1/../../../../msp430-elf/lib/large\libc.a(lib_a-fstatr.o)
 .data          0x00001ce4        0x0 c:/ti/msp430-gcc/bin/../lib/gcc/msp430-elf/9.3.1/../../../../msp430-elf/lib/large\libc.a(lib_a-isattyr.o)
 .data          0x00001ce4        0x0 c:/ti/msp430-gcc/bin/../lib/gcc/msp430-elf/9.3.1/../../../../msp430-elf/lib/large\libc.a(lib_a-locale.o)
 .data.lc_message_charset
                0x00001ce4       0x20 c:/ti/msp430-gcc/bin/../lib/gcc/msp430-elf/9.3.1/../../../../msp430-elf/lib/large\libc.a(lib_a-locale.o)
 .data.lc_ctype_charset
                0x00001d04       0x20 c:/ti/msp430-gcc/bin/../lib/gcc/msp430-elf/9.3.1/../../../../msp430-elf/lib/large\libc.a(lib_a-locale.o)
 .data.lconv    0x00001d24       0x36 c:/ti/msp430-gcc/bin/../lib/gcc/msp430-elf/9.3.1/../../../../msp430-elf/lib/large\libc.a(lib_a-locale.o)
 .data.__mb_cur_max
                0x00001d5a        0x2 c:/ti/msp430-gcc/bin/../lib/gcc/msp430-elf/9.3.1/../../../../msp430-elf/lib/large\libc.a(lib_a-locale.o)
                0x00001d5a                __mb_cur_max
 .data          0x00001d5c        0x0 c:/ti/msp430-gcc/bin/../lib/gcc/msp430-elf/9.3.1/../../../../msp430-elf/lib/large\libc.a(lib_a-lseekr.o)
 .data          0x00001d5c        0x0 c:/ti/msp430-gcc/bin/../lib/gcc/msp430-elf/9.3.1/../../../../msp430-elf/lib/large\libc.a(lib_a-nano-msizer.o)
 .data          0x00001d5c        0x0 c:/ti/msp430-gcc/bin/../lib/gcc/msp430-elf/9.3.1/../../../../msp430-elf/lib/large\libc.a(lib_a-nano-vfprintf_i.o)
 .data          0x00001d5c        0x0 c:/ti/msp430-gcc/bin/../lib/gcc/msp430-elf/9.3.1/../../../../msp430-elf/lib/large\libc.a(lib_a-readr.o)
 .data          0x00001d5c        0x0 c:/ti/msp430-gcc/bin/../lib/gcc/msp430-elf/9.3.1/../../../../msp430-elf/lib/large\libc.a(lib_a-strcmp.o)
 .data          0x00001d5c        0x0 c:/ti/msp430-gcc/bin/../lib/gcc/msp430-elf/9.3.1/../../../../msp430-elf/lib/large\libc.a(lib_a-wcrtomb.o)
 .data          0x00001d5c        0x0 c:/ti/msp430-gcc/bin/../lib/gcc/msp430-elf/9.3.1/../../../../msp430-elf/lib/large\libc.a(lib_a-wctomb_r.o)
 .data.__wctomb
                0x00001d5c        0x4 c:/ti/msp430-gcc/bin/../lib/gcc/msp430-elf/9.3.1/../../../../msp430-elf/lib/large\libc.a(lib_a-wctomb_r.o)
                0x00001d5c                __wctomb
 .data          0x00001d60        0x0 c:/ti/msp430-gcc/bin/../lib/gcc/msp430-elf/9.3.1/large\libgcc.a(lib2divHI.o)
 .data          0x00001d60        0x0 c:/ti/msp430-gcc/bin/../lib/gcc/msp430-elf/9.3.1/large\libgcc.a(lib2divSI.o)
 .data          0x00001d60        0x0 c:/ti/msp430-gcc/bin/../lib/gcc/msp430-elf/9.3.1/large\libgcc.a(slli.o)
 .data          0x00001d60        0x0 c:/ti/msp430-gcc/bin/../lib/gcc/msp430-elf/9.3.1/large\libgcc.a(srai.o)
 .data          0x00001d60        0x0 c:/ti/msp430-gcc/bin/../lib/gcc/msp430-elf/9.3.1/large\libgcc.a(_udivdi3.o)
 .data          0x00001d60        0x0 c:/ti/msp430-gcc/bin/../lib/gcc/msp430-elf/9.3.1/large\libgcc.a(srli.o)
 .data          0x00001d60        0x0 c:/ti/msp430-gcc/bin/../lib/gcc/msp430-elf/9.3.1/large\libgcc.a(_clzdi2.o)
 .data          0x00001d60        0x0 c:/ti/msp430-gcc/bin/../lib/gcc/msp430-elf/9.3.1/large\libgcc.a(_clz.o)
 .data          0x00001d60        0x0 c:/ti/msp430-gcc/bin/../lib/gcc/msp430-elf/9.3.1/large\libmul_f5.a(lib2hw_mul_f5.o)
 .data          0x00001d60        0x0 c:/ti/msp430-gcc/bin/../lib/gcc/msp430-elf/9.3.1/../../../../msp430-elf/lib/large\libcrt.a(crt_bss.o)
 .data          0x00001d60        0x0 c:/ti/msp430-gcc/bin/../lib/gcc/msp430-elf/9.3.1/../../../../msp430-elf/lib/large\libcrt.a(crt_movedata.o)
 .data          0x00001d60        0x0 c:/ti/msp430-gcc/bin/../lib/gcc/msp430-elf/9.3.1/../../../../msp430-elf/lib/large\libcrt.a(crt_main.o)
 .data          0x00001d60        0x0 c:/ti/msp430-gcc/bin/../lib/gcc/msp430-elf/9.3.1/../../../../msp430-elf/lib/large\libcrt.a(crt_callexit.o)
 .data          0x00001d60        0x0 c:/ti/msp430-gcc/bin/../lib/gcc/msp430-elf/9.3.1/../../../../msp430-elf/lib/large\libnosys.a(ciosyscalls.o)
 .data          0x00001d60        0x0 c:/ti/msp430-gcc/bin/../lib/gcc/msp430-elf/9.3.1/../../../../msp430-elf/lib/large\libnosys.a(write.o)
 .data          0x00001d60        0x0 c:/ti/msp430-gcc/bin/../lib/gcc/msp430-elf/9.3.1/../../../../msp430-elf/lib/large\libnosys.a(exit.o)
 .data          0x00001d60        0x0 c:/ti/msp430-gcc/bin/../lib/gcc/msp430-elf/9.3.1/../../../../msp430-elf/lib/large\libnosys.a(sbrk.o)
 .data._sbrk_heap
                0x00001d60        0x4 c:/ti/msp430-gcc/bin/../lib/gcc/msp430-elf/9.3.1/../../../../msp430-elf/lib/large\libnosys.a(sbrk.o)
                0x00001d60                _sbrk_heap
 .data          0x00001d64       0x4b c:/ti/msp430-gcc/bin/../lib/gcc/msp430-elf/9.3.1/../../../../msp430-elf/lib/large\libnosys.a(cio.o)
                0x00001d64                _CIOBUF_
                0x00001d64                __CIOBUF__
 .data          0x00001daf        0x0 c:/ti/msp430-gcc/bin/../lib/gcc/msp430-elf/9.3.1/../../../../msp430-elf/lib/large\libc.a(lib_a-abort.o)
 .data          0x00001daf        0x0 c:/ti/msp430-gcc/bin/../lib/gcc/msp430-elf/9.3.1/../../../../msp430-elf/lib/large\libc.a(lib_a-errno.o)
 .data          0x00001daf        0x0 c:/ti/msp430-gcc/bin/../lib/gcc/msp430-elf/9.3.1/../../../../msp430-elf/lib/large\libc.a(lib_a-signal.o)
 .data          0x00001daf        0x0 c:/ti/msp430-gcc/bin/../lib/gcc/msp430-elf/9.3.1/../../../../msp430-elf/lib/large\libc.a(lib_a-signalr.o)
 .data          0x00001daf        0x0 c:/ti/msp430-gcc/bin/../lib/gcc/msp430-elf/9.3.1/large/crtend_no_eh.o
 *(.gnu.linkonce.d.*personality*)
 *(.data1)
 *(.got.plt)
 *(.got)
                0x00001db0                . = ALIGN (0x2)
 *fill*         0x00001daf        0x1 
 *(.sdata .sdata.* .gnu.linkonce.s.* D_2 D_1)
                0x00001db0                . = ALIGN (0x2)
                0x00001db0                _edata = .
                [!provide]                PROVIDE (edata = .)
                [!provide]                PROVIDE (__dataend = .)
                0x00004776                PROVIDE (__romdatastart = LOADADDR (.lower.data))
                0x000001b0                PROVIDE (__romdatacopysize = (SIZEOF (.lower.data) + SIZEOF (.data)))

.upper.data     0x00010000        0x2 load address 0x00004926
                0x00004926                __upper_data_init = LOADADDR (.upper.data)
                0x00010000        0x2 SHORT 0x1
                0x00010002                __high_datastart = .
 *(.upper.data.* .upper.data)
                0x00010002                __high_dataend = .
                0x00000000                __rom_highdatacopysize = (SIZEOF (.upper.data) - 0x2)
                0x00004928                __rom_highdatastart = (LOADADDR (.upper.data) + 0x2)

.lower.bss      0x00001db0        0x0
                0x00001db0                . = ALIGN (0x2)
                0x00001db0                PROVIDE (__bssstart = .)
 *(.lower.bss.* .lower.bss)

.bss            0x00001db0       0x3a
                0x00001db0                . = ALIGN (0x2)
                [!provide]                PROVIDE (__bssstart = .)
 *(.dynbss)
 *(.sbss .sbss.*)
 *(.bss .bss.* .gnu.linkonce.b.*)
 .bss           0x00001db0        0x0 c:/ti/msp430-gcc/bin/../lib/gcc/msp430-elf/9.3.1/../../../../msp430-elf/lib/large/crt0.o
 .bss           0x00001db0        0x0 c:/ti/msp430-gcc/bin/../lib/gcc/msp430-elf/9.3.1/large/crtbegin_no_eh.o
 .bss           0x00001db0        0x0 ./AESoperations.o
 .bss           0x00001db0        0x0 ./alpaca.o
 .bss           0x00001db0        0x6 ./main_secureML_alpaca.o
                0x00001db0                k
                0x00001db2                j
                0x00001db4                i
 .bss           0x00001db6        0x0 ./matrix_multiplication.o
 .bss           0x00001db6       0x21 ./rng.o
                0x00001db6                ctr_drbg_state
 .bss           0x00001dd7        0x0 ./watchdog.o
 .bss           0x00001dd7        0x0 ../driverlib_objs/aes256.o
 .bss           0x00001dd7        0x0 ../driverlib_objs/wdt_a.o
 .bss           0x00001dd7        0x0 ./libPF/PF_sim.o
 .bss           0x00001dd7        0x0 c:/ti/msp430-gcc/bin/../lib/gcc/msp430-elf/9.3.1/../../../../msp430-elf/lib/large\libc.a(lib_a-impure.o)
 .bss           0x00001dd7        0x0 c:/ti/msp430-gcc/bin/../lib/gcc/msp430-elf/9.3.1/../../../../msp430-elf/lib/large\libc.a(lib_a-malloc.o)
 .bss           0x00001dd7        0x0 c:/ti/msp430-gcc/bin/../lib/gcc/msp430-elf/9.3.1/../../../../msp430-elf/lib/large\libc.a(lib_a-memcpy.o)
 .bss           0x00001dd7        0x0 c:/ti/msp430-gcc/bin/../lib/gcc/msp430-elf/9.3.1/../../../../msp430-elf/lib/large\libc.a(lib_a-memset.o)
 .bss           0x00001dd7        0x0 c:/ti/msp430-gcc/bin/../lib/gcc/msp430-elf/9.3.1/../../../../msp430-elf/lib/large\libc.a(lib_a-nano-freer.o)
 .bss           0x00001dd7        0x0 c:/ti/msp430-gcc/bin/../lib/gcc/msp430-elf/9.3.1/../../../../msp430-elf/lib/large\libc.a(lib_a-nano-mallocr.o)
 *fill*         0x00001dd7        0x1 
 .bss.__malloc_sbrk_start
                0x00001dd8        0x4 c:/ti/msp430-gcc/bin/../lib/gcc/msp430-elf/9.3.1/../../../../msp430-elf/lib/large\libc.a(lib_a-nano-mallocr.o)
                0x00001dd8                __malloc_sbrk_start
 .bss.__malloc_free_list
                0x00001ddc        0x4 c:/ti/msp430-gcc/bin/../lib/gcc/msp430-elf/9.3.1/../../../../msp430-elf/lib/large\libc.a(lib_a-nano-mallocr.o)
                0x00001ddc                __malloc_free_list
 .bss           0x00001de0        0x0 c:/ti/msp430-gcc/bin/../lib/gcc/msp430-elf/9.3.1/../../../../msp430-elf/lib/large\libc.a(lib_a-printf.o)
 .bss           0x00001de0        0x0 c:/ti/msp430-gcc/bin/../lib/gcc/msp430-elf/9.3.1/../../../../msp430-elf/lib/large\libc.a(lib_a-putchar.o)
 .bss           0x00001de0        0x0 c:/ti/msp430-gcc/bin/../lib/gcc/msp430-elf/9.3.1/../../../../msp430-elf/lib/large\libc.a(lib_a-putc.o)
 .bss           0x00001de0        0x0 c:/ti/msp430-gcc/bin/../lib/gcc/msp430-elf/9.3.1/../../../../msp430-elf/lib/large\libc.a(lib_a-puts.o)
 .bss           0x00001de0        0x0 c:/ti/msp430-gcc/bin/../lib/gcc/msp430-elf/9.3.1/../../../../msp430-elf/lib/large\libc.a(lib_a-sbrkr.o)
 .bss           0x00001de0        0x0 c:/ti/msp430-gcc/bin/../lib/gcc/msp430-elf/9.3.1/../../../../msp430-elf/lib/large\libc.a(lib_a-setvbuf.o)
 .bss           0x00001de0        0x0 c:/ti/msp430-gcc/bin/../lib/gcc/msp430-elf/9.3.1/../../../../msp430-elf/lib/large\libc.a(lib_a-strlen.o)
 .bss           0x00001de0        0x0 c:/ti/msp430-gcc/bin/../lib/gcc/msp430-elf/9.3.1/../../../../msp430-elf/lib/large\libc.a(lib_a-wbuf.o)
 .bss           0x00001de0        0x0 c:/ti/msp430-gcc/bin/../lib/gcc/msp430-elf/9.3.1/../../../../msp430-elf/lib/large\libc.a(lib_a-wsetup.o)
 .bss           0x00001de0        0x0 c:/ti/msp430-gcc/bin/../lib/gcc/msp430-elf/9.3.1/../../../../msp430-elf/lib/large\libc.a(lib_a-fflush.o)
 .bss           0x00001de0        0x0 c:/ti/msp430-gcc/bin/../lib/gcc/msp430-elf/9.3.1/../../../../msp430-elf/lib/large\libc.a(lib_a-findfp.o)
 .bss           0x00001de0        0x0 c:/ti/msp430-gcc/bin/../lib/gcc/msp430-elf/9.3.1/../../../../msp430-elf/lib/large\libc.a(lib_a-fvwrite.o)
 .bss           0x00001de0        0x0 c:/ti/msp430-gcc/bin/../lib/gcc/msp430-elf/9.3.1/../../../../msp430-elf/lib/large\libc.a(lib_a-fwalk.o)
 .bss           0x00001de0        0x0 c:/ti/msp430-gcc/bin/../lib/gcc/msp430-elf/9.3.1/../../../../msp430-elf/lib/large\libc.a(lib_a-makebuf.o)
 .bss           0x00001de0        0x0 c:/ti/msp430-gcc/bin/../lib/gcc/msp430-elf/9.3.1/../../../../msp430-elf/lib/large\libc.a(lib_a-memchr.o)
 .bss           0x00001de0        0x0 c:/ti/msp430-gcc/bin/../lib/gcc/msp430-elf/9.3.1/../../../../msp430-elf/lib/large\libc.a(lib_a-memmove.o)
 .bss           0x00001de0        0x0 c:/ti/msp430-gcc/bin/../lib/gcc/msp430-elf/9.3.1/../../../../msp430-elf/lib/large\libc.a(lib_a-nano-reallocr.o)
 .bss           0x00001de0        0x0 c:/ti/msp430-gcc/bin/../lib/gcc/msp430-elf/9.3.1/../../../../msp430-elf/lib/large\libc.a(lib_a-nano-vfprintf.o)
 .bss           0x00001de0        0x0 c:/ti/msp430-gcc/bin/../lib/gcc/msp430-elf/9.3.1/../../../../msp430-elf/lib/large\libc.a(lib_a-reent.o)
 .bss.errno     0x00001de0        0x2 c:/ti/msp430-gcc/bin/../lib/gcc/msp430-elf/9.3.1/../../../../msp430-elf/lib/large\libc.a(lib_a-reent.o)
                0x00001de0                errno
 .bss           0x00001de2        0x0 c:/ti/msp430-gcc/bin/../lib/gcc/msp430-elf/9.3.1/../../../../msp430-elf/lib/large\libc.a(lib_a-stdio.o)
 .bss           0x00001de2        0x0 c:/ti/msp430-gcc/bin/../lib/gcc/msp430-elf/9.3.1/../../../../msp430-elf/lib/large\libc.a(lib_a-writer.o)
 .bss           0x00001de2        0x0 c:/ti/msp430-gcc/bin/../lib/gcc/msp430-elf/9.3.1/../../../../msp430-elf/lib/large\libc.a(lib_a-closer.o)
 .bss           0x00001de2        0x0 c:/ti/msp430-gcc/bin/../lib/gcc/msp430-elf/9.3.1/../../../../msp430-elf/lib/large\libc.a(lib_a-fclose.o)
 .bss           0x00001de2        0x0 c:/ti/msp430-gcc/bin/../lib/gcc/msp430-elf/9.3.1/../../../../msp430-elf/lib/large\libc.a(lib_a-fputwc.o)
 .bss           0x00001de2        0x0 c:/ti/msp430-gcc/bin/../lib/gcc/msp430-elf/9.3.1/../../../../msp430-elf/lib/large\libc.a(lib_a-fstatr.o)
 .bss           0x00001de2        0x0 c:/ti/msp430-gcc/bin/../lib/gcc/msp430-elf/9.3.1/../../../../msp430-elf/lib/large\libc.a(lib_a-isattyr.o)
 .bss           0x00001de2        0x0 c:/ti/msp430-gcc/bin/../lib/gcc/msp430-elf/9.3.1/../../../../msp430-elf/lib/large\libc.a(lib_a-locale.o)
 .bss._PathLocale
                0x00001de2        0x4 c:/ti/msp430-gcc/bin/../lib/gcc/msp430-elf/9.3.1/../../../../msp430-elf/lib/large\libc.a(lib_a-locale.o)
                0x00001de2                _PathLocale
 .bss.__mlocale_changed
                0x00001de6        0x2 c:/ti/msp430-gcc/bin/../lib/gcc/msp430-elf/9.3.1/../../../../msp430-elf/lib/large\libc.a(lib_a-locale.o)
                0x00001de6                __mlocale_changed
 .bss.__nlocale_changed
                0x00001de8        0x2 c:/ti/msp430-gcc/bin/../lib/gcc/msp430-elf/9.3.1/../../../../msp430-elf/lib/large\libc.a(lib_a-locale.o)
                0x00001de8                __nlocale_changed
 .bss           0x00001dea        0x0 c:/ti/msp430-gcc/bin/../lib/gcc/msp430-elf/9.3.1/../../../../msp430-elf/lib/large\libc.a(lib_a-lseekr.o)
 .bss           0x00001dea        0x0 c:/ti/msp430-gcc/bin/../lib/gcc/msp430-elf/9.3.1/../../../../msp430-elf/lib/large\libc.a(lib_a-nano-msizer.o)
 .bss           0x00001dea        0x0 c:/ti/msp430-gcc/bin/../lib/gcc/msp430-elf/9.3.1/../../../../msp430-elf/lib/large\libc.a(lib_a-nano-vfprintf_i.o)
 .bss           0x00001dea        0x0 c:/ti/msp430-gcc/bin/../lib/gcc/msp430-elf/9.3.1/../../../../msp430-elf/lib/large\libc.a(lib_a-readr.o)
 .bss           0x00001dea        0x0 c:/ti/msp430-gcc/bin/../lib/gcc/msp430-elf/9.3.1/../../../../msp430-elf/lib/large\libc.a(lib_a-strcmp.o)
 .bss           0x00001dea        0x0 c:/ti/msp430-gcc/bin/../lib/gcc/msp430-elf/9.3.1/../../../../msp430-elf/lib/large\libc.a(lib_a-wcrtomb.o)
 .bss           0x00001dea        0x0 c:/ti/msp430-gcc/bin/../lib/gcc/msp430-elf/9.3.1/../../../../msp430-elf/lib/large\libc.a(lib_a-wctomb_r.o)
 .bss           0x00001dea        0x0 c:/ti/msp430-gcc/bin/../lib/gcc/msp430-elf/9.3.1/large\libgcc.a(lib2divHI.o)
 .bss           0x00001dea        0x0 c:/ti/msp430-gcc/bin/../lib/gcc/msp430-elf/9.3.1/large\libgcc.a(lib2divSI.o)
 .bss           0x00001dea        0x0 c:/ti/msp430-gcc/bin/../lib/gcc/msp430-elf/9.3.1/large\libgcc.a(slli.o)
 .bss           0x00001dea        0x0 c:/ti/msp430-gcc/bin/../lib/gcc/msp430-elf/9.3.1/large\libgcc.a(srai.o)
 .bss           0x00001dea        0x0 c:/ti/msp430-gcc/bin/../lib/gcc/msp430-elf/9.3.1/large\libgcc.a(_udivdi3.o)
 .bss           0x00001dea        0x0 c:/ti/msp430-gcc/bin/../lib/gcc/msp430-elf/9.3.1/large\libgcc.a(srli.o)
 .bss           0x00001dea        0x0 c:/ti/msp430-gcc/bin/../lib/gcc/msp430-elf/9.3.1/large\libgcc.a(_clzdi2.o)
 .bss           0x00001dea        0x0 c:/ti/msp430-gcc/bin/../lib/gcc/msp430-elf/9.3.1/large\libgcc.a(_clz.o)
 .bss           0x00001dea        0x0 c:/ti/msp430-gcc/bin/../lib/gcc/msp430-elf/9.3.1/large\libmul_f5.a(lib2hw_mul_f5.o)
 .bss           0x00001dea        0x0 c:/ti/msp430-gcc/bin/../lib/gcc/msp430-elf/9.3.1/../../../../msp430-elf/lib/large\libcrt.a(crt_bss.o)
 .bss           0x00001dea        0x0 c:/ti/msp430-gcc/bin/../lib/gcc/msp430-elf/9.3.1/../../../../msp430-elf/lib/large\libcrt.a(crt_movedata.o)
 .bss           0x00001dea        0x0 c:/ti/msp430-gcc/bin/../lib/gcc/msp430-elf/9.3.1/../../../../msp430-elf/lib/large\libcrt.a(crt_main.o)
 .bss           0x00001dea        0x0 c:/ti/msp430-gcc/bin/../lib/gcc/msp430-elf/9.3.1/../../../../msp430-elf/lib/large\libcrt.a(crt_callexit.o)
 .bss           0x00001dea        0x0 c:/ti/msp430-gcc/bin/../lib/gcc/msp430-elf/9.3.1/../../../../msp430-elf/lib/large\libnosys.a(ciosyscalls.o)
 .bss           0x00001dea        0x0 c:/ti/msp430-gcc/bin/../lib/gcc/msp430-elf/9.3.1/../../../../msp430-elf/lib/large\libnosys.a(write.o)
 .bss           0x00001dea        0x0 c:/ti/msp430-gcc/bin/../lib/gcc/msp430-elf/9.3.1/../../../../msp430-elf/lib/large\libnosys.a(exit.o)
 .bss           0x00001dea        0x0 c:/ti/msp430-gcc/bin/../lib/gcc/msp430-elf/9.3.1/../../../../msp430-elf/lib/large\libnosys.a(sbrk.o)
 .bss           0x00001dea        0x0 c:/ti/msp430-gcc/bin/../lib/gcc/msp430-elf/9.3.1/../../../../msp430-elf/lib/large\libnosys.a(cio.o)
 .bss           0x00001dea        0x0 c:/ti/msp430-gcc/bin/../lib/gcc/msp430-elf/9.3.1/../../../../msp430-elf/lib/large\libc.a(lib_a-abort.o)
 .bss           0x00001dea        0x0 c:/ti/msp430-gcc/bin/../lib/gcc/msp430-elf/9.3.1/../../../../msp430-elf/lib/large\libc.a(lib_a-errno.o)
 .bss           0x00001dea        0x0 c:/ti/msp430-gcc/bin/../lib/gcc/msp430-elf/9.3.1/../../../../msp430-elf/lib/large\libc.a(lib_a-signal.o)
 .bss           0x00001dea        0x0 c:/ti/msp430-gcc/bin/../lib/gcc/msp430-elf/9.3.1/../../../../msp430-elf/lib/large\libc.a(lib_a-signalr.o)
 .bss           0x00001dea        0x0 c:/ti/msp430-gcc/bin/../lib/gcc/msp430-elf/9.3.1/large/crtend_no_eh.o
                0x00001dea                . = ALIGN (0x2)
 *(COMMON)
                [!provide]                PROVIDE (__bssend = .)
                0x0000003a                PROVIDE (__bsssize = (SIZEOF (.lower.bss) + SIZEOF (.bss)))

.noinit         0x00001dea        0x0
                0x00001dea                . = ALIGN (0x2)
                [!provide]                PROVIDE (__noinit_start = .)
 *(.noinit)
                0x00001dea                . = ALIGN (0x2)
                [!provide]                PROVIDE (__noinit_end = .)

.upper.bss      0x00010002        0x0
                0x00010002                . = ALIGN (0x2)
                0x00010002                __high_bssstart = .
 *(.upper.bss.* .upper.bss)
                0x00010002                . = ALIGN (0x2)
                0x00010002                __high_bssend = .
                0x00000000                __high_bsssize = SIZEOF (.upper.bss)

.heap           0x00001dea        0x4
                0x00001dea                . = ALIGN (0x2)
                0x00001dea                __heap_start__ = .
                0x00001dea                _end = __heap_start__
                0x00001dea                PROVIDE (end = .)
 *(.heap)
                0x00001dea                _end = .
                [!provide]                PROVIDE (end = .)
                0x00001dea        0x4 LONG 0x0
                0x00001dee                __heap_end__ = .
                0x00001dee                __HeapLimit = __heap_end__

.stack          0x00002c00        0x0
                0x00002c00                PROVIDE (__stack = .)
 *(.stack)

.lower.text     0x00004928        0x0
                0x00004928                . = ALIGN (0x2)
 *(.lower.text.* .lower.text)

.text           0x00004928     0x4c2a
                0x00004928                PROVIDE (_start = .)
                0x00004928                . = ALIGN (0x2)
 *(SORT_BY_NAME(.crt_*))
 .crt_0000start
                0x00004928        0x4 c:/ti/msp430-gcc/bin/../lib/gcc/msp430-elf/9.3.1/../../../../msp430-elf/lib/large/crt0.o
                0x00004928                __crt0_start
 .crt_0100init_bss
                0x0000492c       0x10 c:/ti/msp430-gcc/bin/../lib/gcc/msp430-elf/9.3.1/../../../../msp430-elf/lib/large\libcrt.a(crt_bss.o)
                0x0000492c                __crt0_init_bss
 .crt_0300movedata
                0x0000493c       0x14 c:/ti/msp430-gcc/bin/../lib/gcc/msp430-elf/9.3.1/../../../../msp430-elf/lib/large\libcrt.a(crt_movedata.o)
                0x0000493c                __crt0_movedata
 .crt_0800call_main
                0x00004950        0x6 c:/ti/msp430-gcc/bin/../lib/gcc/msp430-elf/9.3.1/../../../../msp430-elf/lib/large\libcrt.a(crt_main.o)
                0x00004950                __crt0_call_main
 .crt_0900call_exit
                0x00004956        0x4 c:/ti/msp430-gcc/bin/../lib/gcc/msp430-elf/9.3.1/../../../../msp430-elf/lib/large\libcrt.a(crt_callexit.o)
                0x00004956                __crt0_call_exit
                0x0000495a                . = ALIGN (0x2)
 *(.lowtext)
 .lowtext       0x0000495a       0x1a ./libPF/PF_sim.o
                0x0000495a                Timer_A
                0x00004974                . = ALIGN (0x2)
 *(.text .stub .text.* .gnu.linkonce.t.* .text:*)
 .text          0x00004974        0x0 c:/ti/msp430-gcc/bin/../lib/gcc/msp430-elf/9.3.1/../../../../msp430-elf/lib/large/crt0.o
 .text          0x00004974        0x0 c:/ti/msp430-gcc/bin/../lib/gcc/msp430-elf/9.3.1/large/crtbegin_no_eh.o
 .text          0x00004974      0x324 ./AESoperations.o
                0x00004974                generateRandomKey
                0x000049f2                encryptAndStoreInFRAM
                0x00004a1a                decryptAndStoreInSRAM
                0x00004a42                AES256_decryptMatrix_ECB
                0x00004ab2                AES256_encryptMatrix_ECB
 .text          0x00004c98      0x13c ./alpaca.o
                0x00004c98                task_prologue
                0x00004d32                transition_to
                0x00004d68                write_to_gbuf
                0x00004dac                main
 .text          0x00004dd4      0x6de ./main_secureML_alpaca.o
                0x00004df0                task_init
                0x00004e9a                task_getTileI
                0x00004f68                task_getTileW
                0x00005036                task_multiplicate_tile
                0x000050dc                task_accumulate_result
                0x000051ba                task_end
                0x000051cc                _entry_task
                0x000051d6                task_encrypt_I
                0x0000524e                task_encrypt_W
                0x000052c6                task_decrypt_I_tile
                0x000052e4                task_decrypt_W_tile
                0x00005302                task_getOuputRow
                0x000053f6                task_encryptOutput
                0x00005498                clear_isDirty
                0x0000549a                init
                0x000054ac                _init
 .text          0x000054b2      0x6c4 ./matrix_multiplication.o
                0x000054b2                Basic_Multiplication
                0x00005542                Print_Matrix
                0x00005598                Initialiaze_Matrix
                0x000055d8                Matrix_Equality
                0x00005620                Tiled_Multiplication
                0x00005712                Tiled_Decryption_Multiplication
 .text          0x00005b76      0x558 ./rng.o
                0x000060b4                rng_generateBytes
 .text          0x000060ce       0x4c ./watchdog.o
                0x000060ce                msp_watchdog_enable
                0x000060dc                msp_watchdog_disable
                0x000060e4                msp_watchdog_kick
                0x000060f6                msp_watchdog_hold
                0x00006108                msp_watchdog_release
 .text          0x0000611a      0x3bc ../driverlib_objs/aes256.o
                0x0000611a                AES256_setCipherKey
                0x00006192                AES256_encryptData
                0x0000621e                AES256_decryptData
                0x000062aa                AES256_setDecipherKey
                0x00006322                AES256_clearInterrupt
                0x0000632c                AES256_getInterruptStatus
                0x0000633a                AES256_enableInterrupt
                0x00006344                AES256_disableInterrupt
                0x0000634e                AES256_reset
                0x00006358                AES256_startEncryptData
                0x000063a6                AES256_startDecryptData
                0x000063f4                AES256_startSetDecipherKey
                0x00006460                AES256_getDataOut
                0x000064b6                AES256_isBusy
                0x000064c0                AES256_clearErrorFlag
                0x000064ca                AES256_getErrorFlagStatus
 .text          0x000064d6       0x68 ../driverlib_objs/wdt_a.o
                0x000064d6                WDT_A_hold
                0x000064ec                WDT_A_start
                0x000064fe                WDT_A_resetTimer
                0x00006512                WDT_A_initWatchdogTimer
                0x00006528                WDT_A_initIntervalTimer
 .text          0x0000653e       0x74 ./libPF/PF_sim.o
                0x000065a8                PF_sim_start
 .text          0x000065b2        0x0 c:/ti/msp430-gcc/bin/../lib/gcc/msp430-elf/9.3.1/../../../../msp430-elf/lib/large\libc.a(lib_a-impure.o)
 .text          0x000065b2        0x0 c:/ti/msp430-gcc/bin/../lib/gcc/msp430-elf/9.3.1/../../../../msp430-elf/lib/large\libc.a(lib_a-malloc.o)
 .text.malloc   0x000065b2        0xc c:/ti/msp430-gcc/bin/../lib/gcc/msp430-elf/9.3.1/../../../../msp430-elf/lib/large\libc.a(lib_a-malloc.o)
                0x000065b2                malloc
 .text.free     0x000065be        0xc c:/ti/msp430-gcc/bin/../lib/gcc/msp430-elf/9.3.1/../../../../msp430-elf/lib/large\libc.a(lib_a-malloc.o)
                0x000065be                free
 .text          0x000065ca        0x0 c:/ti/msp430-gcc/bin/../lib/gcc/msp430-elf/9.3.1/../../../../msp430-elf/lib/large\libc.a(lib_a-memcpy.o)
 .text.memcpy   0x000065ca       0x20 c:/ti/msp430-gcc/bin/../lib/gcc/msp430-elf/9.3.1/../../../../msp430-elf/lib/large\libc.a(lib_a-memcpy.o)
                0x000065ca                memcpy
 .text          0x000065ea        0x0 c:/ti/msp430-gcc/bin/../lib/gcc/msp430-elf/9.3.1/../../../../msp430-elf/lib/large\libc.a(lib_a-memset.o)
 .text.memset   0x000065ea       0x1a c:/ti/msp430-gcc/bin/../lib/gcc/msp430-elf/9.3.1/../../../../msp430-elf/lib/large\libc.a(lib_a-memset.o)
                0x000065ea                memset
 .text          0x00006604        0x0 c:/ti/msp430-gcc/bin/../lib/gcc/msp430-elf/9.3.1/../../../../msp430-elf/lib/large\libc.a(lib_a-nano-freer.o)
 .text._free_r  0x00006604      0x134 c:/ti/msp430-gcc/bin/../lib/gcc/msp430-elf/9.3.1/../../../../msp430-elf/lib/large\libc.a(lib_a-nano-freer.o)
                0x00006604                _free_r
 .text          0x00006738        0x0 c:/ti/msp430-gcc/bin/../lib/gcc/msp430-elf/9.3.1/../../../../msp430-elf/lib/large\libc.a(lib_a-nano-mallocr.o)
 .text._malloc_r
                0x00006738      0x12a c:/ti/msp430-gcc/bin/../lib/gcc/msp430-elf/9.3.1/../../../../msp430-elf/lib/large\libc.a(lib_a-nano-mallocr.o)
                0x00006738                _malloc_r
 .text          0x00006862        0x0 c:/ti/msp430-gcc/bin/../lib/gcc/msp430-elf/9.3.1/../../../../msp430-elf/lib/large\libc.a(lib_a-printf.o)
 .text._printf_r
                0x00006862       0x2c c:/ti/msp430-gcc/bin/../lib/gcc/msp430-elf/9.3.1/../../../../msp430-elf/lib/large\libc.a(lib_a-printf.o)
                0x00006862                _iprintf_r
                0x00006862                _printf_r
 .text.printf   0x0000688e       0x30 c:/ti/msp430-gcc/bin/../lib/gcc/msp430-elf/9.3.1/../../../../msp430-elf/lib/large\libc.a(lib_a-printf.o)
                0x0000688e                iprintf
                0x0000688e                printf
 .text          0x000068be        0x0 c:/ti/msp430-gcc/bin/../lib/gcc/msp430-elf/9.3.1/../../../../msp430-elf/lib/large\libc.a(lib_a-putchar.o)
 .text._putchar_r
                0x000068be       0x30 c:/ti/msp430-gcc/bin/../lib/gcc/msp430-elf/9.3.1/../../../../msp430-elf/lib/large\libc.a(lib_a-putchar.o)
                0x000068be                _putchar_r
 .text.putchar  0x000068ee       0x36 c:/ti/msp430-gcc/bin/../lib/gcc/msp430-elf/9.3.1/../../../../msp430-elf/lib/large\libc.a(lib_a-putchar.o)
                0x000068ee                putchar
 .text          0x00006924        0x0 c:/ti/msp430-gcc/bin/../lib/gcc/msp430-elf/9.3.1/../../../../msp430-elf/lib/large\libc.a(lib_a-putc.o)
 .text._putc_r  0x00006924       0x8e c:/ti/msp430-gcc/bin/../lib/gcc/msp430-elf/9.3.1/../../../../msp430-elf/lib/large\libc.a(lib_a-putc.o)
                0x00006924                _putc_r
 .text.putc     0x000069b2        0xe c:/ti/msp430-gcc/bin/../lib/gcc/msp430-elf/9.3.1/../../../../msp430-elf/lib/large\libc.a(lib_a-putc.o)
                0x000069b2                putc
 .text          0x000069c0        0x0 c:/ti/msp430-gcc/bin/../lib/gcc/msp430-elf/9.3.1/../../../../msp430-elf/lib/large\libc.a(lib_a-puts.o)
 .text._puts_r  0x000069c0       0xcc c:/ti/msp430-gcc/bin/../lib/gcc/msp430-elf/9.3.1/../../../../msp430-elf/lib/large\libc.a(lib_a-puts.o)
                0x000069c0                _puts_r
 .text.puts     0x00006a8c        0xc c:/ti/msp430-gcc/bin/../lib/gcc/msp430-elf/9.3.1/../../../../msp430-elf/lib/large\libc.a(lib_a-puts.o)
                0x00006a8c                puts
 .text          0x00006a98        0x0 c:/ti/msp430-gcc/bin/../lib/gcc/msp430-elf/9.3.1/../../../../msp430-elf/lib/large\libc.a(lib_a-sbrkr.o)
 .text._sbrk_r  0x00006a98       0x24 c:/ti/msp430-gcc/bin/../lib/gcc/msp430-elf/9.3.1/../../../../msp430-elf/lib/large\libc.a(lib_a-sbrkr.o)
                0x00006a98                _sbrk_r
 .text          0x00006abc        0x0 c:/ti/msp430-gcc/bin/../lib/gcc/msp430-elf/9.3.1/../../../../msp430-elf/lib/large\libc.a(lib_a-setvbuf.o)
 .text.setvbuf  0x00006abc      0x19a c:/ti/msp430-gcc/bin/../lib/gcc/msp430-elf/9.3.1/../../../../msp430-elf/lib/large\libc.a(lib_a-setvbuf.o)
                0x00006abc                setvbuf
 .text          0x00006c56        0x0 c:/ti/msp430-gcc/bin/../lib/gcc/msp430-elf/9.3.1/../../../../msp430-elf/lib/large\libc.a(lib_a-strlen.o)
 .text.strlen   0x00006c56       0x18 c:/ti/msp430-gcc/bin/../lib/gcc/msp430-elf/9.3.1/../../../../msp430-elf/lib/large\libc.a(lib_a-strlen.o)
                0x00006c56                strlen
 .text          0x00006c6e        0x0 c:/ti/msp430-gcc/bin/../lib/gcc/msp430-elf/9.3.1/../../../../msp430-elf/lib/large\libc.a(lib_a-wbuf.o)
 .text.__swbuf_r
                0x00006c6e       0xdc c:/ti/msp430-gcc/bin/../lib/gcc/msp430-elf/9.3.1/../../../../msp430-elf/lib/large\libc.a(lib_a-wbuf.o)
                0x00006c6e                __swbuf_r
 .text.__swbuf  0x00006d4a        0xe c:/ti/msp430-gcc/bin/../lib/gcc/msp430-elf/9.3.1/../../../../msp430-elf/lib/large\libc.a(lib_a-wbuf.o)
                0x00006d4a                __swbuf
 .text          0x00006d58        0x0 c:/ti/msp430-gcc/bin/../lib/gcc/msp430-elf/9.3.1/../../../../msp430-elf/lib/large\libc.a(lib_a-wsetup.o)
 .text.__swsetup_r
                0x00006d58      0x112 c:/ti/msp430-gcc/bin/../lib/gcc/msp430-elf/9.3.1/../../../../msp430-elf/lib/large\libc.a(lib_a-wsetup.o)
                0x00006d58                __swsetup_r
 .text          0x00006e6a        0x0 c:/ti/msp430-gcc/bin/../lib/gcc/msp430-elf/9.3.1/../../../../msp430-elf/lib/large\libc.a(lib_a-fflush.o)
 .text.__sflush_r
                0x00006e6a      0x1a6 c:/ti/msp430-gcc/bin/../lib/gcc/msp430-elf/9.3.1/../../../../msp430-elf/lib/large\libc.a(lib_a-fflush.o)
                0x00006e6a                __sflush_r
 .text._fflush_r
                0x00007010       0x60 c:/ti/msp430-gcc/bin/../lib/gcc/msp430-elf/9.3.1/../../../../msp430-elf/lib/large\libc.a(lib_a-fflush.o)
                0x00007010                _fflush_r
 .text.fflush   0x00007070       0x22 c:/ti/msp430-gcc/bin/../lib/gcc/msp430-elf/9.3.1/../../../../msp430-elf/lib/large\libc.a(lib_a-fflush.o)
                0x00007070                fflush
 .text          0x00007092        0x0 c:/ti/msp430-gcc/bin/../lib/gcc/msp430-elf/9.3.1/../../../../msp430-elf/lib/large\libc.a(lib_a-findfp.o)
 .text.__fp_lock
                0x00007092        0x4 c:/ti/msp430-gcc/bin/../lib/gcc/msp430-elf/9.3.1/../../../../msp430-elf/lib/large\libc.a(lib_a-findfp.o)
 .text._cleanup_r
                0x00007096        0xa c:/ti/msp430-gcc/bin/../lib/gcc/msp430-elf/9.3.1/../../../../msp430-elf/lib/large\libc.a(lib_a-findfp.o)
                0x00007096                _cleanup_r
 .text.std.isra.0
                0x000070a0       0x62 c:/ti/msp430-gcc/bin/../lib/gcc/msp430-elf/9.3.1/../../../../msp430-elf/lib/large\libc.a(lib_a-findfp.o)
 .text.__fp_unlock
                0x00007102        0x4 c:/ti/msp430-gcc/bin/../lib/gcc/msp430-elf/9.3.1/../../../../msp430-elf/lib/large\libc.a(lib_a-findfp.o)
 .text.__sfmoreglue
                0x00007106       0x50 c:/ti/msp430-gcc/bin/../lib/gcc/msp430-elf/9.3.1/../../../../msp430-elf/lib/large\libc.a(lib_a-findfp.o)
                0x00007106                __sfmoreglue
 .text._cleanup
                0x00007156        0xa c:/ti/msp430-gcc/bin/../lib/gcc/msp430-elf/9.3.1/../../../../msp430-elf/lib/large\libc.a(lib_a-findfp.o)
                0x00007156                _cleanup
 .text.__sinit  0x00007160       0x7c c:/ti/msp430-gcc/bin/../lib/gcc/msp430-elf/9.3.1/../../../../msp430-elf/lib/large\libc.a(lib_a-findfp.o)
                0x00007160                __sinit
 .text.__sfp    0x000071dc       0xba c:/ti/msp430-gcc/bin/../lib/gcc/msp430-elf/9.3.1/../../../../msp430-elf/lib/large\libc.a(lib_a-findfp.o)
                0x000071dc                __sfp
 .text.__sfp_lock_acquire
                0x00007296        0x2 c:/ti/msp430-gcc/bin/../lib/gcc/msp430-elf/9.3.1/../../../../msp430-elf/lib/large\libc.a(lib_a-findfp.o)
                0x00007296                __sfp_lock_acquire
 .text.__sfp_lock_release
                0x00007298        0x2 c:/ti/msp430-gcc/bin/../lib/gcc/msp430-elf/9.3.1/../../../../msp430-elf/lib/large\libc.a(lib_a-findfp.o)
                0x00007298                __sfp_lock_release
 .text.__sinit_lock_acquire
                0x0000729a        0x2 c:/ti/msp430-gcc/bin/../lib/gcc/msp430-elf/9.3.1/../../../../msp430-elf/lib/large\libc.a(lib_a-findfp.o)
                0x0000729a                __sinit_lock_acquire
 .text.__sinit_lock_release
                0x0000729c        0x2 c:/ti/msp430-gcc/bin/../lib/gcc/msp430-elf/9.3.1/../../../../msp430-elf/lib/large\libc.a(lib_a-findfp.o)
                0x0000729c                __sinit_lock_release
 .text.__fp_lock_all
                0x0000729e        0xe c:/ti/msp430-gcc/bin/../lib/gcc/msp430-elf/9.3.1/../../../../msp430-elf/lib/large\libc.a(lib_a-findfp.o)
                0x0000729e                __fp_lock_all
 .text.__fp_unlock_all
                0x000072ac        0xe c:/ti/msp430-gcc/bin/../lib/gcc/msp430-elf/9.3.1/../../../../msp430-elf/lib/large\libc.a(lib_a-findfp.o)
                0x000072ac                __fp_unlock_all
 .text          0x000072ba        0x0 c:/ti/msp430-gcc/bin/../lib/gcc/msp430-elf/9.3.1/../../../../msp430-elf/lib/large\libc.a(lib_a-fvwrite.o)
 .text.__sfvwrite_r
                0x000072ba      0x3d8 c:/ti/msp430-gcc/bin/../lib/gcc/msp430-elf/9.3.1/../../../../msp430-elf/lib/large\libc.a(lib_a-fvwrite.o)
                0x000072ba                __sfvwrite_r
 .text          0x00007692        0x0 c:/ti/msp430-gcc/bin/../lib/gcc/msp430-elf/9.3.1/../../../../msp430-elf/lib/large\libc.a(lib_a-fwalk.o)
 .text._fwalk   0x00007692       0x44 c:/ti/msp430-gcc/bin/../lib/gcc/msp430-elf/9.3.1/../../../../msp430-elf/lib/large\libc.a(lib_a-fwalk.o)
                0x00007692                _fwalk
 .text._fwalk_reent
                0x000076d6       0x4c c:/ti/msp430-gcc/bin/../lib/gcc/msp430-elf/9.3.1/../../../../msp430-elf/lib/large\libc.a(lib_a-fwalk.o)
                0x000076d6                _fwalk_reent
 .text          0x00007722        0x0 c:/ti/msp430-gcc/bin/../lib/gcc/msp430-elf/9.3.1/../../../../msp430-elf/lib/large\libc.a(lib_a-makebuf.o)
 .text.__swhatbuf_r
                0x00007722       0x82 c:/ti/msp430-gcc/bin/../lib/gcc/msp430-elf/9.3.1/../../../../msp430-elf/lib/large\libc.a(lib_a-makebuf.o)
                0x00007722                __swhatbuf_r
 .text.__smakebuf_r
                0x000077a4       0x9e c:/ti/msp430-gcc/bin/../lib/gcc/msp430-elf/9.3.1/../../../../msp430-elf/lib/large\libc.a(lib_a-makebuf.o)
                0x000077a4                __smakebuf_r
 .text          0x00007842        0x0 c:/ti/msp430-gcc/bin/../lib/gcc/msp430-elf/9.3.1/../../../../msp430-elf/lib/large\libc.a(lib_a-memchr.o)
 .text.memchr   0x00007842       0x24 c:/ti/msp430-gcc/bin/../lib/gcc/msp430-elf/9.3.1/../../../../msp430-elf/lib/large\libc.a(lib_a-memchr.o)
                0x00007842                memchr
 .text          0x00007866        0x0 c:/ti/msp430-gcc/bin/../lib/gcc/msp430-elf/9.3.1/../../../../msp430-elf/lib/large\libc.a(lib_a-memmove.o)
 .text.memmove  0x00007866       0x54 c:/ti/msp430-gcc/bin/../lib/gcc/msp430-elf/9.3.1/../../../../msp430-elf/lib/large\libc.a(lib_a-memmove.o)
                0x00007866                memmove
 .text          0x000078ba        0x0 c:/ti/msp430-gcc/bin/../lib/gcc/msp430-elf/9.3.1/../../../../msp430-elf/lib/large\libc.a(lib_a-nano-reallocr.o)
 .text._realloc_r
                0x000078ba       0x66 c:/ti/msp430-gcc/bin/../lib/gcc/msp430-elf/9.3.1/../../../../msp430-elf/lib/large\libc.a(lib_a-nano-reallocr.o)
                0x000078ba                _realloc_r
 .text          0x00007920        0x0 c:/ti/msp430-gcc/bin/../lib/gcc/msp430-elf/9.3.1/../../../../msp430-elf/lib/large\libc.a(lib_a-nano-vfprintf.o)
 .text.__sfputc_r
                0x00007920       0x38 c:/ti/msp430-gcc/bin/../lib/gcc/msp430-elf/9.3.1/../../../../msp430-elf/lib/large\libc.a(lib_a-nano-vfprintf.o)
 .text.__sfputs_r
                0x00007958       0x5c c:/ti/msp430-gcc/bin/../lib/gcc/msp430-elf/9.3.1/../../../../msp430-elf/lib/large\libc.a(lib_a-nano-vfprintf.o)
                0x00007958                __sfputs_r
 .text.__sprint_r
                0x000079b4       0x8a c:/ti/msp430-gcc/bin/../lib/gcc/msp430-elf/9.3.1/../../../../msp430-elf/lib/large\libc.a(lib_a-nano-vfprintf.o)
                0x000079b4                __sprint_r
 .text._vfprintf_r
                0x00007a3e      0x2c2 c:/ti/msp430-gcc/bin/../lib/gcc/msp430-elf/9.3.1/../../../../msp430-elf/lib/large\libc.a(lib_a-nano-vfprintf.o)
                0x00007a3e                _vfprintf_r
                0x00007a3e                _vfiprintf_r
 .text.vfprintf
                0x00007d00       0x10 c:/ti/msp430-gcc/bin/../lib/gcc/msp430-elf/9.3.1/../../../../msp430-elf/lib/large\libc.a(lib_a-nano-vfprintf.o)
                0x00007d00                vfprintf
                0x00007d00                vfiprintf
 .text          0x00007d10        0x0 c:/ti/msp430-gcc/bin/../lib/gcc/msp430-elf/9.3.1/../../../../msp430-elf/lib/large\libc.a(lib_a-reent.o)
 .text.cleanup_glue
                0x00007d10       0x22 c:/ti/msp430-gcc/bin/../lib/gcc/msp430-elf/9.3.1/../../../../msp430-elf/lib/large\libc.a(lib_a-reent.o)
                0x00007d10                cleanup_glue
 .text._reclaim_reent
                0x00007d32      0x130 c:/ti/msp430-gcc/bin/../lib/gcc/msp430-elf/9.3.1/../../../../msp430-elf/lib/large\libc.a(lib_a-reent.o)
                0x00007d32                _reclaim_reent
 .text          0x00007e62        0x0 c:/ti/msp430-gcc/bin/../lib/gcc/msp430-elf/9.3.1/../../../../msp430-elf/lib/large\libc.a(lib_a-stdio.o)
 .text.__sread  0x00007e62       0x4a c:/ti/msp430-gcc/bin/../lib/gcc/msp430-elf/9.3.1/../../../../msp430-elf/lib/large\libc.a(lib_a-stdio.o)
                0x00007e62                __sread
 .text.__seofread
                0x00007eac        0x4 c:/ti/msp430-gcc/bin/../lib/gcc/msp430-elf/9.3.1/../../../../msp430-elf/lib/large\libc.a(lib_a-stdio.o)
                0x00007eac                __seofread
 .text.__swrite
                0x00007eb0       0x4c c:/ti/msp430-gcc/bin/../lib/gcc/msp430-elf/9.3.1/../../../../msp430-elf/lib/large\libc.a(lib_a-stdio.o)
                0x00007eb0                __swrite
 .text.__sseek  0x00007efc       0x3e c:/ti/msp430-gcc/bin/../lib/gcc/msp430-elf/9.3.1/../../../../msp430-elf/lib/large\libc.a(lib_a-stdio.o)
                0x00007efc                __sseek
 .text.__sclose
                0x00007f3a        0xa c:/ti/msp430-gcc/bin/../lib/gcc/msp430-elf/9.3.1/../../../../msp430-elf/lib/large\libc.a(lib_a-stdio.o)
                0x00007f3a                __sclose
 .text          0x00007f44        0x0 c:/ti/msp430-gcc/bin/../lib/gcc/msp430-elf/9.3.1/../../../../msp430-elf/lib/large\libc.a(lib_a-writer.o)
 .text._write_r
                0x00007f44       0x2c c:/ti/msp430-gcc/bin/../lib/gcc/msp430-elf/9.3.1/../../../../msp430-elf/lib/large\libc.a(lib_a-writer.o)
                0x00007f44                _write_r
 .text          0x00007f70        0x0 c:/ti/msp430-gcc/bin/../lib/gcc/msp430-elf/9.3.1/../../../../msp430-elf/lib/large\libc.a(lib_a-closer.o)
 .text._close_r
                0x00007f70       0x22 c:/ti/msp430-gcc/bin/../lib/gcc/msp430-elf/9.3.1/../../../../msp430-elf/lib/large\libc.a(lib_a-closer.o)
                0x00007f70                _close_r
 .text          0x00007f92        0x0 c:/ti/msp430-gcc/bin/../lib/gcc/msp430-elf/9.3.1/../../../../msp430-elf/lib/large\libc.a(lib_a-fclose.o)
 .text._fclose_r
                0x00007f92       0xd0 c:/ti/msp430-gcc/bin/../lib/gcc/msp430-elf/9.3.1/../../../../msp430-elf/lib/large\libc.a(lib_a-fclose.o)
                0x00007f92                _fclose_r
 .text.fclose   0x00008062        0xc c:/ti/msp430-gcc/bin/../lib/gcc/msp430-elf/9.3.1/../../../../msp430-elf/lib/large\libc.a(lib_a-fclose.o)
                0x00008062                fclose
 .text          0x0000806e        0x0 c:/ti/msp430-gcc/bin/../lib/gcc/msp430-elf/9.3.1/../../../../msp430-elf/lib/large\libc.a(lib_a-fputwc.o)
 .text.__fputwc
                0x0000806e       0xbc c:/ti/msp430-gcc/bin/../lib/gcc/msp430-elf/9.3.1/../../../../msp430-elf/lib/large\libc.a(lib_a-fputwc.o)
                0x0000806e                __fputwc
 .text._fputwc_r
                0x0000812a       0x2e c:/ti/msp430-gcc/bin/../lib/gcc/msp430-elf/9.3.1/../../../../msp430-elf/lib/large\libc.a(lib_a-fputwc.o)
                0x0000812a                _fputwc_r
 .text.fputwc   0x00008158       0x58 c:/ti/msp430-gcc/bin/../lib/gcc/msp430-elf/9.3.1/../../../../msp430-elf/lib/large\libc.a(lib_a-fputwc.o)
                0x00008158                fputwc
 .text          0x000081b0        0x0 c:/ti/msp430-gcc/bin/../lib/gcc/msp430-elf/9.3.1/../../../../msp430-elf/lib/large\libc.a(lib_a-fstatr.o)
 .text._fstat_r
                0x000081b0       0x24 c:/ti/msp430-gcc/bin/../lib/gcc/msp430-elf/9.3.1/../../../../msp430-elf/lib/large\libc.a(lib_a-fstatr.o)
                0x000081b0                _fstat_r
 .text          0x000081d4        0x0 c:/ti/msp430-gcc/bin/../lib/gcc/msp430-elf/9.3.1/../../../../msp430-elf/lib/large\libc.a(lib_a-isattyr.o)
 .text._isatty_r
                0x000081d4       0x22 c:/ti/msp430-gcc/bin/../lib/gcc/msp430-elf/9.3.1/../../../../msp430-elf/lib/large\libc.a(lib_a-isattyr.o)
                0x000081d4                _isatty_r
 .text          0x000081f6        0x0 c:/ti/msp430-gcc/bin/../lib/gcc/msp430-elf/9.3.1/../../../../msp430-elf/lib/large\libc.a(lib_a-locale.o)
 .text._setlocale_r
                0x000081f6       0x44 c:/ti/msp430-gcc/bin/../lib/gcc/msp430-elf/9.3.1/../../../../msp430-elf/lib/large\libc.a(lib_a-locale.o)
                0x000081f6                _setlocale_r
 .text.__locale_charset
                0x0000823a        0x6 c:/ti/msp430-gcc/bin/../lib/gcc/msp430-elf/9.3.1/../../../../msp430-elf/lib/large\libc.a(lib_a-locale.o)
                0x0000823a                __locale_charset
 .text.__locale_mb_cur_max
                0x00008240        0x6 c:/ti/msp430-gcc/bin/../lib/gcc/msp430-elf/9.3.1/../../../../msp430-elf/lib/large\libc.a(lib_a-locale.o)
                0x00008240                __locale_mb_cur_max
 .text.__locale_msgcharset
                0x00008246        0x6 c:/ti/msp430-gcc/bin/../lib/gcc/msp430-elf/9.3.1/../../../../msp430-elf/lib/large\libc.a(lib_a-locale.o)
                0x00008246                __locale_msgcharset
 .text.__locale_cjk_lang
                0x0000824c        0x4 c:/ti/msp430-gcc/bin/../lib/gcc/msp430-elf/9.3.1/../../../../msp430-elf/lib/large\libc.a(lib_a-locale.o)
                0x0000824c                __locale_cjk_lang
 .text._localeconv_r
                0x00008250        0x6 c:/ti/msp430-gcc/bin/../lib/gcc/msp430-elf/9.3.1/../../../../msp430-elf/lib/large\libc.a(lib_a-locale.o)
                0x00008250                _localeconv_r
 .text.setlocale
                0x00008256        0xe c:/ti/msp430-gcc/bin/../lib/gcc/msp430-elf/9.3.1/../../../../msp430-elf/lib/large\libc.a(lib_a-locale.o)
                0x00008256                setlocale
 .text.localeconv
                0x00008264        0x6 c:/ti/msp430-gcc/bin/../lib/gcc/msp430-elf/9.3.1/../../../../msp430-elf/lib/large\libc.a(lib_a-locale.o)
                0x00008264                localeconv
 .text          0x0000826a        0x0 c:/ti/msp430-gcc/bin/../lib/gcc/msp430-elf/9.3.1/../../../../msp430-elf/lib/large\libc.a(lib_a-lseekr.o)
 .text._lseek_r
                0x0000826a       0x2e c:/ti/msp430-gcc/bin/../lib/gcc/msp430-elf/9.3.1/../../../../msp430-elf/lib/large\libc.a(lib_a-lseekr.o)
                0x0000826a                _lseek_r
 .text          0x00008298        0x0 c:/ti/msp430-gcc/bin/../lib/gcc/msp430-elf/9.3.1/../../../../msp430-elf/lib/large\libc.a(lib_a-nano-msizer.o)
 .text._malloc_usable_size_r
                0x00008298       0x32 c:/ti/msp430-gcc/bin/../lib/gcc/msp430-elf/9.3.1/../../../../msp430-elf/lib/large\libc.a(lib_a-nano-msizer.o)
                0x00008298                _malloc_usable_size_r
 .text          0x000082ca        0x0 c:/ti/msp430-gcc/bin/../lib/gcc/msp430-elf/9.3.1/../../../../msp430-elf/lib/large\libc.a(lib_a-nano-vfprintf_i.o)
 .text._printf_common
                0x000082ca      0x11c c:/ti/msp430-gcc/bin/../lib/gcc/msp430-elf/9.3.1/../../../../msp430-elf/lib/large\libc.a(lib_a-nano-vfprintf_i.o)
                0x000082ca                _printf_common
 .text._printf_i
                0x000083e6      0x37c c:/ti/msp430-gcc/bin/../lib/gcc/msp430-elf/9.3.1/../../../../msp430-elf/lib/large\libc.a(lib_a-nano-vfprintf_i.o)
                0x000083e6                _printf_i
 .text          0x00008762        0x0 c:/ti/msp430-gcc/bin/../lib/gcc/msp430-elf/9.3.1/../../../../msp430-elf/lib/large\libc.a(lib_a-readr.o)
 .text._read_r  0x00008762       0x2c c:/ti/msp430-gcc/bin/../lib/gcc/msp430-elf/9.3.1/../../../../msp430-elf/lib/large\libc.a(lib_a-readr.o)
                0x00008762                _read_r
 .text          0x0000878e        0x0 c:/ti/msp430-gcc/bin/../lib/gcc/msp430-elf/9.3.1/../../../../msp430-elf/lib/large\libc.a(lib_a-strcmp.o)
 .text.strcmp   0x0000878e       0x14 c:/ti/msp430-gcc/bin/../lib/gcc/msp430-elf/9.3.1/../../../../msp430-elf/lib/large\libc.a(lib_a-strcmp.o)
                0x0000878e                strcmp
 .text          0x000087a2        0x0 c:/ti/msp430-gcc/bin/../lib/gcc/msp430-elf/9.3.1/../../../../msp430-elf/lib/large\libc.a(lib_a-wcrtomb.o)
 .text._wcrtomb_r
                0x000087a2       0x80 c:/ti/msp430-gcc/bin/../lib/gcc/msp430-elf/9.3.1/../../../../msp430-elf/lib/large\libc.a(lib_a-wcrtomb.o)
                0x000087a2                _wcrtomb_r
 .text.wcrtomb  0x00008822       0x1c c:/ti/msp430-gcc/bin/../lib/gcc/msp430-elf/9.3.1/../../../../msp430-elf/lib/large\libc.a(lib_a-wcrtomb.o)
                0x00008822                wcrtomb
 .text          0x0000883e        0x0 c:/ti/msp430-gcc/bin/../lib/gcc/msp430-elf/9.3.1/../../../../msp430-elf/lib/large\libc.a(lib_a-wctomb_r.o)
 .text.__ascii_wctomb
                0x0000883e       0x30 c:/ti/msp430-gcc/bin/../lib/gcc/msp430-elf/9.3.1/../../../../msp430-elf/lib/large\libc.a(lib_a-wctomb_r.o)
                0x0000883e                __ascii_wctomb
 .text._wctomb_r
                0x0000886e       0x3c c:/ti/msp430-gcc/bin/../lib/gcc/msp430-elf/9.3.1/../../../../msp430-elf/lib/large\libc.a(lib_a-wctomb_r.o)
                0x0000886e                _wctomb_r
 .text          0x000088aa        0x0 c:/ti/msp430-gcc/bin/../lib/gcc/msp430-elf/9.3.1/large\libgcc.a(lib2divHI.o)
 .text.udivmodhi4
                0x000088aa       0x3c c:/ti/msp430-gcc/bin/../lib/gcc/msp430-elf/9.3.1/large\libgcc.a(lib2divHI.o)
                0x000088aa                udivmodhi4
 .text.__divhi3
                0x000088e6       0x30 c:/ti/msp430-gcc/bin/../lib/gcc/msp430-elf/9.3.1/large\libgcc.a(lib2divHI.o)
                0x000088e6                __mspabi_divi
 .text.__modhi3
                0x00008916       0x2e c:/ti/msp430-gcc/bin/../lib/gcc/msp430-elf/9.3.1/large\libgcc.a(lib2divHI.o)
                0x00008916                __mspabi_remi
 .text.__udivhi3
                0x00008944        0x8 c:/ti/msp430-gcc/bin/../lib/gcc/msp430-elf/9.3.1/large\libgcc.a(lib2divHI.o)
                0x00008944                __mspabi_divu
 .text.__umodhi3
                0x0000894c        0x8 c:/ti/msp430-gcc/bin/../lib/gcc/msp430-elf/9.3.1/large\libgcc.a(lib2divHI.o)
                0x0000894c                __mspabi_remu
 .text          0x00008954        0x4 c:/ti/msp430-gcc/bin/../lib/gcc/msp430-elf/9.3.1/large\libgcc.a(lib2divSI.o)
                0x00008954                __mspabi_divllu
 .text.udivmodsi4
                0x00008958       0x86 c:/ti/msp430-gcc/bin/../lib/gcc/msp430-elf/9.3.1/large\libgcc.a(lib2divSI.o)
                0x00008958                udivmodsi4
 .text.__divsi3
                0x000089de       0x4c c:/ti/msp430-gcc/bin/../lib/gcc/msp430-elf/9.3.1/large\libgcc.a(lib2divSI.o)
                0x000089de                __mspabi_divli
 .text.__modsi3
                0x00008a2a       0x5e c:/ti/msp430-gcc/bin/../lib/gcc/msp430-elf/9.3.1/large\libgcc.a(lib2divSI.o)
                0x00008a2a                __mspabi_remli
 .text.__udivsi3
                0x00008a88       0x12 c:/ti/msp430-gcc/bin/../lib/gcc/msp430-elf/9.3.1/large\libgcc.a(lib2divSI.o)
                0x00008a88                __mspabi_divlu
                0x00008a88                __mspabi_divul
 .text.__umodsi3
                0x00008a9a       0x12 c:/ti/msp430-gcc/bin/../lib/gcc/msp430-elf/9.3.1/large\libgcc.a(lib2divSI.o)
                0x00008a9a                __mspabi_remul
 .text          0x00008aac        0x0 c:/ti/msp430-gcc/bin/../lib/gcc/msp430-elf/9.3.1/large\libgcc.a(slli.o)
 .text.__mspabi_slli_n
                0x00008aac       0x20 c:/ti/msp430-gcc/bin/../lib/gcc/msp430-elf/9.3.1/large\libgcc.a(slli.o)
                0x00008aac                __mspabi_slli_15
                0x00008aae                __mspabi_slli_14
                0x00008ab0                __mspabi_slli_13
                0x00008ab2                __mspabi_slli_12
                0x00008ab4                __mspabi_slli_11
                0x00008ab6                __mspabi_slli_10
                0x00008ab8                __mspabi_slli_9
                0x00008aba                __mspabi_slli_8
                0x00008abc                __mspabi_slli_7
                0x00008abe                __mspabi_slli_6
                0x00008ac0                __mspabi_slli_5
                0x00008ac2                __mspabi_slli_4
                0x00008ac4                __mspabi_slli_3
                0x00008ac6                __mspabi_slli_2
                0x00008ac8                __mspabi_slli_1
 .text.__mspabi_slli
                0x00008acc        0xa c:/ti/msp430-gcc/bin/../lib/gcc/msp430-elf/9.3.1/large\libgcc.a(slli.o)
                0x00008ad0                __mspabi_slli
 .text.__gnu_mspabi_sllp
                0x00008ad6        0xc c:/ti/msp430-gcc/bin/../lib/gcc/msp430-elf/9.3.1/large\libgcc.a(slli.o)
                0x00008adc                __gnu_mspabi_sllp
 .text.__mspabi_slll_n
                0x00008ae2       0x3e c:/ti/msp430-gcc/bin/../lib/gcc/msp430-elf/9.3.1/large\libgcc.a(slli.o)
                0x00008ae2                __mspabi_slll_15
                0x00008ae6                __mspabi_slll_14
                0x00008aea                __mspabi_slll_13
                0x00008aee                __mspabi_slll_12
                0x00008af2                __mspabi_slll_11
                0x00008af6                __mspabi_slll_10
                0x00008afa                __mspabi_slll_9
                0x00008afe                __mspabi_slll_8
                0x00008b02                __mspabi_slll_7
                0x00008b06                __mspabi_slll_6
                0x00008b0a                __mspabi_slll_5
                0x00008b0e                __mspabi_slll_4
                0x00008b12                __mspabi_slll_3
                0x00008b16                __mspabi_slll_2
                0x00008b1a                __mspabi_slll_1
 .text.__mspabi_slll
                0x00008b20        0xc c:/ti/msp430-gcc/bin/../lib/gcc/msp430-elf/9.3.1/large\libgcc.a(slli.o)
                0x00008b26                __mspabi_slll
 .text.__mspabi_sllll
                0x00008b2c       0x1e c:/ti/msp430-gcc/bin/../lib/gcc/msp430-elf/9.3.1/large\libgcc.a(slli.o)
                0x00008b2c                __mspabi_sllll
 .text          0x00008b4a        0x0 c:/ti/msp430-gcc/bin/../lib/gcc/msp430-elf/9.3.1/large\libgcc.a(srai.o)
 .text.__mspabi_srai_n
                0x00008b4a       0x20 c:/ti/msp430-gcc/bin/../lib/gcc/msp430-elf/9.3.1/large\libgcc.a(srai.o)
                0x00008b4a                __mspabi_srai_15
                0x00008b4c                __mspabi_srai_14
                0x00008b4e                __mspabi_srai_13
                0x00008b50                __mspabi_srai_12
                0x00008b52                __mspabi_srai_11
                0x00008b54                __mspabi_srai_10
                0x00008b56                __mspabi_srai_9
                0x00008b58                __mspabi_srai_8
                0x00008b5a                __mspabi_srai_7
                0x00008b5c                __mspabi_srai_6
                0x00008b5e                __mspabi_srai_5
                0x00008b60                __mspabi_srai_4
                0x00008b62                __mspabi_srai_3
                0x00008b64                __mspabi_srai_2
                0x00008b66                __mspabi_srai_1
 .text.__mspabi_srai
                0x00008b6a        0xa c:/ti/msp430-gcc/bin/../lib/gcc/msp430-elf/9.3.1/large\libgcc.a(srai.o)
                0x00008b6e                __mspabi_srai
 .text.__gnu_mspabi_srap
                0x00008b74        0xe c:/ti/msp430-gcc/bin/../lib/gcc/msp430-elf/9.3.1/large\libgcc.a(srai.o)
                0x00008b7c                __gnu_mspabi_srap
 .text.__mspabi_sral_n
                0x00008b82       0x3e c:/ti/msp430-gcc/bin/../lib/gcc/msp430-elf/9.3.1/large\libgcc.a(srai.o)
                0x00008b82                __mspabi_sral_15
                0x00008b86                __mspabi_sral_14
                0x00008b8a                __mspabi_sral_13
                0x00008b8e                __mspabi_sral_12
                0x00008b92                __mspabi_sral_11
                0x00008b96                __mspabi_sral_10
                0x00008b9a                __mspabi_sral_9
                0x00008b9e                __mspabi_sral_8
                0x00008ba2                __mspabi_sral_7
                0x00008ba6                __mspabi_sral_6
                0x00008baa                __mspabi_sral_5
                0x00008bae                __mspabi_sral_4
                0x00008bb2                __mspabi_sral_3
                0x00008bb6                __mspabi_sral_2
                0x00008bba                __mspabi_sral_1
 .text.__mspabi_sral
                0x00008bc0        0xc c:/ti/msp430-gcc/bin/../lib/gcc/msp430-elf/9.3.1/large\libgcc.a(srai.o)
                0x00008bc6                __mspabi_sral
 .text.__mspabi_srall
                0x00008bcc       0x1e c:/ti/msp430-gcc/bin/../lib/gcc/msp430-elf/9.3.1/large\libgcc.a(srai.o)
                0x00008bcc                __mspabi_srall
 .text          0x00008bea        0x0 c:/ti/msp430-gcc/bin/../lib/gcc/msp430-elf/9.3.1/large\libgcc.a(_udivdi3.o)
 .text.__udivdi3
                0x00008bea      0x3fe c:/ti/msp430-gcc/bin/../lib/gcc/msp430-elf/9.3.1/large\libgcc.a(_udivdi3.o)
                0x00008bea                __mspabi_divull
 .text          0x00008fe8        0x0 c:/ti/msp430-gcc/bin/../lib/gcc/msp430-elf/9.3.1/large\libgcc.a(srli.o)
 .text.__mspabi_srli_n
                0x00008fe8       0x3e c:/ti/msp430-gcc/bin/../lib/gcc/msp430-elf/9.3.1/large\libgcc.a(srli.o)
                0x00008fe8                __mspabi_srli_15
                0x00008fec                __mspabi_srli_14
                0x00008ff0                __mspabi_srli_13
                0x00008ff4                __mspabi_srli_12
                0x00008ff8                __mspabi_srli_11
                0x00008ffc                __mspabi_srli_10
                0x00009000                __mspabi_srli_9
                0x00009004                __mspabi_srli_8
                0x00009008                __mspabi_srli_7
                0x0000900c                __mspabi_srli_6
                0x00009010                __mspabi_srli_5
                0x00009014                __mspabi_srli_4
                0x00009018                __mspabi_srli_3
                0x0000901c                __mspabi_srli_2
                0x00009020                __mspabi_srli_1
 .text.__mspabi_srli
                0x00009026        0xc c:/ti/msp430-gcc/bin/../lib/gcc/msp430-elf/9.3.1/large\libgcc.a(srli.o)
                0x0000902c                __mspabi_srli
 .text.__gnu_mspabi_srlp
                0x00009032       0x10 c:/ti/msp430-gcc/bin/../lib/gcc/msp430-elf/9.3.1/large\libgcc.a(srli.o)
                0x0000903c                __gnu_mspabi_srlp
 .text.__mspabi_srll_n
                0x00009042       0x5c c:/ti/msp430-gcc/bin/../lib/gcc/msp430-elf/9.3.1/large\libgcc.a(srli.o)
                0x00009042                __mspabi_srll_15
                0x00009048                __mspabi_srll_14
                0x0000904e                __mspabi_srll_13
                0x00009054                __mspabi_srll_12
                0x0000905a                __mspabi_srll_11
                0x00009060                __mspabi_srll_10
                0x00009066                __mspabi_srll_9
                0x0000906c                __mspabi_srll_8
                0x00009072                __mspabi_srll_7
                0x00009078                __mspabi_srll_6
                0x0000907e                __mspabi_srll_5
                0x00009084                __mspabi_srll_4
                0x0000908a                __mspabi_srll_3
                0x00009090                __mspabi_srll_2
                0x00009096                __mspabi_srll_1
 .text.__mspabi_srll
                0x0000909e        0xe c:/ti/msp430-gcc/bin/../lib/gcc/msp430-elf/9.3.1/large\libgcc.a(srli.o)
                0x000090a6                __mspabi_srll
 .text.__mspabi_srlll
                0x000090ac       0x20 c:/ti/msp430-gcc/bin/../lib/gcc/msp430-elf/9.3.1/large\libgcc.a(srli.o)
                0x000090ac                __mspabi_srlll
 .text          0x000090cc        0x0 c:/ti/msp430-gcc/bin/../lib/gcc/msp430-elf/9.3.1/large\libgcc.a(_clzdi2.o)
 .text.__clzdi2
                0x000090cc       0x74 c:/ti/msp430-gcc/bin/../lib/gcc/msp430-elf/9.3.1/large\libgcc.a(_clzdi2.o)
                0x000090cc                __clzdi2
 .text          0x00009140        0x0 c:/ti/msp430-gcc/bin/../lib/gcc/msp430-elf/9.3.1/large\libgcc.a(_clz.o)
 .text          0x00009140        0x0 c:/ti/msp430-gcc/bin/../lib/gcc/msp430-elf/9.3.1/large\libmul_f5.a(lib2hw_mul_f5.o)
 .text.__mulhi2
                0x00009140       0x16 c:/ti/msp430-gcc/bin/../lib/gcc/msp430-elf/9.3.1/large\libmul_f5.a(lib2hw_mul_f5.o)
                0x00009140                __mspabi_mpyi_f5hw
                0x00009140                __mspabi_mpyi
                0x00009140                __mulhi2
 .text.__mulhisi2
                0x00009156       0x1a c:/ti/msp430-gcc/bin/../lib/gcc/msp430-elf/9.3.1/large\libmul_f5.a(lib2hw_mul_f5.o)
                0x00009156                __mspabi_mpysl
                0x00009156                __mspabi_mpysl_f5hw
                0x00009156                __mulhisi2
 .text.__umulhisi2
                0x00009170       0x1a c:/ti/msp430-gcc/bin/../lib/gcc/msp430-elf/9.3.1/large\libmul_f5.a(lib2hw_mul_f5.o)
                0x00009170                __mspabi_mpyul_f5hw
                0x00009170                __mspabi_mpyul
                0x00009170                __umulhisi2
 .text.__mulsi2
                0x0000918a       0x22 c:/ti/msp430-gcc/bin/../lib/gcc/msp430-elf/9.3.1/large\libmul_f5.a(lib2hw_mul_f5.o)
                0x0000918a                __mspabi_mpyl_f5hw
                0x0000918a                __mulsi2
                0x0000918a                __mspabi_mpyl
 .text.__mulsidi2
                0x000091ac       0x2a c:/ti/msp430-gcc/bin/../lib/gcc/msp430-elf/9.3.1/large\libmul_f5.a(lib2hw_mul_f5.o)
                0x000091ac                __mulsidi2
                0x000091ac                __mspabi_mpysll
                0x000091ac                __mspabi_mpysll_f5hw
 .text.__umulsidi2
                0x000091d6       0x2a c:/ti/msp430-gcc/bin/../lib/gcc/msp430-elf/9.3.1/large\libmul_f5.a(lib2hw_mul_f5.o)
                0x000091d6                __mspabi_mpyull_f5hw
                0x000091d6                __mspabi_mpyull
                0x000091d6                __umulsidi2
 .text.__muldi3
                0x00009200       0x62 c:/ti/msp430-gcc/bin/../lib/gcc/msp430-elf/9.3.1/large\libmul_f5.a(lib2hw_mul_f5.o)
                0x00009200                __mspabi_mpyll_f5hw
                0x00009200                __muldi3
                0x00009200                __mspabi_mpyll
 .text          0x00009262        0x0 c:/ti/msp430-gcc/bin/../lib/gcc/msp430-elf/9.3.1/../../../../msp430-elf/lib/large\libcrt.a(crt_bss.o)
 .text          0x00009262        0x0 c:/ti/msp430-gcc/bin/../lib/gcc/msp430-elf/9.3.1/../../../../msp430-elf/lib/large\libcrt.a(crt_movedata.o)
 .text          0x00009262        0x0 c:/ti/msp430-gcc/bin/../lib/gcc/msp430-elf/9.3.1/../../../../msp430-elf/lib/large\libcrt.a(crt_main.o)
 .text          0x00009262        0x0 c:/ti/msp430-gcc/bin/../lib/gcc/msp430-elf/9.3.1/../../../../msp430-elf/lib/large\libcrt.a(crt_callexit.o)
 .text          0x00009262        0x0 c:/ti/msp430-gcc/bin/../lib/gcc/msp430-elf/9.3.1/../../../../msp430-elf/lib/large\libnosys.a(ciosyscalls.o)
 .text.isatty   0x00009262        0x4 c:/ti/msp430-gcc/bin/../lib/gcc/msp430-elf/9.3.1/../../../../msp430-elf/lib/large\libnosys.a(ciosyscalls.o)
                0x00009262                _isatty
                0x00009262                isatty
 .text.getpid   0x00009266        0x6 c:/ti/msp430-gcc/bin/../lib/gcc/msp430-elf/9.3.1/../../../../msp430-elf/lib/large\libnosys.a(ciosyscalls.o)
                0x00009266                getpid
 .text.open     0x0000926c       0x10 c:/ti/msp430-gcc/bin/../lib/gcc/msp430-elf/9.3.1/../../../../msp430-elf/lib/large\libnosys.a(ciosyscalls.o)
                0x0000926c                open
 .text.close    0x0000927c       0x10 c:/ti/msp430-gcc/bin/../lib/gcc/msp430-elf/9.3.1/../../../../msp430-elf/lib/large\libnosys.a(ciosyscalls.o)
                0x0000927c                close
 .text.read     0x0000928c       0x10 c:/ti/msp430-gcc/bin/../lib/gcc/msp430-elf/9.3.1/../../../../msp430-elf/lib/large\libnosys.a(ciosyscalls.o)
                0x0000928c                read
 .text.fstat    0x0000929c       0x10 c:/ti/msp430-gcc/bin/../lib/gcc/msp430-elf/9.3.1/../../../../msp430-elf/lib/large\libnosys.a(ciosyscalls.o)
                0x0000929c                fstat
 .text.lseek    0x000092ac       0x10 c:/ti/msp430-gcc/bin/../lib/gcc/msp430-elf/9.3.1/../../../../msp430-elf/lib/large\libnosys.a(ciosyscalls.o)
                0x000092ac                lseek
 .text.kill     0x000092bc       0x10 c:/ti/msp430-gcc/bin/../lib/gcc/msp430-elf/9.3.1/../../../../msp430-elf/lib/large\libnosys.a(ciosyscalls.o)
                0x000092bc                kill
 .text          0x000092cc        0x0 c:/ti/msp430-gcc/bin/../lib/gcc/msp430-elf/9.3.1/../../../../msp430-elf/lib/large\libnosys.a(write.o)
 .text.write    0x000092cc       0x74 c:/ti/msp430-gcc/bin/../lib/gcc/msp430-elf/9.3.1/../../../../msp430-elf/lib/large\libnosys.a(write.o)
                0x000092cc                write
 .text          0x00009340        0x0 c:/ti/msp430-gcc/bin/../lib/gcc/msp430-elf/9.3.1/../../../../msp430-elf/lib/large\libnosys.a(exit.o)
 .text.exit     0x00009340        0x4 c:/ti/msp430-gcc/bin/../lib/gcc/msp430-elf/9.3.1/../../../../msp430-elf/lib/large\libnosys.a(exit.o)
                0x00009340                _exit
                0x00009340                exit
 .text          0x00009344        0x0 c:/ti/msp430-gcc/bin/../lib/gcc/msp430-elf/9.3.1/../../../../msp430-elf/lib/large\libnosys.a(sbrk.o)
 .text._sbrk    0x00009344       0x38 c:/ti/msp430-gcc/bin/../lib/gcc/msp430-elf/9.3.1/../../../../msp430-elf/lib/large\libnosys.a(sbrk.o)
                0x00009344                sbrk
                0x00009344                _sbrk
 .text          0x0000937c        0x4 c:/ti/msp430-gcc/bin/../lib/gcc/msp430-elf/9.3.1/../../../../msp430-elf/lib/large\libnosys.a(cio.o)
                0x0000937c                _libgloss_cio_hook
                0x0000937c                C$$IO$$
 .text          0x00009380        0x0 c:/ti/msp430-gcc/bin/../lib/gcc/msp430-elf/9.3.1/../../../../msp430-elf/lib/large\libc.a(lib_a-abort.o)
 .text.abort    0x00009380        0xe c:/ti/msp430-gcc/bin/../lib/gcc/msp430-elf/9.3.1/../../../../msp430-elf/lib/large\libc.a(lib_a-abort.o)
                0x00009380                abort
 .text          0x0000938e        0x0 c:/ti/msp430-gcc/bin/../lib/gcc/msp430-elf/9.3.1/../../../../msp430-elf/lib/large\libc.a(lib_a-errno.o)
 .text.__errno  0x0000938e        0x6 c:/ti/msp430-gcc/bin/../lib/gcc/msp430-elf/9.3.1/../../../../msp430-elf/lib/large\libc.a(lib_a-errno.o)
                0x0000938e                __errno
 .text          0x00009394        0x0 c:/ti/msp430-gcc/bin/../lib/gcc/msp430-elf/9.3.1/../../../../msp430-elf/lib/large\libc.a(lib_a-signal.o)
 .text._init_signal_r
                0x00009394       0x3c c:/ti/msp430-gcc/bin/../lib/gcc/msp430-elf/9.3.1/../../../../msp430-elf/lib/large\libc.a(lib_a-signal.o)
                0x00009394                _init_signal_r
 .text._signal_r
                0x000093d0       0x50 c:/ti/msp430-gcc/bin/../lib/gcc/msp430-elf/9.3.1/../../../../msp430-elf/lib/large\libc.a(lib_a-signal.o)
                0x000093d0                _signal_r
 .text._raise_r
                0x00009420       0x74 c:/ti/msp430-gcc/bin/../lib/gcc/msp430-elf/9.3.1/../../../../msp430-elf/lib/large\libc.a(lib_a-signal.o)
                0x00009420                _raise_r
 .text.__sigtramp_r
                0x00009494       0x64 c:/ti/msp430-gcc/bin/../lib/gcc/msp430-elf/9.3.1/../../../../msp430-elf/lib/large\libc.a(lib_a-signal.o)
                0x00009494                __sigtramp_r
 .text.raise    0x000094f8        0xc c:/ti/msp430-gcc/bin/../lib/gcc/msp430-elf/9.3.1/../../../../msp430-elf/lib/large\libc.a(lib_a-signal.o)
                0x000094f8                raise
 .text.signal   0x00009504        0xe c:/ti/msp430-gcc/bin/../lib/gcc/msp430-elf/9.3.1/../../../../msp430-elf/lib/large\libc.a(lib_a-signal.o)
                0x00009504                signal
 .text._init_signal
                0x00009512        0xa c:/ti/msp430-gcc/bin/../lib/gcc/msp430-elf/9.3.1/../../../../msp430-elf/lib/large\libc.a(lib_a-signal.o)
                0x00009512                _init_signal
 .text.__sigtramp
                0x0000951c        0xc c:/ti/msp430-gcc/bin/../lib/gcc/msp430-elf/9.3.1/../../../../msp430-elf/lib/large\libc.a(lib_a-signal.o)
                0x0000951c                __sigtramp
 .text          0x00009528        0x0 c:/ti/msp430-gcc/bin/../lib/gcc/msp430-elf/9.3.1/../../../../msp430-elf/lib/large\libc.a(lib_a-signalr.o)
 .text._kill_r  0x00009528       0x24 c:/ti/msp430-gcc/bin/../lib/gcc/msp430-elf/9.3.1/../../../../msp430-elf/lib/large\libc.a(lib_a-signalr.o)
                0x00009528                _kill_r
 .text._getpid_r
                0x0000954c        0x6 c:/ti/msp430-gcc/bin/../lib/gcc/msp430-elf/9.3.1/../../../../msp430-elf/lib/large\libc.a(lib_a-signalr.o)
                0x0000954c                _getpid_r
 .text          0x00009552        0x0 c:/ti/msp430-gcc/bin/../lib/gcc/msp430-elf/9.3.1/large/crtend_no_eh.o
 *(.text.*personality*)
 *(.gnu.warning)
 *(.interp .hash .dynsym .dynstr .gnu.version*)
                [!provide]                PROVIDE (__etext = .)
                [!provide]                PROVIDE (_etext = .)
                [!provide]                PROVIDE (etext = .)
                0x00009552                . = ALIGN (0x2)
 *(.init)
 *(.fini)
 *(.tm_clone_table)

.upper.text     0x00010002        0x0
                0x00010002                . = ALIGN (0x2)
 *(.upper.text.* .upper.text)

.infoD

.infoC

.infoB

.infoA

.MSP430.attributes
                0x00000000       0x26
 *(.MSP430.attributes)
 .MSP430.attributes
                0x00000000       0x26 c:/ti/msp430-gcc/bin/../lib/gcc/msp430-elf/9.3.1/../../../../msp430-elf/lib/large/crt0.o
 .MSP430.attributes
                0x00000026       0x26 c:/ti/msp430-gcc/bin/../lib/gcc/msp430-elf/9.3.1/large/crtbegin_no_eh.o
 .MSP430.attributes
                0x0000004c       0x26 ./AESoperations.o
 .MSP430.attributes
                0x00000072       0x26 ./alpaca.o
 .MSP430.attributes
                0x00000098       0x26 ./main_secureML_alpaca.o
 .MSP430.attributes
                0x000000be       0x26 ./matrix_multiplication.o
 .MSP430.attributes
                0x000000e4       0x26 ./rng.o
 .MSP430.attributes
                0x0000010a       0x26 ./watchdog.o
 .MSP430.attributes
                0x00000130       0x26 ../driverlib_objs/aes256.o
 .MSP430.attributes
                0x00000156       0x26 ../driverlib_objs/wdt_a.o
 .MSP430.attributes
                0x0000017c       0x26 ./libPF/PF_sim.o
 .MSP430.attributes
                0x000001a2       0x26 c:/ti/msp430-gcc/bin/../lib/gcc/msp430-elf/9.3.1/../../../../msp430-elf/lib/large\libc.a(lib_a-impure.o)
 .MSP430.attributes
                0x000001c8       0x26 c:/ti/msp430-gcc/bin/../lib/gcc/msp430-elf/9.3.1/../../../../msp430-elf/lib/large\libc.a(lib_a-malloc.o)