Archive member included to satisfy reference by file (symbol)

c:/ti/msp430-gcc/bin/../lib/gcc/msp430-elf/9.3.1/large\libgcc.a(lib2divHI.o)
                              ./libPF/PF_sim.o (__mspabi_remu)
c:/ti/msp430-gcc/bin/../lib/gcc/msp430-elf/9.3.1/../../../../msp430-elf/lib/large\libc.a(lib_a-malloc.o)
                              ./AESoperations.o (malloc)
c:/ti/msp430-gcc/bin/../lib/gcc/msp430-elf/9.3.1/../../../../msp430-elf/lib/large\libc.a(lib_a-memcpy.o)
                              ./AESoperations.o (memcpy)
c:/ti/msp430-gcc/bin/../lib/gcc/msp430-elf/9.3.1/../../../../msp430-elf/lib/large\libc.a(lib_a-memset.o)
                              ./matrix_multiplication.o (memset)
c:/ti/msp430-gcc/bin/../lib/gcc/msp430-elf/9.3.1/../../../../msp430-elf/lib/large\libc.a(lib_a-nano-freer.o)
                              c:/ti/msp430-gcc/bin/../lib/gcc/msp430-elf/9.3.1/../../../../msp430-elf/lib/large\libc.a(lib_a-malloc.o) (_free_r)
c:/ti/msp430-gcc/bin/../lib/gcc/msp430-elf/9.3.1/../../../../msp430-elf/lib/large\libc.a(lib_a-nano-mallocr.o)
                              c:/ti/msp430-gcc/bin/../lib/gcc/msp430-elf/9.3.1/../../../../msp430-elf/lib/large\libc.a(lib_a-malloc.o) (_malloc_r)
c:/ti/msp430-gcc/bin/../lib/gcc/msp430-elf/9.3.1/../../../../msp430-elf/lib/large\libc.a(lib_a-printf.o)
                              ./AESoperations.o (printf)
c:/ti/msp430-gcc/bin/../lib/gcc/msp430-elf/9.3.1/../../../../msp430-elf/lib/large\libc.a(lib_a-putchar.o)
                              ./AESoperations.o (putchar)
c:/ti/msp430-gcc/bin/../lib/gcc/msp430-elf/9.3.1/../../../../msp430-elf/lib/large\libc.a(lib_a-putc.o)
                              c:/ti/msp430-gcc/bin/../lib/gcc/msp430-elf/9.3.1/../../../../msp430-elf/lib/large\libc.a(lib_a-putchar.o) (_putc_r)
c:/ti/msp430-gcc/bin/../lib/gcc/msp430-elf/9.3.1/../../../../msp430-elf/lib/large\libc.a(lib_a-puts.o)
                              ./AESoperations.o (puts)
c:/ti/msp430-gcc/bin/../lib/gcc/msp430-elf/9.3.1/../../../../msp430-elf/lib/large\libc.a(lib_a-sbrkr.o)
                              c:/ti/msp430-gcc/bin/../lib/gcc/msp430-elf/9.3.1/../../../../msp430-elf/lib/large\libc.a(lib_a-nano-mallocr.o) (_sbrk_r)
c:/ti/msp430-gcc/bin/../lib/gcc/msp430-elf/9.3.1/../../../../msp430-elf/lib/large\libc.a(lib_a-strlen.o)
                              c:/ti/msp430-gcc/bin/../lib/gcc/msp430-elf/9.3.1/../../../../msp430-elf/lib/large\libc.a(lib_a-puts.o) (strlen)
c:/ti/msp430-gcc/bin/../lib/gcc/msp430-elf/9.3.1/../../../../msp430-elf/lib/large\libc.a(lib_a-wbuf.o)
                              c:/ti/msp430-gcc/bin/../lib/gcc/msp430-elf/9.3.1/../../../../msp430-elf/lib/large\libc.a(lib_a-putc.o) (__swbuf_r)
c:/ti/msp430-gcc/bin/../lib/gcc/msp430-elf/9.3.1/../../../../msp430-elf/lib/large\libc.a(lib_a-wsetup.o)
                              c:/ti/msp430-gcc/bin/../lib/gcc/msp430-elf/9.3.1/../../../../msp430-elf/lib/large\libc.a(lib_a-wbuf.o) (__swsetup_r)
c:/ti/msp430-gcc/bin/../lib/gcc/msp430-elf/9.3.1/../../../../msp430-elf/lib/large\libc.a(lib_a-fflush.o)
                              c:/ti/msp430-gcc/bin/../lib/gcc/msp430-elf/9.3.1/../../../../msp430-elf/lib/large\libc.a(lib_a-wbuf.o) (_fflush_r)
c:/ti/msp430-gcc/bin/../lib/gcc/msp430-elf/9.3.1/../../../../msp430-elf/lib/large\libc.a(lib_a-findfp.o)
                              c:/ti/msp430-gcc/bin/../lib/gcc/msp430-elf/9.3.1/../../../../msp430-elf/lib/large\libc.a(lib_a-printf.o) (__sinit)
c:/ti/msp430-gcc/bin/../lib/gcc/msp430-elf/9.3.1/../../../../msp430-elf/lib/large\libc.a(lib_a-fvwrite.o)
                              c:/ti/msp430-gcc/bin/../lib/gcc/msp430-elf/9.3.1/../../../../msp430-elf/lib/large\libc.a(lib_a-puts.o) (__sfvwrite_r)
c:/ti/msp430-gcc/bin/../lib/gcc/msp430-elf/9.3.1/../../../../msp430-elf/lib/large\libc.a(lib_a-fwalk.o)
                              c:/ti/msp430-gcc/bin/../lib/gcc/msp430-elf/9.3.1/../../../../msp430-elf/lib/large\libc.a(lib_a-findfp.o) (_fwalk)
c:/ti/msp430-gcc/bin/../lib/gcc/msp430-elf/9.3.1/../../../../msp430-elf/lib/large\libc.a(lib_a-impure.o)
                              c:/ti/msp430-gcc/bin/../lib/gcc/msp430-elf/9.3.1/../../../../msp430-elf/lib/large\libc.a(lib_a-fflush.o) (_global_impure_ptr)
c:/ti/msp430-gcc/bin/../lib/gcc/msp430-elf/9.3.1/../../../../msp430-elf/lib/large\libc.a(lib_a-makebuf.o)
                              c:/ti/msp430-gcc/bin/../lib/gcc/msp430-elf/9.3.1/../../../../msp430-elf/lib/large\libc.a(lib_a-wsetup.o) (__smakebuf_r)
c:/ti/msp430-gcc/bin/../lib/gcc/msp430-elf/9.3.1/../../../../msp430-elf/lib/large\libc.a(lib_a-memchr.o)
                              c:/ti/msp430-gcc/bin/../lib/gcc/msp430-elf/9.3.1/../../../../msp430-elf/lib/large\libc.a(lib_a-fvwrite.o) (memchr)
c:/ti/msp430-gcc/bin/../lib/gcc/msp430-elf/9.3.1/../../../../msp430-elf/lib/large\libc.a(lib_a-memmove.o)
                              c:/ti/msp430-gcc/bin/../lib/gcc/msp430-elf/9.3.1/../../../../msp430-elf/lib/large\libc.a(lib_a-fvwrite.o) (memmove)
[...]
Memory Configuration

Name             Origin             Length             Attributes
TINYRAM          0x0000000a         0x00000016
BSL              0x00001000         0x00000800
RAM              0x00001c00         0x00001000
LEARAM           0x00002c00         0x00000ec8
LEASTACK         0x00003ac8         0x00000138
INFOMEM          0x00001800         0x00000200
INFOD            0x00001800         0x00000080
INFOC            0x00001880         0x00000080
INFOB            0x00001900         0x00000080
INFOA            0x00001980         0x00000080
FRAM             0x00004000         0x0000bf80         xr
HIFRAM           0x00010000         0x00033ff7         xrw
JTAGSIGNATURE    0x0000ff80         0x00000004
BSLSIGNATURE     0x0000ff84         0x00000004
IPESIGNATURE     0x0000ff88         0x00000008
VECT0            0x0000ff90         0x00000002
VECT1            0x0000ff92         0x00000002
VECT2            0x0000ff94         0x00000002
VECT3            0x0000ff96         0x00000002
VECT4            0x0000ff98         0x00000002
VECT5            0x0000ff9a         0x00000002
VECT6            0x0000ff9c         0x00000002
VECT7            0x0000ff9e         0x00000002
VECT8            0x0000ffa0         0x00000002
VECT9            0x0000ffa2         0x00000002
VECT10           0x0000ffa4         0x00000002
VECT11           0x0000ffa6         0x00000002
VECT12           0x0000ffa8         0x00000002
VECT13           0x0000ffaa         0x00000002
VECT14           0x0000ffac         0x00000002
VECT15           0x0000ffae         0x00000002
VECT16           0x0000ffb0         0x00000002
VECT17           0x0000ffb2         0x00000002
VECT18           0x0000ffb4         0x00000002
VECT19           0x0000ffb6         0x00000002
VECT20           0x0000ffb8         0x00000002
VECT21           0x0000ffba         0x00000002
VECT22           0x0000ffbc         0x00000002
VECT23           0x0000ffbe         0x00000002
VECT24           0x0000ffc0         0x00000002
VECT25           0x0000ffc2         0x00000002
VECT26           0x0000ffc4         0x00000002
VECT27           0x0000ffc6         0x00000002
VECT28           0x0000ffc8         0x00000002
VECT29           0x0000ffca         0x00000002
VECT30           0x0000ffcc         0x00000002
VECT31           0x0000ffce         0x00000002
VECT32           0x0000ffd0         0x00000002
VECT33           0x0000ffd2         0x00000002
VECT34           0x0000ffd4         0x00000002
VECT35           0x0000ffd6         0x00000002
VECT36           0x0000ffd8         0x00000002
VECT37           0x0000ffda         0x00000002
VECT38           0x0000ffdc         0x00000002
VECT39           0x0000ffde         0x00000002
VECT40           0x0000ffe0         0x00000002
VECT41           0x0000ffe2         0x00000002
VECT42           0x0000ffe4         0x00000002
VECT43           0x0000ffe6         0x00000002
VECT44           0x0000ffe8         0x00000002
VECT45           0x0000ffea         0x00000002
VECT46           0x0000ffec         0x00000002
VECT47           0x0000ffee         0x00000002
VECT48           0x0000fff0         0x00000002
VECT49           0x0000fff2         0x00000002
VECT50           0x0000fff4         0x00000002
VECT51           0x0000fff6         0x00000002
VECT52           0x0000fff8         0x00000002
VECT53           0x0000fffa         0x00000002
VECT54           0x0000fffc         0x00000002
RESETVEC         0x0000fffe         0x00000002
*default*        0x00000000         0xffffffff

Linker script and memory map

LOAD c:/ti/msp430-gcc/bin/../lib/gcc/msp430-elf/9.3.1/../../../../msp430-elf/lib/large/crt0.o
LOAD c:/ti/msp430-gcc/bin/../lib/gcc/msp430-elf/9.3.1/large/crtbegin_no_eh.o
LOAD ./AESoperations.o
LOAD ./accel.o
LOAD ./main.o
LOAD ./matrix_multiplication.o
LOAD ./rng.o
LOAD ./watchdog.o
LOAD ../driverlib_objs/aes256.o
LOAD ../driverlib_objs/wdt_a.o
LOAD ./libPF/PF_sim.o
START GROUP
LOAD c:/ti/msp430-gcc/bin/../lib/gcc/msp430-elf/9.3.1/large\libgcc.a
LOAD c:/ti/msp430-gcc/bin/../lib/gcc/msp430-elf/9.3.1/../../../../msp430-elf/lib/large\libc.a
END GROUP
LOAD c:/ti/msp430-gcc/bin/../lib/gcc/msp430-elf/9.3.1/large\libgcc.a
START GROUP
LOAD c:/ti/msp430-gcc/bin/../lib/gcc/msp430-elf/9.3.1/large\libmul_f5.a
LOAD c:/ti/msp430-gcc/bin/../lib/gcc/msp430-elf/9.3.1/../../../../msp430-elf/lib/large\libc.a
LOAD c:/ti/msp430-gcc/bin/../lib/gcc/msp430-elf/9.3.1/large\libgcc.a
LOAD c:/ti/msp430-gcc/bin/../lib/gcc/msp430-elf/9.3.1/../../../../msp430-elf/lib/large\libcrt.a
LOAD c:/ti/msp430-gcc/bin/../lib/gcc/msp430-elf/9.3.1/../../../../msp430-elf/lib/large\libnosys.a
END GROUP
LOAD c:/ti/msp430-gcc/bin/../lib/gcc/msp430-elf/9.3.1/large\libgcc.a
LOAD c:/ti/msp430-gcc/bin/../lib/gcc/msp430-elf/9.3.1/large/crtend_no_eh.o
LOAD c:/ti/msp430-gcc/bin/../lib/gcc/msp430-elf/9.3.1/large\libgcc.a

.leaRAM

.jtagsignature

.bslsignature

.ipe
 *(.ipesignature)
 *(.jtagpassword)

__interrupt_vector_0
 *(__interrupt_vector_0)

__interrupt_vector_1
 *(__interrupt_vector_1)

__interrupt_vector_2
 *(__interrupt_vector_2)

__interrupt_vector_3
 *(__interrupt_vector_3)

__interrupt_vector_4
 *(__interrupt_vector_4)

__interrupt_vector_5
 *(__interrupt_vector_5)

__interrupt_vector_6
 *(__interrupt_vector_6)

__interrupt_vector_7
 *(__interrupt_vector_7)

__interrupt_vector_8
 *(__interrupt_vector_8)

__interrupt_vector_9
 *(__interrupt_vector_9)

__interrupt_vector_10
 *(__interrupt_vector_10)

__interrupt_vector_11
 *(__interrupt_vector_11)

__interrupt_vector_12
 *(__interrupt_vector_12)

__interrupt_vector_13
 *(__interrupt_vector_13)

__interrupt_vector_14
 *(__interrupt_vector_14)

__interrupt_vector_15
 *(__interrupt_vector_15)

__interrupt_vector_16
 *(__interrupt_vector_16)

__interrupt_vector_17
 *(__interrupt_vector_17)

__interrupt_vector_18
 *(__interrupt_vector_18)
 *(__interrupt_vector_lea)

__interrupt_vector_19
 *(__interrupt_vector_19)
 *(__interrupt_vector_port8)

__interrupt_vector_20
 *(__interrupt_vector_20)
 *(__interrupt_vector_port7)

__interrupt_vector_21
 *(__interrupt_vector_21)
 *(__interrupt_vector_eusci_b3)

__interrupt_vector_22
 *(__interrupt_vector_22)
 *(__interrupt_vector_eusci_b2)

__interrupt_vector_23
 *(__interrupt_vector_23)
 *(__interrupt_vector_eusci_b1)

__interrupt_vector_24
 *(__interrupt_vector_24)
 *(__interrupt_vector_eusci_a3)

__interrupt_vector_25
 *(__interrupt_vector_25)
 *(__interrupt_vector_eusci_a2)

__interrupt_vector_26
 *(__interrupt_vector_26)
 *(__interrupt_vector_port6)

__interrupt_vector_27
 *(__interrupt_vector_27)
 *(__interrupt_vector_port5)

__interrupt_vector_28
 *(__interrupt_vector_28)
 *(__interrupt_vector_timer4_a1)

__interrupt_vector_29
 *(__interrupt_vector_29)
 *(__interrupt_vector_timer4_a0)

__interrupt_vector_30
 *(__interrupt_vector_30)
 *(__interrupt_vector_aes256)

__interrupt_vector_31
 *(__interrupt_vector_31)
 *(__interrupt_vector_rtc_c)

__interrupt_vector_32
 *(__interrupt_vector_32)
 *(__interrupt_vector_port4)

__interrupt_vector_33
 *(__interrupt_vector_33)
 *(__interrupt_vector_port3)

__interrupt_vector_34
 *(__interrupt_vector_34)
 *(__interrupt_vector_timer3_a1)

__interrupt_vector_35
 *(__interrupt_vector_35)
 *(__interrupt_vector_timer3_a0)

__interrupt_vector_36
 *(__interrupt_vector_36)
 *(__interrupt_vector_port2)

__interrupt_vector_37
 *(__interrupt_vector_37)
 *(__interrupt_vector_timer2_a1)

__interrupt_vector_38
 *(__interrupt_vector_38)
 *(__interrupt_vector_timer2_a0)

__interrupt_vector_39
 *(__interrupt_vector_39)
 *(__interrupt_vector_port1)

__interrupt_vector_40
 *(__interrupt_vector_40)
 *(__interrupt_vector_timer1_a1)

__interrupt_vector_41
 *(__interrupt_vector_41)
 *(__interrupt_vector_timer1_a0)

__interrupt_vector_42
 *(__interrupt_vector_42)
 *(__interrupt_vector_dma)

__interrupt_vector_43
 *(__interrupt_vector_43)
 *(__interrupt_vector_eusci_a1)

__interrupt_vector_44
 *(__interrupt_vector_44)
 *(__interrupt_vector_timer0_a1)

__interrupt_vector_45
                0x0000ffea        0x2
 *(__interrupt_vector_45)
 __interrupt_vector_45
                0x0000ffea        0x2 ./libPF/PF_sim.o
 *(__interrupt_vector_timer0_a0)

__interrupt_vector_46
 *(__interrupt_vector_46)
 *(__interrupt_vector_adc12_b)

__interrupt_vector_47
 *(__interrupt_vector_47)
 *(__interrupt_vector_eusci_b0)

__interrupt_vector_48
 *(__interrupt_vector_48)
 *(__interrupt_vector_eusci_a0)

__interrupt_vector_49
 *(__interrupt_vector_49)
 *(__interrupt_vector_wdt)

__interrupt_vector_50
 *(__interrupt_vector_50)
 *(__interrupt_vector_timer0_b1)

__interrupt_vector_51
 *(__interrupt_vector_51)
 *(__interrupt_vector_timer0_b0)

__interrupt_vector_52
 *(__interrupt_vector_52)
 *(__interrupt_vector_comp_e)

__interrupt_vector_53
 *(__interrupt_vector_53)
 *(__interrupt_vector_unmi)

__interrupt_vector_54
 *(__interrupt_vector_54)
 *(__interrupt_vector_sysnmi)

__reset_vector  0x0000fffe        0x2
 *(__interrupt_vector_55)
 *(__interrupt_vector_reset)
 *(.resetvec)
 .resetvec      0x0000fffe        0x2 c:/ti/msp430-gcc/bin/../lib/gcc/msp430-elf/9.3.1/../../../../msp430-elf/lib/large/crt0.o

.lower.rodata   0x00004000        0x0
                0x00004000                . = ALIGN (0x2)
 *(.lower.rodata.* .lower.rodata)

.rodata         0x00004000      0x229
                0x00004000                . = ALIGN (0x2)
 *(.plt)
 *(.rodata .rodata.* .gnu.linkonce.r.* .const .const:*)
 .rodata.str1.1
                0x00004000       0x89 ./AESoperations.o
 .rodata.str1.1
                0x00004089       0xdf ./main.o
 .rodata.str1.1
                0x00004168       0x26 ./matrix_multiplication.o
 .rodata._puts_r.str1.1
                0x0000418e       0x26 c:/ti/msp430-gcc/bin/../lib/gcc/msp430-elf/9.3.1/../../../../msp430-elf/lib/large\libc.a(lib_a-puts.o)
                                  0x2 (size before relaxing)
 .rodata.__sf_fake_stderr
                0x0000418e       0x18 c:/ti/msp430-gcc/bin/../lib/gcc/msp430-elf/9.3.1/../../../../msp430-elf/lib/large\libc.a(lib_a-findfp.o)
                0x0000418e                __sf_fake_stderr
 .rodata.__sf_fake_stdout
                0x000041a6       0x18 c:/ti/msp430-gcc/bin/../lib/gcc/msp430-elf/9.3.1/../../../../msp430-elf/lib/large\libc.a(lib_a-findfp.o)
                0x000041a6                __sf_fake_stdout
 .rodata.__sf_fake_stdin
                0x000041be       0x18 c:/ti/msp430-gcc/bin/../lib/gcc/msp430-elf/9.3.1/../../../../msp430-elf/lib/large\libc.a(lib_a-findfp.o)
                0x000041be                __sf_fake_stdin
 .rodata._global_impure_ptr
                0x000041d6        0x4 c:/ti/msp430-gcc/bin/../lib/gcc/msp430-elf/9.3.1/../../../../msp430-elf/lib/large\libc.a(lib_a-impure.o)
                0x000041d6                _global_impure_ptr
 .rodata.str1.1
                0x000041da        0x2 c:/ti/msp430-gcc/bin/../lib/gcc/msp430-elf/9.3.1/../../../../msp430-elf/lib/large\libc.a(lib_a-impure.o)
 .rodata._vfprintf_r.str1.1
                0x000041dc       0x11 c:/ti/msp430-gcc/bin/../lib/gcc/msp430-elf/9.3.1/../../../../msp430-elf/lib/large\libc.a(lib_a-nano-vfprintf.o)
 .rodata._printf_i.str1.1
                0x000041ed       0x22 c:/ti/msp430-gcc/bin/../lib/gcc/msp430-elf/9.3.1/../../../../msp430-elf/lib/large\libc.a(lib_a-nano-vfprintf_i.o)
 .rodata._sbrk.str1.1
                0x0000420f       0x1a c:/ti/msp430-gcc/bin/../lib/gcc/msp430-elf/9.3.1/../../../../msp430-elf/lib/large\libnosys.a(sbrk.o)
 *(.rodata1)
 *(.gcc_except_table)
 *(.gcc_except_table.*)

.rodata2        0x0000422c       0x64
                0x0000422c                . = ALIGN (0x2)
                [!provide]                PROVIDE (__preinit_array_start = .)
 *(.preinit_array)
                [!provide]                PROVIDE (__preinit_array_end = .)
                0x0000422c                . = ALIGN (0x2)
                [!provide]                PROVIDE (__init_array_start = .)
 *(SORT_BY_NAME(.init_array.*))
 *(.init_array)
                [!provide]                PROVIDE (__init_array_end = .)
                0x0000422c                . = ALIGN (0x2)
                [!provide]                PROVIDE (__fini_array_start = .)
 *(.fini_array)
 *(SORT_BY_NAME(.fini_array.*))
                [!provide]                PROVIDE (__fini_array_end = .)
                0x0000422c                . = ALIGN (0x2)
 *(.eh_frame_hdr)
 *(.eh_frame)
 .eh_frame      0x0000422c       0x64 c:/ti/msp430-gcc/bin/../lib/gcc/msp430-elf/9.3.1/large\libgcc.a(_udivdi3.o)
 *crtbegin*.o(.ctors)
 *(EXCLUDE_FILE(*crtend*.o) .ctors)
 *(SORT_BY_NAME(.ctors.*))
 *(.ctors)
 *crtbegin*.o(.dtors)
 *(EXCLUDE_FILE(*crtend*.o) .dtors)
 *(SORT_BY_NAME(.dtors.*))
 *(.dtors)

.persistent     0x00004290        0x8
                0x00004290                . = ALIGN (0x2)
                0x00004290                PROVIDE (__persistent_start = .)
 *(.persistent)
 .persistent    0x00004290        0x8 ./libPF/PF_sim.o
                0x00004290                mod5_rand
                0x00004292                random_num
                0x00004294                count
                0x00004296                timer_count
                0x00004298                . = ALIGN (0x2)
                0x00004298                PROVIDE (__persistent_end = .)

.persistent_hifram
                0x00010000        0x0
                0x00010000                . = ALIGN (0x2)
                [!provide]                PROVIDE (__fram_vars_start = .)
                0x00010000                . = ALIGN (0x2)
 *(.persistent_hifram)
                [!provide]                PROVIDE (__fram_vars_end = .)

.upper.rodata
 *(.upper.rodata.* .upper.rodata)

.tinyram

.lower.data     0x00001c00        0x0 load address 0x00004298
                0x00001c00                . = ALIGN (0x2)
                0x00001c00                PROVIDE (__datastart = .)
 *(.lower.data.* .lower.data)

.data           0x00001c00      0x15a load address 0x00004298
                0x00001c00                . = ALIGN (0x2)
                [!provide]                PROVIDE (__datastart = .)
 *(.jcr)
 *(.data.rel.ro.local)
 *(.data.rel.ro*)
 *(.dynamic)
 *(.data .data.* .gnu.linkonce.d.*)
 .data._impure_ptr
                0x00001c00        0x4 c:/ti/msp430-gcc/bin/../lib/gcc/msp430-elf/9.3.1/../../../../msp430-elf/lib/large\libc.a(lib_a-impure.o)
                0x00001c00                _impure_ptr
 .data.impure_data
                0x00001c04       0xe0 c:/ti/msp430-gcc/bin/../lib/gcc/msp430-elf/9.3.1/../../../../msp430-elf/lib/large\libc.a(lib_a-impure.o)
 .data.lc_ctype_charset
                0x00001ce4       0x20 c:/ti/msp430-gcc/bin/../lib/gcc/msp430-elf/9.3.1/../../../../msp430-elf/lib/large\libc.a(lib_a-locale.o)
 .data.__mb_cur_max
                0x00001d04        0x2 c:/ti/msp430-gcc/bin/../lib/gcc/msp430-elf/9.3.1/../../../../msp430-elf/lib/large\libc.a(lib_a-locale.o)
                0x00001d04                __mb_cur_max
 .data.__wctomb
                0x00001d06        0x4 c:/ti/msp430-gcc/bin/../lib/gcc/msp430-elf/9.3.1/../../../../msp430-elf/lib/large\libc.a(lib_a-wctomb_r.o)
                0x00001d06                __wctomb
 .data._sbrk_heap
                0x00001d0a        0x4 c:/ti/msp430-gcc/bin/../lib/gcc/msp430-elf/9.3.1/../../../../msp430-elf/lib/large\libnosys.a(sbrk.o)
                0x00001d0a                _sbrk_heap
 .data          0x00001d0e       0x4b c:/ti/msp430-gcc/bin/../lib/gcc/msp430-elf/9.3.1/../../../../msp430-elf/lib/large\libnosys.a(cio.o)
                0x00001d0e                _CIOBUF_
                0x00001d0e                __CIOBUF__
 *(.gnu.linkonce.d.*personality*)
 *(.data1)
 *(.got.plt)
 *(.got)
                0x00001d5a                . = ALIGN (0x2)
 *fill*         0x00001d59        0x1 
 *(.sdata .sdata.* .gnu.linkonce.s.* D_2 D_1)
                0x00001d5a                . = ALIGN (0x2)
                0x00001d5a                _edata = .
                [!provide]                PROVIDE (edata = .)
                [!provide]                PROVIDE (__dataend = .)
                0x00004298                PROVIDE (__romdatastart = LOADADDR (.lower.data))
                0x0000015a                PROVIDE (__romdatacopysize = (SIZEOF (.lower.data) + SIZEOF (.data)))

.upper.data     0x00010000        0x2 load address 0x000043f2
                0x000043f2                __upper_data_init = LOADADDR (.upper.data)
                0x00010000        0x2 SHORT 0x1
                0x00010002                __high_datastart = .
 *(.upper.data.* .upper.data)
                0x00010002                __high_dataend = .
                0x00000000                __rom_highdatacopysize = (SIZEOF (.upper.data) - 0x2)
                0x000043f4                __rom_highdatastart = (LOADADDR (.upper.data) + 0x2)

.lower.bss      0x00001d5a        0x0
                0x00001d5a                . = ALIGN (0x2)
                0x00001d5a                PROVIDE (__bssstart = .)
 *(.lower.bss.* .lower.bss)

.bss            0x00001d5a       0x7e
                0x00001d5a                . = ALIGN (0x2)
                [!provide]                PROVIDE (__bssstart = .)
 *(.dynbss)
 *(.sbss .sbss.*)
 *(.bss .bss.* .gnu.linkonce.b.*)
 .bss           0x00001d5a       0x52 ./main.o
                0x00001d5a                cipherkey
                0x00001d7a                isFRAMInitialized
                0x00001d7c                O_encrypted_ECB
                0x00001d8c                W_encrypted_ECB
                0x00001d9c                I_encrypted_ECB
 .bss           0x00001dac       0x21 ./rng.o
                0x00001dac                ctr_drbg_state
 *fill*         0x00001dcd        0x1 
 .bss.__malloc_sbrk_start
                0x00001dce        0x4 c:/ti/msp430-gcc/bin/../lib/gcc/msp430-elf/9.3.1/../../../../msp430-elf/lib/large\libc.a(lib_a-nano-mallocr.o)
                0x00001dce                __malloc_sbrk_start
 .bss.__malloc_free_list
                0x00001dd2        0x4 c:/ti/msp430-gcc/bin/../lib/gcc/msp430-elf/9.3.1/../../../../msp430-elf/lib/large\libc.a(lib_a-nano-mallocr.o)
                0x00001dd2                __malloc_free_list
 .bss.errno     0x00001dd6        0x2 c:/ti/msp430-gcc/bin/../lib/gcc/msp430-elf/9.3.1/../../../../msp430-elf/lib/large\libc.a(lib_a-reent.o)
                0x00001dd6                errno
                0x00001dd8                . = ALIGN (0x2)
 *(COMMON)
                [!provide]                PROVIDE (__bssend = .)
                0x0000007e                PROVIDE (__bsssize = (SIZEOF (.lower.bss) + SIZEOF (.bss)))

.noinit         0x00001dd8        0x0
                0x00001dd8                . = ALIGN (0x2)
                [!provide]                PROVIDE (__noinit_start = .)
 *(.noinit)
                0x00001dd8                . = ALIGN (0x2)
                [!provide]                PROVIDE (__noinit_end = .)

.upper.bss      0x00010002        0x0
                0x00010002                . = ALIGN (0x2)
                0x00010002                __high_bssstart = .
 *(.upper.bss.* .upper.bss)
                0x00010002                . = ALIGN (0x2)
                0x00010002                __high_bssend = .
                0x00000000                __high_bsssize = SIZEOF (.upper.bss)

.heap           0x00001dd8        0x4
                0x00001dd8                . = ALIGN (0x2)
                0x00001dd8                __heap_start__ = .
                0x00001dd8                _end = __heap_start__
                0x00001dd8                PROVIDE (end = .)
 *(.heap)
                0x00001dd8                _end = .
                [!provide]                PROVIDE (end = .)
                0x00001dd8        0x4 LONG 0x0
                0x00001ddc                __heap_end__ = .
                0x00001ddc                __HeapLimit = __heap_end__

.stack          0x00002c00        0x0
                0x00002c00                PROVIDE (__stack = .)
 *(.stack)

.lower.text     0x000043f4        0x0
                0x000043f4                . = ALIGN (0x2)
 *(.lower.text.* .lower.text)

.text           0x000043f4     0x3782
                0x000043f4                PROVIDE (_start = .)
                0x000043f4                . = ALIGN (0x2)
 *(SORT_BY_NAME(.crt_*))
 .crt_0000start
                0x000043f4        0x4 c:/ti/msp430-gcc/bin/../lib/gcc/msp430-elf/9.3.1/../../../../msp430-elf/lib/large/crt0.o
                0x000043f4                __crt0_start
 .crt_0100init_bss
                0x000043f8       0x10 c:/ti/msp430-gcc/bin/../lib/gcc/msp430-elf/9.3.1/../../../../msp430-elf/lib/large\libcrt.a(crt_bss.o)
                0x000043f8                __crt0_init_bss
 .crt_0300movedata
                0x00004408       0x14 c:/ti/msp430-gcc/bin/../lib/gcc/msp430-elf/9.3.1/../../../../msp430-elf/lib/large\libcrt.a(crt_movedata.o)
                0x00004408                __crt0_movedata
 .crt_0800call_main
                0x0000441c        0x6 c:/ti/msp430-gcc/bin/../lib/gcc/msp430-elf/9.3.1/../../../../msp430-elf/lib/large\libcrt.a(crt_main.o)
                0x0000441c                __crt0_call_main
 .crt_0900call_exit
                0x00004422        0x4 c:/ti/msp430-gcc/bin/../lib/gcc/msp430-elf/9.3.1/../../../../msp430-elf/lib/large\libcrt.a(crt_callexit.o)
                0x00004422                __crt0_call_exit
                0x00004426                . = ALIGN (0x2)
 *(.lowtext)
 .lowtext       0x00004426       0x42 ./libPF/PF_sim.o
                0x00004426                Timer_A
                0x00004468                . = ALIGN (0x2)
 *(.text .stub .text.* .gnu.linkonce.t.* .text:*)
 .text          0x00004468      0x34e ./AESoperations.o
                0x00004468                generateRandomKey
                0x000044f8                encryptAndStoreInFRAM
                0x00004520                decryptAndStoreInSRAM
                0x00004548                AES256_decryptMatrix_ECB
                0x000045b8                AES256_encryptMatrix_ECB
 .text          0x000047b6      0x298 ./main.o
                0x000047b6                main
 .text          0x00004a4e      0x6e4 ./matrix_multiplication.o
                0x00004a4e                Basic_Multiplication
                0x00004ade                Print_Matrix
                0x00004b34                Initialiaze_Matrix
                0x00004b74                Matrix_Equality
                0x00004bbc                Tiled_Multiplication
                0x00004cae                Tiled_Decryption_Multiplication
 .text          0x00005132      0x558 ./rng.o
                0x00005670                rng_generateBytes
 .text          0x0000568a      0x3bc ../driverlib_objs/aes256.o
                0x0000568a                AES256_setCipherKey
                0x00005702                AES256_encryptData
                0x0000578e                AES256_decryptData
                0x0000581a                AES256_setDecipherKey
                0x00005892                AES256_clearInterrupt
                0x0000589c                AES256_getInterruptStatus
                0x000058aa                AES256_enableInterrupt
                0x000058b4                AES256_disableInterrupt
                0x000058be                AES256_reset
                0x000058c8                AES256_startEncryptData
                0x00005916                AES256_startDecryptData
                0x00005964                AES256_startSetDecipherKey
                0x000059d0                AES256_getDataOut
                0x00005a26                AES256_isBusy
                0x00005a30                AES256_clearErrorFlag
                0x00005a3a                AES256_getErrorFlagStatus
 .text          0x00005a46       0x68 ../driverlib_objs/wdt_a.o
                0x00005a46                WDT_A_hold
                0x00005a5c                WDT_A_start
                0x00005a6e                WDT_A_resetTimer
                0x00005a82                WDT_A_initWatchdogTimer
                0x00005a98                WDT_A_initIntervalTimer
 .text          0x00005aae       0x76 ./libPF/PF_sim.o
                0x00005b1a                PF_sim_start
 .text.udivmodhi4
                0x00005b24       0x3c c:/ti/msp430-gcc/bin/../lib/gcc/msp430-elf/9.3.1/large\libgcc.a(lib2divHI.o)
                0x00005b24                udivmodhi4
 .text.__divhi3
                0x00005b60       0x30 c:/ti/msp430-gcc/bin/../lib/gcc/msp430-elf/9.3.1/large\libgcc.a(lib2divHI.o)
                0x00005b60                __mspabi_divi
 .text.__umodhi3
                0x00005b90        0x8 c:/ti/msp430-gcc/bin/../lib/gcc/msp430-elf/9.3.1/large\libgcc.a(lib2divHI.o)
                0x00005b90                __mspabi_remu
 .text.malloc   0x00005b98        0xc c:/ti/msp430-gcc/bin/../lib/gcc/msp430-elf/9.3.1/../../../../msp430-elf/lib/large\libc.a(lib_a-malloc.o)
                0x00005b98                malloc
 .text.free     0x00005ba4        0xc c:/ti/msp430-gcc/bin/../lib/gcc/msp430-elf/9.3.1/../../../../msp430-elf/lib/large\libc.a(lib_a-malloc.o)
                0x00005ba4                free
 .text.memcpy   0x00005bb0       0x20 c:/ti/msp430-gcc/bin/../lib/gcc/msp430-elf/9.3.1/../../../../msp430-elf/lib/large\libc.a(lib_a-memcpy.o)
                0x00005bb0                memcpy
 .text.memset   0x00005bd0       0x1a c:/ti/msp430-gcc/bin/../lib/gcc/msp430-elf/9.3.1/../../../../msp430-elf/lib/large\libc.a(lib_a-memset.o)
                0x00005bd0                memset
 .text._free_r  0x00005bea      0x134 c:/ti/msp430-gcc/bin/../lib/gcc/msp430-elf/9.3.1/../../../../msp430-elf/lib/large\libc.a(lib_a-nano-freer.o)
                0x00005bea                _free_r
 .text._malloc_r
                0x00005d1e      0x12a c:/ti/msp430-gcc/bin/../lib/gcc/msp430-elf/9.3.1/../../../../msp430-elf/lib/large\libc.a(lib_a-nano-mallocr.o)
                0x00005d1e                _malloc_r
 .text.printf   0x00005e48       0x30 c:/ti/msp430-gcc/bin/../lib/gcc/msp430-elf/9.3.1/../../../../msp430-elf/lib/large\libc.a(lib_a-printf.o)
                0x00005e48                iprintf
                0x00005e48                printf
 .text.putchar  0x00005e78       0x36 c:/ti/msp430-gcc/bin/../lib/gcc/msp430-elf/9.3.1/../../../../msp430-elf/lib/large\libc.a(lib_a-putchar.o)
                0x00005e78                putchar
 .text._putc_r  0x00005eae       0x8e c:/ti/msp430-gcc/bin/../lib/gcc/msp430-elf/9.3.1/../../../../msp430-elf/lib/large\libc.a(lib_a-putc.o)
                0x00005eae                _putc_r
 .text._puts_r  0x00005f3c       0xcc c:/ti/msp430-gcc/bin/../lib/gcc/msp430-elf/9.3.1/../../../../msp430-elf/lib/large\libc.a(lib_a-puts.o)
                0x00005f3c                _puts_r
 .text.puts     0x00006008        0xc c:/ti/msp430-gcc/bin/../lib/gcc/msp430-elf/9.3.1/../../../../msp430-elf/lib/large\libc.a(lib_a-puts.o)
                0x00006008                puts
 .text._sbrk_r  0x00006014       0x24 c:/ti/msp430-gcc/bin/../lib/gcc/msp430-elf/9.3.1/../../../../msp430-elf/lib/large\libc.a(lib_a-sbrkr.o)
                0x00006014                _sbrk_r
 .text.strlen   0x00006038       0x18 c:/ti/msp430-gcc/bin/../lib/gcc/msp430-elf/9.3.1/../../../../msp430-elf/lib/large\libc.a(lib_a-strlen.o)
                0x00006038                strlen
 .text.__swbuf_r
                0x00006050       0xdc c:/ti/msp430-gcc/bin/../lib/gcc/msp430-elf/9.3.1/../../../../msp430-elf/lib/large\libc.a(lib_a-wbuf.o)
                0x00006050                __swbuf_r
 .text.__swsetup_r
                0x0000612c      0x112 c:/ti/msp430-gcc/bin/../lib/gcc/msp430-elf/9.3.1/../../../../msp430-elf/lib/large\libc.a(lib_a-wsetup.o)
                0x0000612c                __swsetup_r
 .text.__sflush_r
                0x0000623e      0x1a6 c:/ti/msp430-gcc/bin/../lib/gcc/msp430-elf/9.3.1/../../../../msp430-elf/lib/large\libc.a(lib_a-fflush.o)
                0x0000623e                __sflush_r
 .text._fflush_r
                0x000063e4       0x60 c:/ti/msp430-gcc/bin/../lib/gcc/msp430-elf/9.3.1/../../../../msp430-elf/lib/large\libc.a(lib_a-fflush.o)
                0x000063e4                _fflush_r
 .text._cleanup_r
                0x00006444        0xa c:/ti/msp430-gcc/bin/../lib/gcc/msp430-elf/9.3.1/../../../../msp430-elf/lib/large\libc.a(lib_a-findfp.o)
                0x00006444                _cleanup_r
 .text.std.isra.0
                0x0000644e       0x62 c:/ti/msp430-gcc/bin/../lib/gcc/msp430-elf/9.3.1/../../../../msp430-elf/lib/large\libc.a(lib_a-findfp.o)
 .text.__sfmoreglue
                0x000064b0       0x50 c:/ti/msp430-gcc/bin/../lib/gcc/msp430-elf/9.3.1/../../../../msp430-elf/lib/large\libc.a(lib_a-findfp.o)
                0x000064b0                __sfmoreglue
 .text.__sinit  0x00006500       0x7c c:/ti/msp430-gcc/bin/../lib/gcc/msp430-elf/9.3.1/../../../../msp430-elf/lib/large\libc.a(lib_a-findfp.o)
                0x00006500                __sinit
 .text.__sfp    0x0000657c       0xba c:/ti/msp430-gcc/bin/../lib/gcc/msp430-elf/9.3.1/../../../../msp430-elf/lib/large\libc.a(lib_a-findfp.o)
                0x0000657c                __sfp
 .text.__sfp_lock_acquire
                0x00006636        0x2 c:/ti/msp430-gcc/bin/../lib/gcc/msp430-elf/9.3.1/../../../../msp430-elf/lib/large\libc.a(lib_a-findfp.o)
                0x00006636                __sfp_lock_acquire
 .text.__sfp_lock_release
                0x00006638        0x2 c:/ti/msp430-gcc/bin/../lib/gcc/msp430-elf/9.3.1/../../../../msp430-elf/lib/large\libc.a(lib_a-findfp.o)
                0x00006638                __sfp_lock_release
 .text.__sfvwrite_r
                0x0000663a      0x3d8 c:/ti/msp430-gcc/bin/../lib/gcc/msp430-elf/9.3.1/../../../../msp430-elf/lib/large\libc.a(lib_a-fvwrite.o)
                0x0000663a                __sfvwrite_r
 .text._fwalk_reent
                0x00006a12       0x4c c:/ti/msp430-gcc/bin/../lib/gcc/msp430-elf/9.3.1/../../../../msp430-elf/lib/large\libc.a(lib_a-fwalk.o)
                0x00006a12                _fwalk_reent
 .text.__swhatbuf_r
                0x00006a5e       0x82 c:/ti/msp430-gcc/bin/../lib/gcc/msp430-elf/9.3.1/../../../../msp430-elf/lib/large\libc.a(lib_a-makebuf.o)
                0x00006a5e                __swhatbuf_r
 .text.__smakebuf_r
                0x00006ae0       0x9e c:/ti/msp430-gcc/bin/../lib/gcc/msp430-elf/9.3.1/../../../../msp430-elf/lib/large\libc.a(lib_a-makebuf.o)
                0x00006ae0                __smakebuf_r
 .text.memchr   0x00006b7e       0x24 c:/ti/msp430-gcc/bin/../lib/gcc/msp430-elf/9.3.1/../../../../msp430-elf/lib/large\libc.a(lib_a-memchr.o)
                0x00006b7e                memchr
 .text.memmove  0x00006ba2       0x54 c:/ti/msp430-gcc/bin/../lib/gcc/msp430-elf/9.3.1/../../../../msp430-elf/lib/large\libc.a(lib_a-memmove.o)
                0x00006ba2                memmove
 .text._realloc_r
                0x00006bf6       0x66 c:/ti/msp430-gcc/bin/../lib/gcc/msp430-elf/9.3.1/../../../../msp430-elf/lib/large\libc.a(lib_a-nano-reallocr.o)
                0x00006bf6                _realloc_r
 .text.__sfputc_r
                0x00006c5c       0x38 c:/ti/msp430-gcc/bin/../lib/gcc/msp430-elf/9.3.1/../../../../msp430-elf/lib/large\libc.a(lib_a-nano-vfprintf.o)
 .text.__sfputs_r
                0x00006c94       0x5c c:/ti/msp430-gcc/bin/../lib/gcc/msp430-elf/9.3.1/../../../../msp430-elf/lib/large\libc.a(lib_a-nano-vfprintf.o)
                0x00006c94                __sfputs_r
 .text._vfprintf_r
                0x00006cf0      0x2c2 c:/ti/msp430-gcc/bin/../lib/gcc/msp430-elf/9.3.1/../../../../msp430-elf/lib/large\libc.a(lib_a-nano-vfprintf.o)
                0x00006cf0                _vfprintf_r
                0x00006cf0                _vfiprintf_r
 .text.__sread  0x00006fb2       0x4a c:/ti/msp430-gcc/bin/../lib/gcc/msp430-elf/9.3.1/../../../../msp430-elf/lib/large\libc.a(lib_a-stdio.o)
                0x00006fb2                __sread
 .text.__swrite
                0x00006ffc       0x4c c:/ti/msp430-gcc/bin/../lib/gcc/msp430-elf/9.3.1/../../../../msp430-elf/lib/large\libc.a(lib_a-stdio.o)
                0x00006ffc                __swrite
 .text.__sseek  0x00007048       0x3e c:/ti/msp430-gcc/bin/../lib/gcc/msp430-elf/9.3.1/../../../../msp430-elf/lib/large\libc.a(lib_a-stdio.o)
                0x00007048                __sseek
 .text.__sclose
                0x00007086        0xa c:/ti/msp430-gcc/bin/../lib/gcc/msp430-elf/9.3.1/../../../../msp430-elf/lib/large\libc.a(lib_a-stdio.o)
                0x00007086                __sclose
 .text._write_r
                0x00007090       0x2c c:/ti/msp430-gcc/bin/../lib/gcc/msp430-elf/9.3.1/../../../../msp430-elf/lib/large\libc.a(lib_a-writer.o)
                0x00007090                _write_r
 .text._close_r
                0x000070bc       0x22 c:/ti/msp430-gcc/bin/../lib/gcc/msp430-elf/9.3.1/../../../../msp430-elf/lib/large\libc.a(lib_a-closer.o)
                0x000070bc                _close_r
 .text._fclose_r
                0x000070de       0xd0 c:/ti/msp430-gcc/bin/../lib/gcc/msp430-elf/9.3.1/../../../../msp430-elf/lib/large\libc.a(lib_a-fclose.o)
                0x000070de                _fclose_r
 .text.__fputwc
                0x000071ae       0xbc c:/ti/msp430-gcc/bin/../lib/gcc/msp430-elf/9.3.1/../../../../msp430-elf/lib/large\libc.a(lib_a-fputwc.o)
                0x000071ae                __fputwc
 .text._fputwc_r
                0x0000726a       0x2e c:/ti/msp430-gcc/bin/../lib/gcc/msp430-elf/9.3.1/../../../../msp430-elf/lib/large\libc.a(lib_a-fputwc.o)
                0x0000726a                _fputwc_r
 .text._fstat_r
                0x00007298       0x24 c:/ti/msp430-gcc/bin/../lib/gcc/msp430-elf/9.3.1/../../../../msp430-elf/lib/large\libc.a(lib_a-fstatr.o)
                0x00007298                _fstat_r
 .text._isatty_r
                0x000072bc       0x22 c:/ti/msp430-gcc/bin/../lib/gcc/msp430-elf/9.3.1/../../../../msp430-elf/lib/large\libc.a(lib_a-isattyr.o)
                0x000072bc                _isatty_r
 .text.__locale_charset
                0x000072de        0x6 c:/ti/msp430-gcc/bin/../lib/gcc/msp430-elf/9.3.1/../../../../msp430-elf/lib/large\libc.a(lib_a-locale.o)
                0x000072de                __locale_charset
 .text.__locale_mb_cur_max
                0x000072e4        0x6 c:/ti/msp430-gcc/bin/../lib/gcc/msp430-elf/9.3.1/../../../../msp430-elf/lib/large\libc.a(lib_a-locale.o)
                0x000072e4                __locale_mb_cur_max
 .text._lseek_r
                0x000072ea       0x2e c:/ti/msp430-gcc/bin/../lib/gcc/msp430-elf/9.3.1/../../../../msp430-elf/lib/large\libc.a(lib_a-lseekr.o)
                0x000072ea                _lseek_r
 .text._malloc_usable_size_r
                0x00007318       0x32 c:/ti/msp430-gcc/bin/../lib/gcc/msp430-elf/9.3.1/../../../../msp430-elf/lib/large\libc.a(lib_a-nano-msizer.o)
                0x00007318                _malloc_usable_size_r
 .text._printf_common
                0x0000734a      0x11c c:/ti/msp430-gcc/bin/../lib/gcc/msp430-elf/9.3.1/../../../../msp430-elf/lib/large\libc.a(lib_a-nano-vfprintf_i.o)
                0x0000734a                _printf_common
 .text._printf_i
                0x00007466      0x37c c:/ti/msp430-gcc/bin/../lib/gcc/msp430-elf/9.3.1/../../../../msp430-elf/lib/large\libc.a(lib_a-nano-vfprintf_i.o)
                0x00007466                _printf_i
 .text._read_r  0x000077e2       0x2c c:/ti/msp430-gcc/bin/../lib/gcc/msp430-elf/9.3.1/../../../../msp430-elf/lib/large\libc.a(lib_a-readr.o)
                0x000077e2                _read_r
 .text._wcrtomb_r
                0x0000780e       0x80 c:/ti/msp430-gcc/bin/../lib/gcc/msp430-elf/9.3.1/../../../../msp430-elf/lib/large\libc.a(lib_a-wcrtomb.o)
                0x0000780e                _wcrtomb_r
 .text.__ascii_wctomb
                0x0000788e       0x30 c:/ti/msp430-gcc/bin/../lib/gcc/msp430-elf/9.3.1/../../../../msp430-elf/lib/large\libc.a(lib_a-wctomb_r.o)
                0x0000788e                __ascii_wctomb
 .text.udivmodsi4
                0x000078be       0x86 c:/ti/msp430-gcc/bin/../lib/gcc/msp430-elf/9.3.1/large\libgcc.a(lib2divSI.o)
                0x000078be                udivmodsi4
 .text.__udivsi3
                0x00007944       0x12 c:/ti/msp430-gcc/bin/../lib/gcc/msp430-elf/9.3.1/large\libgcc.a(lib2divSI.o)
                0x00007944                __mspabi_divlu
                0x00007944                __mspabi_divul
 .text.__umodsi3
                0x00007956       0x12 c:/ti/msp430-gcc/bin/../lib/gcc/msp430-elf/9.3.1/large\libgcc.a(lib2divSI.o)
                0x00007956                __mspabi_remul
 .text.__mspabi_slli
                0x00007968        0xa c:/ti/msp430-gcc/bin/../lib/gcc/msp430-elf/9.3.1/large\libgcc.a(slli.o)
                0x0000796c                __mspabi_slli
 .text.__mulhi2
                0x00007972       0x16 c:/ti/msp430-gcc/bin/../lib/gcc/msp430-elf/9.3.1/large\libmul_f5.a(lib2hw_mul_f5.o)
                0x00007972                __mspabi_mpyi_f5hw
                0x00007972                __mspabi_mpyi
                0x00007972                __mulhi2
 .text.__mulsi2
                0x00007988       0x22 c:/ti/msp430-gcc/bin/../lib/gcc/msp430-elf/9.3.1/large\libmul_f5.a(lib2hw_mul_f5.o)
                0x00007988                __mspabi_mpyl_f5hw
                0x00007988                __mulsi2
                0x00007988                __mspabi_mpyl
 .text.isatty   0x000079aa        0x4 c:/ti/msp430-gcc/bin/../lib/gcc/msp430-elf/9.3.1/../../../../msp430-elf/lib/large\libnosys.a(ciosyscalls.o)
                0x000079aa                _isatty
                0x000079aa                isatty
 .text.getpid   0x000079ae        0x6 c:/ti/msp430-gcc/bin/../lib/gcc/msp430-elf/9.3.1/../../../../msp430-elf/lib/large\libnosys.a(ciosyscalls.o)
                0x000079ae                getpid
 .text.close    0x000079b4       0x10 c:/ti/msp430-gcc/bin/../lib/gcc/msp430-elf/9.3.1/../../../../msp430-elf/lib/large\libnosys.a(ciosyscalls.o)
                0x000079b4                close
 .text.read     0x000079c4       0x10 c:/ti/msp430-gcc/bin/../lib/gcc/msp430-elf/9.3.1/../../../../msp430-elf/lib/large\libnosys.a(ciosyscalls.o)
                0x000079c4                read
 .text.fstat    0x000079d4       0x10 c:/ti/msp430-gcc/bin/../lib/gcc/msp430-elf/9.3.1/../../../../msp430-elf/lib/large\libnosys.a(ciosyscalls.o)
                0x000079d4                fstat
 .text.lseek    0x000079e4       0x10 c:/ti/msp430-gcc/bin/../lib/gcc/msp430-elf/9.3.1/../../../../msp430-elf/lib/large\libnosys.a(ciosyscalls.o)
                0x000079e4                lseek
 .text.kill     0x000079f4       0x10 c:/ti/msp430-gcc/bin/../lib/gcc/msp430-elf/9.3.1/../../../../msp430-elf/lib/large\libnosys.a(ciosyscalls.o)
                0x000079f4                kill
 .text.write    0x00007a04       0x74 c:/ti/msp430-gcc/bin/../lib/gcc/msp430-elf/9.3.1/../../../../msp430-elf/lib/large\libnosys.a(write.o)
                0x00007a04                write
 .text.exit     0x00007a78        0x4 c:/ti/msp430-gcc/bin/../lib/gcc/msp430-elf/9.3.1/../../../../msp430-elf/lib/large\libnosys.a(exit.o)
                0x00007a78                _exit
                0x00007a78                exit
 .text._sbrk    0x00007a7c       0x38 c:/ti/msp430-gcc/bin/../lib/gcc/msp430-elf/9.3.1/../../../../msp430-elf/lib/large\libnosys.a(sbrk.o)
                0x00007a7c                sbrk
                0x00007a7c                _sbrk
 .text          0x00007ab4        0x4 c:/ti/msp430-gcc/bin/../lib/gcc/msp430-elf/9.3.1/../../../../msp430-elf/lib/large\libnosys.a(cio.o)
                0x00007ab4                _libgloss_cio_hook
                0x00007ab4                C$$IO$$
 .text.abort    0x00007ab8        0xe c:/ti/msp430-gcc/bin/../lib/gcc/msp430-elf/9.3.1/../../../../msp430-elf/lib/large\libc.a(lib_a-abort.o)
                0x00007ab8                abort
 .text.__errno  0x00007ac6        0x6 c:/ti/msp430-gcc/bin/../lib/gcc/msp430-elf/9.3.1/../../../../msp430-elf/lib/large\libc.a(lib_a-errno.o)
                0x00007ac6                __errno
 .text._raise_r
                0x00007acc       0x74 c:/ti/msp430-gcc/bin/../lib/gcc/msp430-elf/9.3.1/../../../../msp430-elf/lib/large\libc.a(lib_a-signal.o)
                0x00007acc                _raise_r
 .text.raise    0x00007b40        0xc c:/ti/msp430-gcc/bin/../lib/gcc/msp430-elf/9.3.1/../../../../msp430-elf/lib/large\libc.a(lib_a-signal.o)
                0x00007b40                raise
 .text._kill_r  0x00007b4c       0x24 c:/ti/msp430-gcc/bin/../lib/gcc/msp430-elf/9.3.1/../../../../msp430-elf/lib/large\libc.a(lib_a-signalr.o)
                0x00007b4c                _kill_r
 .text._getpid_r
                0x00007b70        0x6 c:/ti/msp430-gcc/bin/../lib/gcc/msp430-elf/9.3.1/../../../../msp430-elf/lib/large\libc.a(lib_a-signalr.o)
                0x00007b70                _getpid_r
 *(.text.*personality*)
 *(.gnu.warning)
 *(.interp .hash .dynsym .dynstr .gnu.version*)
                [!provide]                PROVIDE (__etext = .)
                [!provide]                PROVIDE (_etext = .)
                [!provide]                PROVIDE (etext = .)
                0x00007b76                . = ALIGN (0x2)
 *(.init)
 *(.fini)
 *(.tm_clone_table)

.upper.text     0x00010002        0x0
                0x00010002                . = ALIGN (0x2)
 *(.upper.text.* .upper.text)

.infoD

.infoC

.infoB

.infoA

.MSP430.attributes
                0x00000000       0x26
 *(.MSP430.attributes)
 .MSP430.attributes
                0x00000000       0x26 c:/ti/msp430-gcc/bin/../lib/gcc/msp430-elf/9.3.1/../../../../msp430-elf/lib/large/crt0.o
 .MSP430.attributes
                0x00000026       0x26 c:/ti/msp430-gcc/bin/../lib/gcc/msp430-elf/9.3.1/large/crtbegin_no_eh.o
 .MSP430.attributes
                0x0000004c       0x26 ./AESoperations.o
 .MSP430.attributes
                0x00000072       0x26 ./accel.o
 .MSP430.attributes
                0x00000098       0x26 ./main.o
 .MSP430.attributes
                0x000000be       0x26 ./matrix_multiplication.o
 .MSP430.attributes
                0x000000e4       0x26 ./rng.o
 .MSP430.attributes
                0x0000010a       0x26 ./watchdog.o
 .MSP430.attributes
                0x00000130       0x26 ../driverlib_objs/aes256.o
 .MSP430.attributes
                0x00000156       0x26 ../driverlib_objs/wdt_a.o
 .MSP430.attributes
                0x0000017c       0x26 ./libPF/PF_sim.o
 .MSP430.attributes
                0x000001a2       0x26 c:/ti/msp430-gcc/bin/../lib/gcc/msp430-elf/9.3.1/large\libgcc.a(lib2divHI.o)
 .MSP430.attributes
                0x000001c8       0x26 c:/ti/msp430-gcc/bin/../lib/gcc/msp430-elf/9.3.1/../../../../msp430-elf/lib/large\libc.a(lib_a-malloc.o)
 .MSP430.attributes
                0x000001ee       0x26 c:/ti/msp430-gcc/bin/../lib/gcc/msp430-elf/9.3.1/../../../../msp430-elf/lib/large\libc.a(lib_a-memcpy.o)
 .MSP430.attributes
                0x00000214       0x26 c:/ti/msp430-gcc/bin/../lib/gcc/msp430-elf/9.3.1/../../../../msp430-elf/lib/large\libc.a(lib_a-memset.o)
 .MSP430.attributes
                0x0000023a       0x26 c:/ti/msp430-gcc/bin/../lib/gcc/msp430-elf/9.3.1/../../../../msp430-elf/lib/large\libc.a(lib_a-nano-freer.o)
 .MSP430.attributes
                0x00000260       0x26 c:/ti/msp430-gcc/bin/../lib/gcc/msp430-elf/9.3.1/../../../../msp430-elf/lib/large\libc.a(lib_a-nano-mallocr.o)
 .MSP430.attributes
                0x00000286       0x26 c:/ti/msp430-gcc/bin/../lib/gcc/msp430-elf/9.3.1/../../../../msp430-elf/lib/large\libc.a(lib_a-printf.o)
 .MSP430.attributes
                0x000002ac       0x26 c:/ti/msp430-gcc/bin/../lib/gcc/msp430-elf/9.3.1/../../../../msp430-elf/lib/large\libc.a(lib_a-putchar.o)
 .MSP430.attributes
                0x000002d2       0x26 c:/ti/msp430-gcc/bin/../lib/gcc/msp430-elf/9.3.1/../../../../msp430-elf/lib/large\libc.a(lib_a-putc.o)
 .MSP430.attributes
                0x000002f8       0x26 c:/ti/msp430-gcc/bin/../lib/gcc/msp430-elf/9.3.1/../../../../msp430-elf/lib/large\libc.a(lib_a-puts.o)
 .MSP430.attributes
                0x0000031e       0x26 c:/ti/msp430-gcc/bin/../lib/gcc/msp430-elf/9.3.1/../../../../msp430-elf/lib/large\libc.a(lib_a-sbrkr.o)
 .MSP430.attributes
                0x00000344       0x26 c:/ti/msp430-gcc/bin/../lib/gcc/msp430-elf/9.3.1/../../../../msp430-elf/lib/large\libc.a(lib_a-strlen.o)
 .MSP430.attributes
                0x0000036a       0x26 c:/ti/msp430-gcc/bin/../lib/gcc/msp430-elf/9.3.1/../../../../msp430-elf/lib/large\libc.a(lib_a-wbuf.o)
 .MSP430.attributes
                0x00000390       0x26 c:/ti/msp430-gcc/bin/../lib/gcc/msp430-elf/9.3.1/../../../../msp430-elf/lib/large\libc.a(lib_a-wsetup.o)
 .MSP430.attributes
                0x000003b6       0x26 c:/ti/msp430-gcc/bin/../lib/gcc/msp430-elf/9.3.1/../../../../msp430-elf/lib/large\libc.a(lib_a-fflush.o)
 .MSP430.attributes
                0x000003dc       0x26 c:/ti/msp430-gcc/bin/../lib/gcc/msp430-elf/9.3.1/../../../../msp430-elf/lib/large\libc.a(lib_a-findfp.o)
 .MSP430.attributes
                0x00000402       0x26 c:/ti/msp430-gcc/bin/../lib/gcc/msp430-elf/9.3.1/../../../../msp430-elf/lib/large\libc.a(lib_a-fvwrite.o)
 .MSP430.attributes
                0x00000428       0x26 c:/ti/msp430-gcc/bin/../lib/gcc/msp430-elf/9.3.1/../../../../msp430-elf/lib/large\libc.a(lib_a-fwalk.o)
 .MSP430.attributes
                0x0000044e       0x26 c:/ti/msp430-gcc/bin/../lib/gcc/msp430-elf/9.3.1/../../../../msp430-elf/lib/large\libc.a(lib_a-impure.o)
 .MSP430.attributes
                0x00000474       0x26 c:/ti/msp430-gcc/bin/../lib/gcc/msp430-elf/9.3.1/../../../../msp430-elf/lib/large\libc.a(lib_a-makebuf.o)
 .MSP430.attributes
                0x0000049a       0x26 c:/ti/msp430-gcc/bin/../lib/gcc/msp430-elf/9.3.1/../../../../msp430-elf/lib/large\libc.a(lib_a-memchr.o)
 .MSP430.attributes
                0x000004c0       0x26 c:/ti/msp430-gcc/bin/../lib/gcc/msp430-elf/9.3.1/../../../../msp430-elf/lib/large\libc.a(lib_a-memmove.o)
 .MSP430.attributes
                0x000004e6       0x26 c:/ti/msp430-gcc/bin/../lib/gcc/msp430-elf/9.3.1/../../../../msp430-elf/lib/large\libc.a(lib_a-nano-reallocr.o)
 .MSP430.attributes
                0x0000050c       0x26 c:/ti/msp430-gcc/bin/../lib/gcc/msp430-elf/9.3.1/../../../../msp430-elf/lib/large\libc.a(lib_a-nano-vfprintf.o)
 .MSP430.attributes
                0x00000532       0x26 c:/ti/msp430-gcc/bin/../lib/gcc/msp430-elf/9.3.1/../../../../msp430-elf/lib/large\libc.a(lib_a-reent.o)
 .MSP430.attributes
                0x00000558       0x26 c:/ti/msp430-gcc/bin/../lib/gcc/msp430-elf/9.3.1/../../../../msp430-elf/lib/large\libc.a(lib_a-stdio.o)
 .MSP430.attributes
                0x0000057e       0x26 c:/ti/msp430-gcc/bin/../lib/gcc/msp430-elf/9.3.1/../../../../msp430-elf/lib/large\libc.a(lib_a-writer.o)
 .MSP430.attributes
                0x000005a4       0x26 c:/ti/msp430-gcc/bin/../lib/gcc/msp430-elf/9.3.1/../../../../msp430-elf/lib/large\libc.a(lib_a-closer.o)
 .MSP430.attributes
                0x000005ca       0x26 c:/ti/msp430-gcc/bin/../lib/gcc/msp430-elf/9.3.1/../../../../msp430-elf/lib/large\libc.a(lib_a-fclose.o)
 .MSP430.attributes
                0x000005f0       0x26 c:/ti/msp430-gcc/bin/../lib/gcc/msp430-elf/9.3.1/../../../../msp430-elf/lib/large\libc.a(lib_a-fputwc.o)
 .MSP430.attributes
                0x00000616       0x26 c:/ti/msp430-gcc/bin/../lib/gcc/msp430-elf/9.3.1/../../../../msp430-elf/lib/large\libc.a(lib_a-fstatr.o)
 .MSP430.attributes
                0x0000063c       0x26 c:/ti/msp430-gcc/bin/../lib/gcc/msp430-elf/9.3.1/../../../../msp430-elf/lib/large\libc.a(lib_a-isattyr.o)
 .MSP430.attributes
                0x00000662       0x26 c:/ti/msp430-gcc/bin/../lib/gcc/msp430-elf/9.3.1/../../../../msp430-elf/lib/large\libc.a(lib_a-locale.o)
 .MSP430.attributes
                0x00000688       0x26 c:/ti/msp430-gcc/bin/../lib/gcc/msp430-elf/9.3.1/../../../../msp430-elf/lib/large\libc.a(lib_a-lseekr.o)
 .MSP430.attributes
                0x000006ae       0x26 c:/ti/msp430-gcc/bin/../lib/gcc/msp430-elf/9.3.1/../../../../msp430-elf/lib/large\libc.a(lib_a-nano-msizer.o)
 .MSP430.attributes
                0x000006d4       0x26 c:/ti/msp430-gcc/bin/../lib/gcc/msp430-elf/9.3.1/../../../../msp430-elf/lib/large\libc.a(lib_a-nano-vfprintf_i.o)
 .MSP430.attributes
                0x000006fa       0x26 c:/ti/msp430-gcc/bin/../lib/gcc/msp430-elf/9.3.1/../../../../msp430-elf/lib/large\libc.a(lib_a-readr.o)
 .MSP430.attributes
                0x00000720       0x26 c:/ti/msp430-gcc/bin/../lib/gcc/msp430-elf/9.3.1/../../../../msp430-elf/lib/large\libc.a(lib_a-strcmp.o)
 .MSP430.attributes
                0x00000746       0x26 c:/ti/msp430-gcc/bin/../lib/gcc/msp430-elf/9.3.1/../../../../msp430-elf/lib/large\libc.a(lib_a-wcrtomb.o)
 .MSP430.attributes
                0x0000076c       0x26 c:/ti/msp430-gcc/bin/../lib/gcc/msp430-elf/9.3.1/../../../../msp430-elf/lib/large\libc.a(lib_a-wctomb_r.o)
 .MSP430.attributes
                0x00000792       0x26 c:/ti/msp430-gcc/bin/../lib/gcc/msp430-elf/9.3.1/large\libgcc.a(lib2divSI.o)
 .MSP430.attributes
                0x000007b8       0x26 c:/ti/msp430-gcc/bin/../lib/gcc/msp430-elf/9.3.1/large\libgcc.a(slli.o)
 .MSP430.attributes
                0x000007de       0x26 c:/ti/msp430-gcc/bin/../lib/gcc/msp430-elf/9.3.1/large\libgcc.a(srai.o)
 .MSP430.attributes
                0x00000804       0x26 c:/ti/msp430-gcc/bin/../lib/gcc/msp430-elf/9.3.1/large\libgcc.a(_udivdi3.o)
 .MSP430.attributes
                0x0000082a       0x26 c:/ti/msp430-gcc/bin/../lib/gcc/msp430-elf/9.3.1/large\libgcc.a(srli.o)
 .MSP430.attributes
                0x00000850       0x26 c:/ti/msp430-gcc/bin/../lib/gcc/msp430-elf/9.3.1/large\libgcc.a(_clzdi2.o)
 .MSP430.attributes
                0x00000876       0x26 c:/ti/msp430-gcc/bin/../lib/gcc/msp430-elf/9.3.1/large\libgcc.a(_clz.o)
 .MSP430.attributes
                0x0000089c       0x26 c:/ti/msp430-gcc/bin/../lib/gcc/msp430-elf/9.3.1/large\libmul_f5.a(lib2hw_mul_f5.o)
 .MSP430.attributes
                0x000008c2       0x26 c:/ti/msp430-gcc/bin/../lib/gcc/msp430-elf/9.3.1/../../../../msp430-elf/lib/large\libcrt.a(crt_bss.o)
 .MSP430.attributes
                0x000008e8       0x26 c:/ti/msp430-gcc/bin/../lib/gcc/msp430-elf/9.3.1/../../../../msp430-elf/lib/large\libcrt.a(crt_movedata.o)
 .MSP430.attributes
                0x0000090e       0x26 c:/ti/msp430-gcc/bin/../lib/gcc/msp430-elf/9.3.1/../../../../msp430-elf/lib/large\libcrt.a(crt_main.o)
 .MSP430.attributes
                0x00000934       0x26 c:/ti/msp430-gcc/bin/../lib/gcc/msp430-elf/9.3.1/../../../../msp430-elf/lib/large\libcrt.a(crt_callexit.o)
 .MSP430.attributes
                0x0000095a       0x26 c:/ti/msp430-gcc/bin/../lib/gcc/msp430-elf/9.3.1/../../../../msp430-elf/lib/large\libnosys.a(ciosyscalls.o)
 .MSP430.attributes
                0x00000980       0x26 c:/ti/msp430-gcc/bin/../lib/gcc/msp430-elf/9.3.1/../../../../msp430-elf/lib/large\libnosys.a(write.o)
 .MSP430.attributes
                0x000009a6       0x26 c:/ti/msp430-gcc/bin/../lib/gcc/msp430-elf/9.3.1/../../../../msp430-elf/lib/large\libnosys.a(exit.o)
 .MSP430.attributes
                0x000009cc       0x26 c:/ti/msp430-gcc/bin/../lib/gcc/msp430-elf/9.3.1/../../../../msp430-elf/lib/large\libnosys.a(sbrk.o)
 .MSP430.attributes
                0x000009f2       0x26 c:/ti/msp430-gcc/bin/../lib/gcc/msp430-elf/9.3.1/../../../../msp430-elf/lib/large\libnosys.a(cio.o)
 .MSP430.attributes
                0x00000a18       0x26 c:/ti/msp430-gcc/bin/../lib/gcc/msp430-elf/9.3.1/../../../../msp430-elf/lib/large\libc.a(lib_a-abort.o)
 .MSP430.attributes
                0x00000a3e       0x26 c:/ti/msp430-gcc/bin/../lib/gcc/msp430-elf/9.3.1/../../../../msp430-elf/lib/large\libc.a(lib_a-errno.o)
 .MSP430.attributes
                0x00000a64       0x26 c:/ti/msp430-gcc/bin/../lib/gcc/msp430-elf/9.3.1/../../../../msp430-elf/lib/large\libc.a(lib_a-signal.o)
 .MSP430.attributes
                0x00000a8a       0x26 c:/ti/msp430-gcc/bin/../lib/gcc/msp430-elf/9.3.1/../../../../msp430-elf/lib/large\libc.a(lib_a-signalr.o)
 .MSP430.attributes
                0x00000ab0       0x26 c:/ti/msp430-gcc/bin/../lib/gcc/msp430-elf/9.3.1/large/crtend_no_eh.o
 *(.gnu.attributes)
 *(__TI_build_attributes)

.stab
 *(.stab)

.stabstr
 *(.stabstr)

.stab.excl
 *(.stab.excl)

.stab.exclstr
 *(.stab.exclstr)

.stab.index
 *(.stab.index)

.stab.indexstr
 *(.stab.indexstr)

.comment        0x00000000       0x39
 *(.comment)
 .comment       0x00000000       0x39 ./AESoperations.o
                                 0x3a (size before relaxing)
 .comment       0x00000039       0x3a ./main.o
 .comment       0x00000039       0x3a ./matrix_multiplication.o
 .comment       0x00000039       0x3a ./rng.o
 .comment       0x00000039       0x3a ../driverlib_objs/aes256.o
 .comment       0x00000039       0x3a ../driverlib_objs/wdt_a.o
 .comment       0x00000039       0x3a ./libPF/PF_sim.o
 .comment       0x00000039       0x3a c:/ti/msp430-gcc/bin/../lib/gcc/msp430-elf/9.3.1/large\libgcc.a(lib2divHI.o)
 .comment       0x00000039       0x3a c:/ti/msp430-gcc/bin/../lib/gcc/msp430-elf/9.3.1/../../../../msp430-elf/lib/large\libc.a(lib_a-malloc.o)
 .comment       0x00000039       0x3a c:/ti/msp430-gcc/bin/../lib/gcc/msp430-elf/9.3.1/../../../../msp430-elf/lib/large\libc.a(lib_a-memcpy.o)
 .comment       0x00000039       0x3a c:/ti/msp430-gcc/bin/../lib/gcc/msp430-elf/9.3.1/../../../../msp430-elf/lib/large\libc.a(lib_a-memset.o)
 .comment       0x00000039       0x3a c:/ti/msp430-gcc/bin/../lib/gcc/msp430-elf/9.3.1/../../../../msp430-elf/lib/large\libc.a(lib_a-nano-freer.o)
 .comment       0x00000039       0x3a c:/ti/msp430-gcc/bin/../lib/gcc/msp430-elf/9.3.1/../../../../msp430-elf/lib/large\libc.a(lib_a-nano-mallocr.o)
 .comment       0x00000039       0x3a c:/ti/msp430-gcc/bin/../lib/gcc/msp430-elf/9.3.1/../../../../msp430-elf/lib/large\libc.a(lib_a-printf.o)
 .comment       0x00000039       0x3a c:/ti/msp430-gcc/bin/../lib/gcc/msp430-elf/9.3.1/../../../../msp430-elf/lib/large\libc.a(lib_a-putchar.o)
 .comment       0x00000039       0x3a c:/ti/msp430-gcc/bin/../lib/gcc/msp430-elf/9.3.1/../../../../msp430-elf/lib/large\libc.a(lib_a-putc.o)
 .comment       0x00000039       0x3a c:/ti/msp430-gcc/bin/../lib/gcc/msp430-elf/9.3.1/../../../../msp430-elf/lib/large\libc.a(lib_a-puts.o)
 .comment       0x00000039       0x3a c:/ti/msp430-gcc/bin/../lib/gcc/msp430-elf/9.3.1/../../../../msp430-elf/lib/large\libc.a(lib_a-sbrkr.o)
 .comment       0x00000039       0x3a c:/ti/msp430-gcc/bin/../lib/gcc/msp430-elf/9.3.1/../../../../msp430-elf/lib/large\libc.a(lib_a-strlen.o)
 .comment       0x00000039       0x3a c:/ti/msp430-gcc/bin/../lib/gcc/msp430-elf/9.3.1/../../../../msp430-elf/lib/large\libc.a(lib_a-wbuf.o)
 .comment       0x00000039       0x3a c:/ti/msp430-gcc/bin/../lib/gcc/msp430-elf/9.3.1/../../../../msp430-elf/lib/large\libc.a(lib_a-wsetup.o)
 .comment       0x00000039       0x3a c:/ti/msp430-gcc/bin/../lib/gcc/msp430-elf/9.3.1/../../../../msp430-elf/lib/large\libc.a(lib_a-fflush.o)
 .comment       0x00000039       0x3a c:/ti/msp430-gcc/bin/../lib/gcc/msp430-elf/9.3.1/../../../../msp430-elf/lib/large\libc.a(lib_a-findfp.o)
 .comment       0x00000039       0x3a c:/ti/msp430-gcc/bin/../lib/gcc/msp430-elf/9.3.1/../../../../msp430-elf/lib/large\libc.a(lib_a-fvwrite.o)
 .comment       0x00000039       0x3a c:/ti/msp430-gcc/bin/../lib/gcc/msp430-elf/9.3.1/../../../../msp430-elf/lib/large\libc.a(lib_a-fwalk.o)
 .comment       0x00000039       0x3a c:/ti/msp430-gcc/bin/../lib/gcc/msp430-elf/9.3.1/../../../../msp430-elf/lib/large\libc.a(lib_a-impure.o)
 .comment       0x00000039       0x3a c:/ti/msp430-gcc/bin/../lib/gcc/msp430-elf/9.3.1/../../../../msp430-elf/lib/large\libc.a(lib_a-makebuf.o)
 .comment       0x00000039       0x3a c:/ti/msp430-gcc/bin/../lib/gcc/msp430-elf/9.3.1/../../../../msp430-elf/lib/large\libc.a(lib_a-memchr.o)
 .comment       0x00000039       0x3a c:/ti/msp430-gcc/bin/../lib/gcc/msp430-elf/9.3.1/../../../../msp430-elf/lib/large\libc.a(lib_a-memmove.o)
 .comment       0x00000039       0x3a c:/ti/msp430-gcc/bin/../lib/gcc/msp430-elf/9.3.1/../../../../msp430-elf/lib/large\libc.a(lib_a-nano-reallocr.o)
 .comment       0x00000039       0x3a c:/ti/msp430-gcc/bin/../lib/gcc/msp430-elf/9.3.1/../../../../msp430-elf/lib/large\libc.a(lib_a-nano-vfprintf.o)
 .comment       0x00000039       0x3a c:/ti/msp430-gcc/bin/../lib/gcc/msp430-elf/9.3.1/../../../../msp430-elf/lib/large\libc.a(lib_a-reent.o)
 .comment       0x00000039       0x3a c:/ti/msp430-gcc/bin/../lib/gcc/msp430-elf/9.3.1/../../../../msp430-elf/lib/large\libc.a(lib_a-stdio.o)
 .comment       0x00000039       0x3a c:/ti/msp430-gcc/bin/../lib/gcc/msp430-elf/9.3.1/../../../../msp430-elf/lib/large\libc.a(lib_a-writer.o)
 .comment       0x00000039       0x3a c:/ti/msp430-gcc/bin/../lib/gcc/msp430-elf/9.3.1/../../../../msp430-elf/lib/large\libc.a(lib_a-closer.o)
 .comment       0x00000039       0x3a c:/ti/msp430-gcc/bin/../lib/gcc/msp430-elf/9.3.1/../../../../msp430-elf/lib/large\libc.a(lib_a-fclose.o)
 .comment       0x00000039       0x3a c:/ti/msp430-gcc/bin/../lib/gcc/msp430-elf/9.3.1/../../../../msp430-elf/lib/large\libc.a(lib_a-fputwc.o)
 .comment       0x00000039       0x3a c:/ti/msp430-gcc/bin/../lib/gcc/msp430-elf/9.3.1/../../../../msp430-elf/lib/large\libc.a(lib_a-fstatr.o)
 .comment       0x00000039       0x3a c:/ti/msp430-gcc/bin/../lib/gcc/msp430-elf/9.3.1/../../../../msp430-elf/lib/large\libc.a(lib_a-isattyr.o)
 .comment       0x00000039       0x3a c:/ti/msp430-gcc/bin/../lib/gcc/msp430-elf/9.3.1/../../../../msp430-elf/lib/large\libc.a(lib_a-locale.o)
 .comment       0x00000039       0x3a c:/ti/msp430-gcc/bin/../lib/gcc/msp430-elf/9.3.1/../../../../msp430-elf/lib/large\libc.a(lib_a-lseekr.o)
 .comment       0x00000039       0x3a c:/ti/msp430-gcc/bin/../lib/gcc/msp430-elf/9.3.1/../../../../msp430-elf/lib/large\libc.a(lib_a-nano-msizer.o)
 .comment       0x00000039       0x3a c:/ti/msp430-gcc/bin/../lib/gcc/msp430-elf/9.3.1/../../../../msp430-elf/lib/large\libc.a(lib_a-nano-vfprintf_i.o)
 .comment       0x00000039       0x3a c:/ti/msp430-gcc/bin/../lib/gcc/msp430-elf/9.3.1/../../../../msp430-elf/lib/large\libc.a(lib_a-readr.o)
 .comment       0x00000039       0x3a c:/ti/msp430-gcc/bin/../lib/gcc/msp430-elf/9.3.1/../../../../msp430-elf/lib/large\libc.a(lib_a-wcrtomb.o)
 .comment       0x00000039       0x3a c:/ti/msp430-gcc/bin/../lib/gcc/msp430-elf/9.3.1/../../../../msp430-elf/lib/large\libc.a(lib_a-wctomb_r.o)
 .comment       0x00000039       0x3a c:/ti/msp430-gcc/bin/../lib/gcc/msp430-elf/9.3.1/large\libgcc.a(lib2divSI.o)
 .comment       0x00000039       0x3a c:/ti/msp430-gcc/bin/../lib/gcc/msp430-elf/9.3.1/large\libgcc.a(_udivdi3.o)
 .comment       0x00000039       0x3a c:/ti/msp430-gcc/bin/../lib/gcc/msp430-elf/9.3.1/../../../../msp430-elf/lib/large\libnosys.a(write.o)
 .comment       0x00000039       0x3a c:/ti/msp430-gcc/bin/../lib/gcc/msp430-elf/9.3.1/../../../../msp430-elf/lib/large\libnosys.a(exit.o)
 .comment       0x00000039       0x3a c:/ti/msp430-gcc/bin/../lib/gcc/msp430-elf/9.3.1/../../../../msp430-elf/lib/large\libnosys.a(sbrk.o)
 .comment       0x00000039       0x3a c:/ti/msp430-gcc/bin/../lib/gcc/msp430-elf/9.3.1/../../../../msp430-elf/lib/large\libc.a(lib_a-abort.o)
 .comment       0x00000039       0x3a c:/ti/msp430-gcc/bin/../lib/gcc/msp430-elf/9.3.1/../../../../msp430-elf/lib/large\libc.a(lib_a-errno.o)
 .comment       0x00000039       0x3a c:/ti/msp430-gcc/bin/../lib/gcc/msp430-elf/9.3.1/../../../../msp430-elf/lib/large\libc.a(lib_a-signal.o)
 .comment       0x00000039       0x3a c:/ti/msp430-gcc/bin/../lib/gcc/msp430-elf/9.3.1/../../../../msp430-elf/lib/large\libc.a(lib_a-signalr.o)

.debug
 *(.debug)

.line
 *(.line)

.debug_srcinfo
 *(.debug_srcinfo)

.debug_sfnames
 *(.debug_sfnames)

.debug_aranges  0x00000000      0x1c0
 *(.debug_aranges)
 .debug_aranges
                0x00000000       0x20 ./AESoperations.o
 .debug_aranges
                0x00000020       0x20 ./main.o
 .debug_aranges
                0x00000040       0x20 ./matrix_multiplication.o
 .debug_aranges
                0x00000060       0x20 ./rng.o
 .debug_aranges
                0x00000080       0x20 ../driverlib_objs/aes256.o
 .debug_aranges
                0x000000a0       0x20 ../driverlib_objs/wdt_a.o
 .debug_aranges
                0x000000c0       0x28 ./libPF/PF_sim.o
 .debug_aranges
                0x000000e8       0x58 c:/ti/msp430-gcc/bin/../lib/gcc/msp430-elf/9.3.1/../../../../msp430-elf/lib/large\libnosys.a(ciosyscalls.o)
 .debug_aranges
                0x00000140       0x20 c:/ti/msp430-gcc/bin/../lib/gcc/msp430-elf/9.3.1/../../../../msp430-elf/lib/large\libnosys.a(write.o)
 .debug_aranges
                0x00000160       0x20 c:/ti/msp430-gcc/bin/../lib/gcc/msp430-elf/9.3.1/../../../../msp430-elf/lib/large\libnosys.a(exit.o)
 .debug_aranges
                0x00000180       0x20 c:/ti/msp430-gcc/bin/../lib/gcc/msp430-elf/9.3.1/../../../../msp430-elf/lib/large\libnosys.a(sbrk.o)
 .debug_aranges
                0x000001a0       0x20 c:/ti/msp430-gcc/bin/../lib/gcc/msp430-elf/9.3.1/../../../../msp430-elf/lib/large\libnosys.a(cio.o)

.debug_pubnames
 *(.debug_pubnames)

.debug_info     0x00000000    0x2a753
 *(.debug_info .gnu.linkonce.wi.*)
 .debug_info    0x00000000     0x639d ./AESoperations.o
 .debug_info    0x0000639d     0x61c6 ./main.o
 .debug_info    0x0000c563     0x656f ./matrix_multiplication.o
 .debug_info    0x00012ad2     0x5b22 ./rng.o
 .debug_info    0x000185f4     0x5bdf ../driverlib_objs/aes256.o
 .debug_info    0x0001e1d3     0x587a ../driverlib_objs/wdt_a.o
 .debug_info    0x00023a4d     0x6089 ./libPF/PF_sim.o
 .debug_info    0x00029ad6       0x22 c:/ti/msp430-gcc/bin/../lib/gcc/msp430-elf/9.3.1/../../../../msp430-elf/lib/large\libnosys.a(ciosyscalls.o)
 .debug_info    0x00029af8      0xabe c:/ti/msp430-gcc/bin/../lib/gcc/msp430-elf/9.3.1/../../../../msp430-elf/lib/large\libnosys.a(write.o)
 .debug_info    0x0002a5b6       0x4f c:/ti/msp430-gcc/bin/../lib/gcc/msp430-elf/9.3.1/../../../../msp430-elf/lib/large\libnosys.a(exit.o)
 .debug_info    0x0002a605      0x128 c:/ti/msp430-gcc/bin/../lib/gcc/msp430-elf/9.3.1/../../../../msp430-elf/lib/large\libnosys.a(sbrk.o)
 .debug_info    0x0002a72d       0x26 c:/ti/msp430-gcc/bin/../lib/gcc/msp430-elf/9.3.1/../../../../msp430-elf/lib/large\libnosys.a(cio.o)

.debug_abbrev   0x00000000     0x1186
 *(.debug_abbrev)
 .debug_abbrev  0x00000000      0x266 ./AESoperations.o
 .debug_abbrev  0x00000266      0x1df ./main.o
 .debug_abbrev  0x00000445      0x275 ./matrix_multiplication.o
 .debug_abbrev  0x000006ba      0x266 ./rng.o
 .debug_abbrev  0x00000920      0x1b0 ../driverlib_objs/aes256.o
 .debug_abbrev  0x00000ad0       0xeb ../driverlib_objs/wdt_a.o
 .debug_abbrev  0x00000bbb      0x1da ./libPF/PF_sim.o
 .debug_abbrev  0x00000d95       0x12 c:/ti/msp430-gcc/bin/../lib/gcc/msp430-elf/9.3.1/../../../../msp430-elf/lib/large\libnosys.a(ciosyscalls.o)
 .debug_abbrev  0x00000da7      0x264 c:/ti/msp430-gcc/bin/../lib/gcc/msp430-elf/9.3.1/../../../../msp430-elf/lib/large\libnosys.a(write.o)
 .debug_abbrev  0x0000100b       0x4f c:/ti/msp430-gcc/bin/../lib/gcc/msp430-elf/9.3.1/../../../../msp430-elf/lib/large\libnosys.a(exit.o)
 .debug_abbrev  0x0000105a      0x118 c:/ti/msp430-gcc/bin/../lib/gcc/msp430-elf/9.3.1/../../../../msp430-elf/lib/large\libnosys.a(sbrk.o)
 .debug_abbrev  0x00001172       0x14 c:/ti/msp430-gcc/bin/../lib/gcc/msp430-elf/9.3.1/../../../../msp430-elf/lib/large\libnosys.a(cio.o)

.debug_line     0x00000000     0x35dc
 *(.debug_line .debug_line.* .debug_line_end)
 .debug_line    0x00000000      0x61d ./AESoperations.o
 .debug_line    0x0000061d      0x29d ./main.o
 .debug_line    0x000008ba      0xbef ./matrix_multiplication.o
 .debug_line    0x000014a9      0xcdc ./rng.o
 .debug_line    0x00002185      0x9fa ../driverlib_objs/aes256.o
 .debug_line    0x00002b7f      0x1f9 ../driverlib_objs/wdt_a.o
 .debug_line    0x00002d78      0x362 ./libPF/PF_sim.o
 .debug_line    0x000030da       0x54 c:/ti/msp430-gcc/bin/../lib/gcc/msp430-elf/9.3.1/../../../../msp430-elf/lib/large\libnosys.a(ciosyscalls.o)
 .debug_line.text.isatty
                0x0000312e       0x16 c:/ti/msp430-gcc/bin/../lib/gcc/msp430-elf/9.3.1/../../../../msp430-elf/lib/large\libnosys.a(ciosyscalls.o)
 .debug_line.text.getpid
                0x00003144       0x16 c:/ti/msp430-gcc/bin/../lib/gcc/msp430-elf/9.3.1/../../../../msp430-elf/lib/large\libnosys.a(ciosyscalls.o)
 .debug_line.text.close
                0x0000315a       0x11 c:/ti/msp430-gcc/bin/../lib/gcc/msp430-elf/9.3.1/../../../../msp430-elf/lib/large\libnosys.a(ciosyscalls.o)
 .debug_line.text.read
                0x0000316b       0x11 c:/ti/msp430-gcc/bin/../lib/gcc/msp430-elf/9.3.1/../../../../msp430-elf/lib/large\libnosys.a(ciosyscalls.o)
 .debug_line.text.fstat
                0x0000317c       0x11 c:/ti/msp430-gcc/bin/../lib/gcc/msp430-elf/9.3.1/../../../../msp430-elf/lib/large\libnosys.a(ciosyscalls.o)
 .debug_line.text.lseek
                0x0000318d       0x11 c:/ti/msp430-gcc/bin/../lib/gcc/msp430-elf/9.3.1/../../../../msp430-elf/lib/large\libnosys.a(ciosyscalls.o)
 .debug_line.text.kill
                0x0000319e       0x11 c:/ti/msp430-gcc/bin/../lib/gcc/msp430-elf/9.3.1/../../../../msp430-elf/lib/large\libnosys.a(ciosyscalls.o)
 .debug_line_end
                0x000031af        0x0 c:/ti/msp430-gcc/bin/../lib/gcc/msp430-elf/9.3.1/../../../../msp430-elf/lib/large\libnosys.a(ciosyscalls.o)
 .debug_line    0x000031af      0x13c c:/ti/msp430-gcc/bin/../lib/gcc/msp430-elf/9.3.1/../../../../msp430-elf/lib/large\libnosys.a(write.o)
 .debug_line.text.write
                0x000032eb      0x140 c:/ti/msp430-gcc/bin/../lib/gcc/msp430-elf/9.3.1/../../../../msp430-elf/lib/large\libnosys.a(write.o)
 .debug_line_end
                0x0000342b        0x0 c:/ti/msp430-gcc/bin/../lib/gcc/msp430-elf/9.3.1/../../../../msp430-elf/lib/large\libnosys.a(write.o)
 .debug_line    0x0000342b       0x4d c:/ti/msp430-gcc/bin/../lib/gcc/msp430-elf/9.3.1/../../../../msp430-elf/lib/large\libnosys.a(exit.o)
 .debug_line.text.exit
                0x00003478       0x34 c:/ti/msp430-gcc/bin/../lib/gcc/msp430-elf/9.3.1/../../../../msp430-elf/lib/large\libnosys.a(exit.o)
 .debug_line_end
                0x000034ac        0x0 c:/ti/msp430-gcc/bin/../lib/gcc/msp430-elf/9.3.1/../../../../msp430-elf/lib/large\libnosys.a(exit.o)
 .debug_line    0x000034ac       0x4d c:/ti/msp430-gcc/bin/../lib/gcc/msp430-elf/9.3.1/../../../../msp430-elf/lib/large\libnosys.a(sbrk.o)
 .debug_line.text._sbrk
                0x000034f9       0x81 c:/ti/msp430-gcc/bin/../lib/gcc/msp430-elf/9.3.1/../../../../msp430-elf/lib/large\libnosys.a(sbrk.o)
 .debug_line_end
                0x0000357a        0x0 c:/ti/msp430-gcc/bin/../lib/gcc/msp430-elf/9.3.1/../../../../msp430-elf/lib/large\libnosys.a(sbrk.o)
 .debug_line    0x0000357a       0x62 c:/ti/msp430-gcc/bin/../lib/gcc/msp430-elf/9.3.1/../../../../msp430-elf/lib/large\libnosys.a(cio.o)
 .debug_line_end
                0x000035dc        0x0 c:/ti/msp430-gcc/bin/../lib/gcc/msp430-elf/9.3.1/../../../../msp430-elf/lib/large\libnosys.a(cio.o)

.debug_frame    0x00000000      0x99c
 *(.debug_frame)
 .debug_frame   0x00000000      0x168 ./AESoperations.o
 .debug_frame   0x00000168       0x74 ./main.o
 .debug_frame   0x000001dc      0x1c8 ./matrix_multiplication.o
 .debug_frame   0x000003a4      0x1c0 ./rng.o
 .debug_frame   0x00000564      0x28c ../driverlib_objs/aes256.o
 .debug_frame   0x000007f0       0x64 ../driverlib_objs/wdt_a.o
 .debug_frame   0x00000854       0x8c ./libPF/PF_sim.o
 .debug_frame   0x000008e0       0x64 c:/ti/msp430-gcc/bin/../lib/gcc/msp430-elf/9.3.1/../../../../msp430-elf/lib/large\libnosys.a(write.o)
 .debug_frame   0x00000944       0x24 c:/ti/msp430-gcc/bin/../lib/gcc/msp430-elf/9.3.1/../../../../msp430-elf/lib/large\libnosys.a(exit.o)
 .debug_frame   0x00000968       0x34 c:/ti/msp430-gcc/bin/../lib/gcc/msp430-elf/9.3.1/../../../../msp430-elf/lib/large\libnosys.a(sbrk.o)

.debug_str      0x00000000     0x46cb
 *(.debug_str)
 .debug_str     0x00000000     0x3ec1 ./AESoperations.o
                               0x3f45 (size before relaxing)
 .debug_str     0x00003ec1       0x57 ./main.o
                               0x3e4d (size before relaxing)
 .debug_str     0x00003f18      0x18c ./matrix_multiplication.o
                               0x3f9b (size before relaxing)
 .debug_str     0x000040a4      0x144 ./rng.o
                               0x3ac7 (size before relaxing)
 .debug_str     0x000041e8      0x1d0 ../driverlib_objs/aes256.o
                               0x3b48 (size before relaxing)
 .debug_str     0x000043b8       0x89 ../driverlib_objs/wdt_a.o
                               0x39f9 (size before relaxing)
 .debug_str     0x00004441       0x64 ./libPF/PF_sim.o
                               0x3dcc (size before relaxing)
 .debug_str     0x000044a5       0xa7 c:/ti/msp430-gcc/bin/../lib/gcc/msp430-elf/9.3.1/../../../../msp430-elf/lib/large\libnosys.a(ciosyscalls.o)
 .debug_str     0x0000454c       0xdb c:/ti/msp430-gcc/bin/../lib/gcc/msp430-elf/9.3.1/../../../../msp430-elf/lib/large\libnosys.a(write.o)
                                0x5a9 (size before relaxing)
 .debug_str     0x00004627       0x34 c:/ti/msp430-gcc/bin/../lib/gcc/msp430-elf/9.3.1/../../../../msp430-elf/lib/large\libnosys.a(exit.o)
                                 0x94 (size before relaxing)
 .debug_str     0x0000465b       0x44 c:/ti/msp430-gcc/bin/../lib/gcc/msp430-elf/9.3.1/../../../../msp430-elf/lib/large\libnosys.a(sbrk.o)
                                 0xaa (size before relaxing)
 .debug_str     0x0000469f       0x2c c:/ti/msp430-gcc/bin/../lib/gcc/msp430-elf/9.3.1/../../../../msp430-elf/lib/large\libnosys.a(cio.o)
                                 0x9f (size before relaxing)

.debug_loc      0x00000000     0x1287
 *(.debug_loc)
 .debug_loc     0x00000000      0x303 ./AESoperations.o
 .debug_loc     0x00000303      0x559 ./matrix_multiplication.o
 .debug_loc     0x0000085c      0x4a2 ./rng.o
 .debug_loc     0x00000cfe      0x3ad ../driverlib_objs/aes256.o
 .debug_loc     0x000010ab       0x72 ../driverlib_objs/wdt_a.o
 .debug_loc     0x0000111d       0xfb c:/ti/msp430-gcc/bin/../lib/gcc/msp430-elf/9.3.1/../../../../msp430-elf/lib/large\libnosys.a(write.o)
 .debug_loc     0x00001218       0x6f c:/ti/msp430-gcc/bin/../lib/gcc/msp430-elf/9.3.1/../../../../msp430-elf/lib/large\libnosys.a(sbrk.o)

.debug_macinfo
 *(.debug_macinfo)

.debug_weaknames
 *(.debug_weaknames)

.debug_funcnames
 *(.debug_funcnames)

.debug_typenames
 *(.debug_typenames)

.debug_varnames
 *(.debug_varnames)

.debug_pubtypes
 *(.debug_pubtypes)

.debug_ranges   0x00000000      0x130
 *(.debug_ranges)
 .debug_ranges  0x00000000       0x48 ./AESoperations.o
 .debug_ranges  0x00000048       0x18 ./matrix_multiplication.o
 .debug_ranges  0x00000060       0x18 ./libPF/PF_sim.o
 .debug_ranges  0x00000078       0x50 c:/ti/msp430-gcc/bin/../lib/gcc/msp430-elf/9.3.1/../../../../msp430-elf/lib/large\libnosys.a(ciosyscalls.o)
 .debug_ranges  0x000000c8       0x48 c:/ti/msp430-gcc/bin/../lib/gcc/msp430-elf/9.3.1/../../../../msp430-elf/lib/large\libnosys.a(write.o)
 .debug_ranges  0x00000110       0x10 c:/ti/msp430-gcc/bin/../lib/gcc/msp430-elf/9.3.1/../../../../msp430-elf/lib/large\libnosys.a(exit.o)
 .debug_ranges  0x00000120       0x10 c:/ti/msp430-gcc/bin/../lib/gcc/msp430-elf/9.3.1/../../../../msp430-elf/lib/large\libnosys.a(sbrk.o)

.debug_macro
 *(.debug_macro)

/DISCARD/
 *(.note.GNU-stack)
                0x00000001                ASSERT ((LENGTH (FRAM) >= (__persistent_end - __persistent_start)), FRAM memory overflowed !)
                [!provide]                PROVIDE (ADC12CTL0 = 0x800)
                [!provide]                PROVIDE (ADC12CTL0_L = 0x800)
                [!provide]                PROVIDE (ADC12CTL0_H = 0x801)
                [!provide]                PROVIDE (ADC12CTL1 = 0x802)
                [!provide]                PROVIDE (ADC12CTL1_L = 0x802)
                [!provide]                PROVIDE (ADC12CTL1_H = 0x803)
                [!provide]                PROVIDE (ADC12CTL2 = 0x804)
                [!provide]                PROVIDE (ADC12CTL2_L = 0x804)
                [!provide]                PROVIDE (ADC12CTL2_H = 0x805)
                [!provide]                PROVIDE (ADC12CTL3 = 0x806)
                [!provide]                PROVIDE (ADC12CTL3_L = 0x806)
                [!provide]                PROVIDE (ADC12CTL3_H = 0x807)
                [!provide]                PROVIDE (ADC12LO = 0x808)
                [!provide]                PROVIDE (ADC12LO_L = 0x808)
                [!provide]                PROVIDE (ADC12LO_H = 0x809)
                [!provide]                PROVIDE (ADC12HI = 0x80a)
                [!provide]                PROVIDE (ADC12HI_L = 0x80a)
                [!provide]                PROVIDE (ADC12HI_H = 0x80b)
                [!provide]                PROVIDE (ADC12IFGR0 = 0x80c)
                [!provide]                PROVIDE (ADC12IFGR0_L = 0x80c)
                [!provide]                PROVIDE (ADC12IFGR0_H = 0x80d)
                [!provide]                PROVIDE (ADC12IFGR1 = 0x80e)
                [!provide]                PROVIDE (ADC12IFGR1_L = 0x80e)
                [!provide]                PROVIDE (ADC12IFGR1_H = 0x80f)
                [!provide]                PROVIDE (ADC12IFGR2 = 0x810)
                [!provide]                PROVIDE (ADC12IFGR2_L = 0x810)
                [!provide]                PROVIDE (ADC12IFGR2_H = 0x811)
                [!provide]                PROVIDE (ADC12IER0 = 0x812)
                [!provide]                PROVIDE (ADC12IER0_L = 0x812)
                [!provide]                PROVIDE (ADC12IER0_H = 0x813)
                [!provide]                PROVIDE (ADC12IER1 = 0x814)
                [!provide]                PROVIDE (ADC12IER1_L = 0x814)
                [!provide]                PROVIDE (ADC12IER1_H = 0x815)
                [!provide]                PROVIDE (ADC12IER2 = 0x816)
                [!provide]                PROVIDE (ADC12IER2_L = 0x816)
                [!provide]                PROVIDE (ADC12IER2_H = 0x817)
                [!provide]                PROVIDE (ADC12IV = 0x818)
                [!provide]                PROVIDE (ADC12IV_L = 0x818)
                [!provide]                PROVIDE (ADC12IV_H = 0x819)
                [!provide]                PROVIDE (ADC12MCTL0 = 0x820)
                [!provide]                PROVIDE (ADC12MCTL0_L = 0x820)
                [!provide]                PROVIDE (ADC12MCTL0_H = 0x821)
                [!provide]                PROVIDE (ADC12MCTL1 = 0x822)
                [!provide]                PROVIDE (ADC12MCTL1_L = 0x822)
                [!provide]                PROVIDE (ADC12MCTL1_H = 0x823)
                [!provide]                PROVIDE (ADC12MCTL2 = 0x824)
                [!provide]                PROVIDE (ADC12MCTL2_L = 0x824)
                [!provide]                PROVIDE (ADC12MCTL2_H = 0x825)
                [!provide]                PROVIDE (ADC12MCTL3 = 0x826)
                [!provide]                PROVIDE (ADC12MCTL3_L = 0x826)
                [!provide]                PROVIDE (ADC12MCTL3_H = 0x827)
                [!provide]                PROVIDE (ADC12MCTL4 = 0x828)
                [!provide]                PROVIDE (ADC12MCTL4_L = 0x828)
                [!provide]                PROVIDE (ADC12MCTL4_H = 0x829)
                [!provide]                PROVIDE (ADC12MCTL5 = 0x82a)
                [!provide]                PROVIDE (ADC12MCTL5_L = 0x82a)
                [!provide]                PROVIDE (ADC12MCTL5_H = 0x82b)
                [!provide]                PROVIDE (ADC12MCTL6 = 0x82c)
                [!provide]                PROVIDE (ADC12MCTL6_L = 0x82c)
                [!provide]                PROVIDE (ADC12MCTL6_H = 0x82d)
                [!provide]                PROVIDE (ADC12MCTL7 = 0x82e)
                [!provide]                PROVIDE (ADC12MCTL7_L = 0x82e)
                [!provide]                PROVIDE (ADC12MCTL7_H = 0x82f)
                [!provide]                PROVIDE (ADC12MCTL8 = 0x830)
                [!provide]                PROVIDE (ADC12MCTL8_L = 0x830)
                [!provide]                PROVIDE (ADC12MCTL8_H = 0x831)
                [!provide]                PROVIDE (ADC12MCTL9 = 0x832)
                [!provide]                PROVIDE (ADC12MCTL9_L = 0x832)
                [!provide]                PROVIDE (ADC12MCTL9_H = 0x833)
                [!provide]                PROVIDE (ADC12MCTL10 = 0x834)
                [!provide]                PROVIDE (ADC12MCTL10_L = 0x834)
                [!provide]                PROVIDE (ADC12MCTL10_H = 0x835)
                [!provide]                PROVIDE (ADC12MCTL11 = 0x836)
                [!provide]                PROVIDE (ADC12MCTL11_L = 0x836)
                [!provide]                PROVIDE (ADC12MCTL11_H = 0x837)
                [!provide]                PROVIDE (ADC12MCTL12 = 0x838)
                [!provide]                PROVIDE (ADC12MCTL12_L = 0x838)
                [!provide]                PROVIDE (ADC12MCTL12_H = 0x839)
                [!provide]                PROVIDE (ADC12MCTL13 = 0x83a)
                [!provide]                PROVIDE (ADC12MCTL13_L = 0x83a)
                [!provide]                PROVIDE (ADC12MCTL13_H = 0x83b)
                [!provide]                PROVIDE (ADC12MCTL14 = 0x83c)
                [!provide]                PROVIDE (ADC12MCTL14_L = 0x83c)
                [!provide]                PROVIDE (ADC12MCTL14_H = 0x83d)
                [!provide]                PROVIDE (ADC12MCTL15 = 0x83e)
                [!provide]                PROVIDE (ADC12MCTL15_L = 0x83e)
                [!provide]                PROVIDE (ADC12MCTL15_H = 0x83f)
                [!provide]                PROVIDE (ADC12MCTL16 = 0x840)
                [!provide]                PROVIDE (ADC12MCTL16_L = 0x840)
                [!provide]                PROVIDE (ADC12MCTL16_H = 0x841)
                [!provide]                PROVIDE (ADC12MCTL17 = 0x842)
                [!provide]                PROVIDE (ADC12MCTL17_L = 0x842)
                [!provide]                PROVIDE (ADC12MCTL17_H = 0x843)
                [!provide]                PROVIDE (ADC12MCTL18 = 0x844)
                [!provide]                PROVIDE (ADC12MCTL18_L = 0x844)
                [!provide]                PROVIDE (ADC12MCTL18_H = 0x845)
                [!provide]                PROVIDE (ADC12MCTL19 = 0x846)
                [!provide]                PROVIDE (ADC12MCTL19_L = 0x846)
                [!provide]                PROVIDE (ADC12MCTL19_H = 0x847)
                [!provide]                PROVIDE (ADC12MCTL20 = 0x848)
                [!provide]                PROVIDE (ADC12MCTL20_L = 0x848)
                [!provide]                PROVIDE (ADC12MCTL20_H = 0x849)
                [!provide]                PROVIDE (ADC12MCTL21 = 0x84a)
                [!provide]                PROVIDE (ADC12MCTL21_L = 0x84a)
                [!provide]                PROVIDE (ADC12MCTL21_H = 0x84b)
                [!provide]                PROVIDE (ADC12MCTL22 = 0x84c)
                [!provide]                PROVIDE (ADC12MCTL22_L = 0x84c)
                [!provide]                PROVIDE (ADC12MCTL22_H = 0x84d)
                [!provide]                PROVIDE (ADC12MCTL23 = 0x84e)
                [!provide]                PROVIDE (ADC12MCTL23_L = 0x84e)
                [!provide]                PROVIDE (ADC12MCTL23_H = 0x84f)
                [!provide]                PROVIDE (ADC12MCTL24 = 0x850)
                [!provide]                PROVIDE (ADC12MCTL24_L = 0x850)
                [!provide]                PROVIDE (ADC12MCTL24_H = 0x851)
                [!provide]                PROVIDE (ADC12MCTL25 = 0x852)
                [!provide]                PROVIDE (ADC12MCTL25_L = 0x852)
                [!provide]                PROVIDE (ADC12MCTL25_H = 0x853)
                [!provide]                PROVIDE (ADC12MCTL26 = 0x854)
                [!provide]                PROVIDE (ADC12MCTL26_L = 0x854)
                [!provide]                PROVIDE (ADC12MCTL26_H = 0x855)
                [!provide]                PROVIDE (ADC12MCTL27 = 0x856)
                [!provide]                PROVIDE (ADC12MCTL27_L = 0x856)
                [!provide]                PROVIDE (ADC12MCTL27_H = 0x857)
                [!provide]                PROVIDE (ADC12MCTL28 = 0x858)
                [!provide]                PROVIDE (ADC12MCTL28_L = 0x858)
                [!provide]                PROVIDE (ADC12MCTL28_H = 0x859)
                [!provide]                PROVIDE (ADC12MCTL29 = 0x85a)
                [!provide]                PROVIDE (ADC12MCTL29_L = 0x85a)
                [!provide]                PROVIDE (ADC12MCTL29_H = 0x85b)
                [!provide]                PROVIDE (ADC12MCTL30 = 0x85c)
                [!provide]                PROVIDE (ADC12MCTL30_L = 0x85c)
                [!provide]                PROVIDE (ADC12MCTL30_H = 0x85d)
                [!provide]                PROVIDE (ADC12MCTL31 = 0x85e)
                [!provide]                PROVIDE (ADC12MCTL31_L = 0x85e)
                [!provide]                PROVIDE (ADC12MCTL31_H = 0x85f)
                [!provide]                PROVIDE (ADC12MEM0 = 0x860)
                [!provide]                PROVIDE (ADC12MEM0_L = 0x860)
                [!provide]                PROVIDE (ADC12MEM0_H = 0x861)
                [!provide]                PROVIDE (ADC12MEM1 = 0x862)
                [!provide]                PROVIDE (ADC12MEM1_L = 0x862)
                [!provide]                PROVIDE (ADC12MEM1_H = 0x863)
                [!provide]                PROVIDE (ADC12MEM2 = 0x864)
                [!provide]                PROVIDE (ADC12MEM2_L = 0x864)
                [!provide]                PROVIDE (ADC12MEM2_H = 0x865)
                [!provide]                PROVIDE (ADC12MEM3 = 0x866)
                [!provide]                PROVIDE (ADC12MEM3_L = 0x866)
                [!provide]                PROVIDE (ADC12MEM3_H = 0x867)
                [!provide]                PROVIDE (ADC12MEM4 = 0x868)
                [!provide]                PROVIDE (ADC12MEM4_L = 0x868)
                [!provide]                PROVIDE (ADC12MEM4_H = 0x869)
                [!provide]                PROVIDE (ADC12MEM5 = 0x86a)
                [!provide]                PROVIDE (ADC12MEM5_L = 0x86a)
                [!provide]                PROVIDE (ADC12MEM5_H = 0x86b)
                [!provide]                PROVIDE (ADC12MEM6 = 0x86c)
                [!provide]                PROVIDE (ADC12MEM6_L = 0x86c)
                [!provide]                PROVIDE (ADC12MEM6_H = 0x86d)
                [!provide]                PROVIDE (ADC12MEM7 = 0x86e)
                [!provide]                PROVIDE (ADC12MEM7_L = 0x86e)
                [!provide]                PROVIDE (ADC12MEM7_H = 0x86f)
                [!provide]                PROVIDE (ADC12MEM8 = 0x870)
                [!provide]                PROVIDE (ADC12MEM8_L = 0x870)
                [!provide]                PROVIDE (ADC12MEM8_H = 0x871)
                [!provide]                PROVIDE (ADC12MEM9 = 0x872)
                [!provide]                PROVIDE (ADC12MEM9_L = 0x872)
                [!provide]                PROVIDE (ADC12MEM9_H = 0x873)
                [!provide]                PROVIDE (ADC12MEM10 = 0x874)
                [!provide]                PROVIDE (ADC12MEM10_L = 0x874)
                [!provide]                PROVIDE (ADC12MEM10_H = 0x875)
                [!provide]                PROVIDE (ADC12MEM11 = 0x876)
                [!provide]                PROVIDE (ADC12MEM11_L = 0x876)
                [!provide]                PROVIDE (ADC12MEM11_H = 0x877)
                [!provide]                PROVIDE (ADC12MEM12 = 0x878)
                [!provide]                PROVIDE (ADC12MEM12_L = 0x878)
                [!provide]                PROVIDE (ADC12MEM12_H = 0x879)
                [!provide]                PROVIDE (ADC12MEM13 = 0x87a)
                [!provide]                PROVIDE (ADC12MEM13_L = 0x87a)
                [!provide]                PROVIDE (ADC12MEM13_H = 0x87b)
                [!provide]                PROVIDE (ADC12MEM14 = 0x87c)
                [!provide]                PROVIDE (ADC12MEM14_L = 0x87c)
                [!provide]                PROVIDE (ADC12MEM14_H = 0x87d)
                [!provide]                PROVIDE (ADC12MEM15 = 0x87e)
                [!provide]                PROVIDE (ADC12MEM15_L = 0x87e)
                [!provide]                PROVIDE (ADC12MEM15_H = 0x87f)
                [!provide]                PROVIDE (ADC12MEM16 = 0x880)
                [!provide]                PROVIDE (ADC12MEM16_L = 0x880)
                [!provide]                PROVIDE (ADC12MEM16_H = 0x881)
                [!provide]                PROVIDE (ADC12MEM17 = 0x882)
                [!provide]                PROVIDE (ADC12MEM17_L = 0x882)
                [!provide]                PROVIDE (ADC12MEM17_H = 0x883)
                [!provide]                PROVIDE (ADC12MEM18 = 0x884)
                [!provide]                PROVIDE (ADC12MEM18_L = 0x884)
                [!provide]                PROVIDE (ADC12MEM18_H = 0x885)
                [!provide]                PROVIDE (ADC12MEM19 = 0x886)
                [!provide]                PROVIDE (ADC12MEM19_L = 0x886)
                [!provide]                PROVIDE (ADC12MEM19_H = 0x887)
                [!provide]                PROVIDE (ADC12MEM20 = 0x888)
                [!provide]                PROVIDE (ADC12MEM20_L = 0x888)
                [!provide]                PROVIDE (ADC12MEM20_H = 0x889)
                [!provide]                PROVIDE (ADC12MEM21 = 0x88a)
                [!provide]                PROVIDE (ADC12MEM21_L = 0x88a)
                [!provide]                PROVIDE (ADC12MEM21_H = 0x88b)
                [!provide]                PROVIDE (ADC12MEM22 = 0x88c)
                [!provide]                PROVIDE (ADC12MEM22_L = 0x88c)
                [!provide]                PROVIDE (ADC12MEM22_H = 0x88d)
                [!provide]                PROVIDE (ADC12MEM23 = 0x88e)
                [!provide]                PROVIDE (ADC12MEM23_L = 0x88e)
                [!provide]                PROVIDE (ADC12MEM23_H = 0x88f)
                [!provide]                PROVIDE (ADC12MEM24 = 0x890)
                [!provide]                PROVIDE (ADC12MEM24_L = 0x890)
                [!provide]                PROVIDE (ADC12MEM24_H = 0x891)
                [!provide]                PROVIDE (ADC12MEM25 = 0x892)
                [!provide]                PROVIDE (ADC12MEM25_L = 0x892)
                [!provide]                PROVIDE (ADC12MEM25_H = 0x893)
                [!provide]                PROVIDE (ADC12MEM26 = 0x894)
                [!provide]                PROVIDE (ADC12MEM26_L = 0x894)
                [!provide]                PROVIDE (ADC12MEM26_H = 0x895)
                [!provide]                PROVIDE (ADC12MEM27 = 0x896)
                [!provide]                PROVIDE (ADC12MEM27_L = 0x896)
                [!provide]                PROVIDE (ADC12MEM27_H = 0x897)
                [!provide]                PROVIDE (ADC12MEM28 = 0x898)
                [!provide]                PROVIDE (ADC12MEM28_L = 0x898)
                [!provide]                PROVIDE (ADC12MEM28_H = 0x899)
                [!provide]                PROVIDE (ADC12MEM29 = 0x89a)
                [!provide]                PROVIDE (ADC12MEM29_L = 0x89a)
                [!provide]                PROVIDE (ADC12MEM29_H = 0x89b)
                [!provide]                PROVIDE (ADC12MEM30 = 0x89c)
                [!provide]                PROVIDE (ADC12MEM30_L = 0x89c)
                [!provide]                PROVIDE (ADC12MEM30_H = 0x89d)
                [!provide]                PROVIDE (ADC12MEM31 = 0x89e)
                [!provide]                PROVIDE (ADC12MEM31_L = 0x89e)
                [!provide]                PROVIDE (ADC12MEM31_H = 0x89f)
                0x000009c0                PROVIDE (AESACTL0 = 0x9c0)
                [!provide]                PROVIDE (AESACTL0_L = 0x9c0)
                [!provide]                PROVIDE (AESACTL0_H = 0x9c1)
                [!provide]                PROVIDE (AESACTL1 = 0x9c2)
                [!provide]                PROVIDE (AESACTL1_L = 0x9c2)
                [!provide]                PROVIDE (AESACTL1_H = 0x9c3)
                0x000009c4                PROVIDE (AESASTAT = 0x9c4)
                [!provide]                PROVIDE (AESASTAT_L = 0x9c4)
                [!provide]                PROVIDE (AESASTAT_H = 0x9c5)
                0x000009c6                PROVIDE (AESAKEY = 0x9c6)
                [!provide]                PROVIDE (AESAKEY_L = 0x9c6)
                [!provide]                PROVIDE (AESAKEY_H = 0x9c7)
                0x000009c8                PROVIDE (AESADIN = 0x9c8)
                [!provide]                PROVIDE (AESADIN_L = 0x9c8)
                [!provide]                PROVIDE (AESADIN_H = 0x9c9)
                0x000009ca                PROVIDE (AESADOUT = 0x9ca)
                [!provide]                PROVIDE (AESADOUT_L = 0x9ca)
                [!provide]                PROVIDE (AESADOUT_H = 0x9cb)
                [!provide]                PROVIDE (AESAXDIN = 0x9cc)
                [!provide]                PROVIDE (AESAXDIN_L = 0x9cc)
                [!provide]                PROVIDE (AESAXDIN_H = 0x9cd)
                [!provide]                PROVIDE (AESAXIN = 0x9ce)
                [!provide]                PROVIDE (AESAXIN_L = 0x9ce)
                [!provide]                PROVIDE (AESAXIN_H = 0x9cf)
                [!provide]                PROVIDE (CAPTIO0CTL = 0x43e)
                [!provide]                PROVIDE (CAPTIO0CTL_L = 0x43e)
                [!provide]                PROVIDE (CAPTIO0CTL_H = 0x43f)
                [!provide]                PROVIDE (CAPTIO1CTL = 0x47e)
                [!provide]                PROVIDE (CAPTIO1CTL_L = 0x47e)
                [!provide]                PROVIDE (CAPTIO1CTL_H = 0x47f)
                [!provide]                PROVIDE (CECTL0 = 0x8c0)
                [!provide]                PROVIDE (CECTL0_L = 0x8c0)
                [!provide]                PROVIDE (CECTL0_H = 0x8c1)
                [!provide]                PROVIDE (CECTL1 = 0x8c2)
                [!provide]                PROVIDE (CECTL1_L = 0x8c2)
                [!provide]                PROVIDE (CECTL1_H = 0x8c3)
                [!provide]                PROVIDE (CECTL2 = 0x8c4)
                [!provide]                PROVIDE (CECTL2_L = 0x8c4)
                [!provide]                PROVIDE (CECTL2_H = 0x8c5)
                [!provide]                PROVIDE (CECTL3 = 0x8c6)
                [!provide]                PROVIDE (CECTL3_L = 0x8c6)
                [!provide]                PROVIDE (CECTL3_H = 0x8c7)
                [!provide]                PROVIDE (CEINT = 0x8cc)
                [!provide]                PROVIDE (CEINT_L = 0x8cc)
                [!provide]                PROVIDE (CEINT_H = 0x8cd)
                [!provide]                PROVIDE (CEIV = 0x8ce)
                [!provide]                PROVIDE (CEIV_L = 0x8ce)
                [!provide]                PROVIDE (CEIV_H = 0x8cf)
                [!provide]                PROVIDE (CRCDI = 0x150)
                [!provide]                PROVIDE (CRCDI_L = 0x150)
                [!provide]                PROVIDE (CRCDI_H = 0x151)
                [!provide]                PROVIDE (CRCDIRB = 0x152)
                [!provide]                PROVIDE (CRCDIRB_L = 0x152)
                [!provide]                PROVIDE (CRCDIRB_H = 0x153)
                [!provide]                PROVIDE (CRCINIRES = 0x154)
                [!provide]                PROVIDE (CRCINIRES_L = 0x154)
                [!provide]                PROVIDE (CRCINIRES_H = 0x155)
                [!provide]                PROVIDE (CRCRESR = 0x156)
                [!provide]                PROVIDE (CRCRESR_L = 0x156)
                [!provide]                PROVIDE (CRCRESR_H = 0x157)
                [!provide]                PROVIDE (CRC32DIW0 = 0x980)
                [!provide]                PROVIDE (CRC32DIW0_L = 0x980)
                [!provide]                PROVIDE (CRC32DIW0_H = 0x981)
                [!provide]                PROVIDE (CRC32DIW1 = 0x982)
                [!provide]                PROVIDE (CRC32DIW1_L = 0x982)
                [!provide]                PROVIDE (CRC32DIW1_H = 0x983)
                [!provide]                PROVIDE (CRC32DIRBW1 = 0x984)
                [!provide]                PROVIDE (CRC32DIRBW1_L = 0x984)
                [!provide]                PROVIDE (CRC32DIRBW1_H = 0x985)
                [!provide]                PROVIDE (CRC32DIRBW0 = 0x986)
                [!provide]                PROVIDE (CRC32DIRBW0_L = 0x986)
                [!provide]                PROVIDE (CRC32DIRBW0_H = 0x987)
                [!provide]                PROVIDE (CRC32INIRESW0 = 0x988)
                [!provide]                PROVIDE (CRC32INIRESW0_L = 0x988)
                [!provide]                PROVIDE (CRC32INIRESW0_H = 0x989)
                [!provide]                PROVIDE (CRC32INIRESW1 = 0x98a)
                [!provide]                PROVIDE (CRC32INIRESW1_L = 0x98a)
                [!provide]                PROVIDE (CRC32INIRESW1_H = 0x98b)
                [!provide]                PROVIDE (CRC32RESRW1 = 0x98c)
                [!provide]                PROVIDE (CRC32RESRW1_L = 0x98c)
                [!provide]                PROVIDE (CRC32RESRW1_H = 0x98d)
                [!provide]                PROVIDE (CRC32RESRW0 = 0x98e)
                [!provide]                PROVIDE (CRC32RESRW0_L = 0x98e)
                [!provide]                PROVIDE (CRC32RESRW0_H = 0x98f)
                [!provide]                PROVIDE (CRC16DIW0 = 0x990)
                [!provide]                PROVIDE (CRC16DIW0_L = 0x990)
                [!provide]                PROVIDE (CRC16DIW0_H = 0x991)
                [!provide]                PROVIDE (CRC16DIRBW0 = 0x996)
                [!provide]                PROVIDE (CRC16DIRBW0_L = 0x996)
                [!provide]                PROVIDE (CRC16DIRBW0_H = 0x997)
                [!provide]                PROVIDE (CRC16INIRESW0 = 0x998)